******************************************************************************
                  TI ARM Linker Unix v16.9.3                   
******************************************************************************
>> Linked Fri Sep  8 12:21:04 2017

OUTPUT FILE NAME:   <blinky.out>
ENTRY POINT SYMBOL: "_c_int00"  address: 00000579


MEMORY CONFIGURATION

         name            origin    length      used     unused   attr    fill
----------------------  --------  ---------  --------  --------  ----  --------
  FLASH                 00000000   00040000  00000790  0003f870  R  X
  SRAM                  20000000   00008000  00000218  00007de8  RW X


SEGMENT ALLOCATION MAP

run origin  load origin   length   init length attrs members
----------  ----------- ---------- ----------- ----- -------
00000000    00000000    00000794   00000794    r-x
  00000000    00000000    0000026c   0000026c    r-- .intvecs
  0000026c    0000026c    00000500   00000500    r-x .text
  00000770    00000770    00000024   00000024    r-- .cinit
20000000    20000000    00000218   00000000    rw-
  20000000    20000000    00000200   00000000    rw- .stack
  20000200    20000200    00000018   00000000    rw- .data


SECTION ALLOCATION MAP

 output                                  attributes/
section   page    origin      length       input sections
--------  ----  ----------  ----------   ----------------
.intvecs   0    00000000    0000026c     
                  00000000    0000026c     startup_ccs.obj (.intvecs)

.text      0    0000026c    00000500     
                  0000026c    00000132     driverlib.lib : gpio.obj (.text:GPIOPadConfigSet)
                  0000039e    0000009c     rtsv7M4_T_le_v4SPD16_eabi.lib : memcpy_t2.obj (.text)
                  0000043a    00000002     startup_ccs.obj (.text:FaultISR)
                  0000043c    00000070     rtsv7M4_T_le_v4SPD16_eabi.lib : autoinit.obj (.text)
                  000004ac    00000068                                   : copy_decompress_lzss.obj (.text:decompress:lzss)
                  00000514    00000064     blinky.obj (.text:main)
                  00000578    00000054     rtsv7M4_T_le_v4SPD16_eabi.lib : boot.obj (.text)
                  000005cc    00000054                                   : exit.obj (.text)
                  00000620    0000004c                                   : cpy_tbl.obj (.text)
                  0000066c    00000038     driverlib.lib : sysctl.obj (.text:SysCtlPeripheralReady)
                  000006a4    00000034                   : sysctl.obj (.text:SysCtlPeripheralEnable)
                  000006d8    0000002a                   : gpio.obj (.text:GPIODirModeSet)
                  00000702    00000018                   : gpio.obj (.text:GPIOPinTypeGPIOOutput)
                  0000071a    00000002     startup_ccs.obj (.text:IntDefaultHandler)
                  0000071c    00000018     rtsv7M4_T_le_v4SPD16_eabi.lib : args_main.obj (.text)
                  00000734    00000014                                   : _lock.obj (.text)
                  00000748    0000000e                                   : copy_decompress_none.obj (.text:decompress:none)
                  00000756    00000006     driverlib.lib : gpio.obj (.text:GPIOPinWrite)
                  0000075c    00000006     startup_ccs.obj (.text:ResetISR)
                  00000762    00000004     rtsv7M4_T_le_v4SPD16_eabi.lib : pre_init.obj (.text)
                  00000766    00000002     startup_ccs.obj (.text:NmiSR)
                  00000768    00000002     rtsv7M4_T_le_v4SPD16_eabi.lib : mpu_init.obj (.text)
                  0000076a    00000002                                   : startup.obj (.text)

.cinit     0    00000770    00000024     
                  00000770    00000011     (.cinit..data.load) [load image, compression = lzss]
                  00000781    00000003     --HOLE-- [fill = 0]
                  00000784    00000008     (__TI_handler_table)
                  0000078c    00000008     (__TI_cinit_table)

.init_array 
*          0    00000000    00000000     UNINITIALIZED

.data      0    20000200    00000018     UNINITIALIZED
                  20000200    0000000c     rtsv7M4_T_le_v4SPD16_eabi.lib : exit.obj (.data:$O1$$)
                  2000020c    00000008                                   : _lock.obj (.data:$O1$$)
                  20000214    00000004                                   : stkdepth_vars.obj (.data)

.stack     0    20000000    00000200     UNINITIALIZED
                  20000000    00000200     --HOLE--

MODULE SUMMARY

       Module                     code   ro data   rw data
       ------                     ----   -------   -------
    ./
       startup_ccs.obj            12     620       0      
       blinky.obj                 100    0         0      
    +--+--------------------------+------+---------+---------+
       Total:                     112    620       0      
                                                          
    /home/roy/ti/TivaWare_C_Series-2.1.3.156/driverlib/ccs/Debug/driverlib.lib
       gpio.obj                   378    0         0      
       sysctl.obj                 108    0         0      
    +--+--------------------------+------+---------+---------+
       Total:                     486    0         0      
                                                          
    /opt/ti/ccsv7/tools/compiler/ti-cgt-arm_16.9.3.LTS/lib/rtsv7M4_T_le_v4SPD16_eabi.lib
       memcpy_t2.obj              156    0         0      
       autoinit.obj               112    0         0      
       copy_decompress_lzss.obj   104    0         0      
       exit.obj                   84     0         12     
       boot.obj                   84     0         0      
       cpy_tbl.obj                76     0         0      
       _lock.obj                  20     0         8      
       args_main.obj              24     0         0      
       copy_decompress_none.obj   14     0         0      
       pre_init.obj               4      0         0      
       stkdepth_vars.obj          0      0         4      
       mpu_init.obj               2      0         0      
       startup.obj                2      0         0      
    +--+--------------------------+------+---------+---------+
       Total:                     682    0         24     
                                                          
       Stack:                     0      0         512    
       Linker Generated:          0      33        0      
    +--+--------------------------+------+---------+---------+
       Grand Total:               1280   653       536    


LINKER GENERATED COPY TABLES

__TI_cinit_table @ 0000078c records: 1, size/record: 8, table size: 8
	.data: load addr=00000770, load size=00000011 bytes, run addr=20000200, run size=00000018 bytes, compression=lzss


LINKER GENERATED HANDLER TABLE

__TI_handler_table @ 00000784 records: 2, size/record: 4, table size: 8
	index: 0, handler: __TI_decompress_lzss
	index: 1, handler: __TI_decompress_none


GLOBAL SYMBOLS: SORTED ALPHABETICALLY BY Name 

address   name                           
-------   ----                           
000005cd  C$$EXIT                        
000006d9  GPIODirModeSet                 
0000026d  GPIOPadConfigSet               
00000703  GPIOPinTypeGPIOOutput          
00000757  GPIOPinWrite                   
0000075d  ResetISR                       
UNDEFED   SHT$$INIT_ARRAY$$Base          
UNDEFED   SHT$$INIT_ARRAY$$Limit         
000006a5  SysCtlPeripheralEnable         
0000066d  SysCtlPeripheralReady          
20000200  __STACK_END                    
00000200  __STACK_SIZE                   
20000200  __STACK_TOP                    
0000078c  __TI_CINIT_Base                
00000794  __TI_CINIT_Limit               
00000784  __TI_Handler_Table_Base        
0000078c  __TI_Handler_Table_Limit       
0000043d  __TI_auto_init                 
20000200  __TI_cleanup_ptr               
000004ad  __TI_decompress_lzss           
00000749  __TI_decompress_none           
20000204  __TI_dtors_ptr                 
20000208  __TI_enable_exit_profile_output
ffffffff  __TI_pprof_out_hndl            
ffffffff  __TI_prof_data_size            
ffffffff  __TI_prof_data_start           
00000000  __TI_static_base__             
0000039f  __aeabi_memcpy                 
0000039f  __aeabi_memcpy4                
0000039f  __aeabi_memcpy8                
ffffffff  __binit__                      
ffffffff  __c_args__                     
00000769  __mpu_init                     
20000000  __stack                        
0000071d  _args_main                     
00000579  _c_int00                       
2000020c  _lock                          
00000743  _nop                           
0000073b  _register_lock                 
00000735  _register_unlock               
0000076b  _system_post_cinit             
00000763  _system_pre_init               
20000210  _unlock                        
000005d1  abort                          
ffffffff  binit                          
00000621  copy_in                        
000005d9  exit                           
00000000  g_pfnVectors                   
00000515  main                           
20000214  main_func_sp                   
0000039f  memcpy                         


GLOBAL SYMBOLS: SORTED BY Symbol Address 

address   name                           
-------   ----                           
00000000  __TI_static_base__             
00000000  g_pfnVectors                   
00000200  __STACK_SIZE                   
0000026d  GPIOPadConfigSet               
0000039f  __aeabi_memcpy                 
0000039f  __aeabi_memcpy4                
0000039f  __aeabi_memcpy8                
0000039f  memcpy                         
0000043d  __TI_auto_init                 
000004ad  __TI_decompress_lzss           
00000515  main                           
00000579  _c_int00                       
000005cd  C$$EXIT                        
000005d1  abort                          
000005d9  exit                           
00000621  copy_in                        
0000066d  SysCtlPeripheralReady          
000006a5  SysCtlPeripheralEnable         
000006d9  GPIODirModeSet                 
00000703  GPIOPinTypeGPIOOutput          
0000071d  _args_main                     
00000735  _register_unlock               
0000073b  _register_lock                 
00000743  _nop                           
00000749  __TI_decompress_none           
00000757  GPIOPinWrite                   
0000075d  ResetISR                       
00000763  _system_pre_init               
00000769  __mpu_init                     
0000076b  _system_post_cinit             
00000784  __TI_Handler_Table_Base        
0000078c  __TI_CINIT_Base                
0000078c  __TI_Handler_Table_Limit       
00000794  __TI_CINIT_Limit               
20000000  __stack                        
20000200  __STACK_END                    
20000200  __STACK_TOP                    
20000200  __TI_cleanup_ptr               
20000204  __TI_dtors_ptr                 
20000208  __TI_enable_exit_profile_output
2000020c  _lock                          
20000210  _unlock                        
20000214  main_func_sp                   
ffffffff  __TI_pprof_out_hndl            
ffffffff  __TI_prof_data_size            
ffffffff  __TI_prof_data_start           
ffffffff  __binit__                      
ffffffff  __c_args__                     
ffffffff  binit                          
UNDEFED   SHT$$INIT_ARRAY$$Base          
UNDEFED   SHT$$INIT_ARRAY$$Limit         

[51 symbols]
