******************************************************************************
              TMS320C55x Linker Unix v4.4.1                    
******************************************************************************
>> Linked Tue Aug 29 21:03:07 2017

OUTPUT FILE NAME:   <audioLoopBackWithEcho.out>
ENTRY POINT SYMBOL: "_c_int00"  address: 0003db06


MEMORY CONFIGURATION

         name            origin    length      used     unused   attr    fill
                        (bytes)   (bytes)    (bytes)   (bytes)
----------------------  --------  ---------  --------  --------  ----  --------
PAGE 0:
  MMR                   00000000   000000c0  00000000  000000c0  RWIX
  DARAM0                000000c0   0000ff40  00005d56  0000a1ea  RWIX
  SARAM0                00010000   00010000  00000000  00010000  RWIX
  SARAM1                00020000   00020000  0001dc34  000023cc  RWIX
  SARAM2                00040000   0000fe00  00000360  0000faa0  RWIX
  VECS                  0004fe00   00000200  00000100  00000100  RWIX
  PDROM                 00ff8000   00008000  00000000  00008000  R IX

PAGE 2:
  IOPORT                00000000   00020000  00000000  00020000  RWI 


SECTION ALLOCATION MAP
(Addresses surrounded by []'s are displayed for convenience only!)

output                                                          attributes/
section   page  orgn(bytes) orgn(words) len(bytes) len(words)   input sections
--------  ----  ----------- ----------- ---------- ----------   --------------
.pinit       0   [ 00040000 ]  00020000          *   00000000   UNINITIALIZED

.stack       0   [ 000000c0 ]  00000060          *   00001000   UNINITIALIZED
                 [ 000000c0 ]  00000060          *   00001000   --HOLE--

.data        0   [ 000000c0 ]  00000060          *   00000000   UNINITIALIZED

.sysstack 
*            0   [ 000020c0 ]  00001060          *   00000800   UNINITIALIZED
                 [ 000020c0 ]  00001060          *   00000800   --HOLE--

.bss.1       0   [ 000030c0 ]  00001860          *   00000285   UNINITIALIZED
                 [ 000030c0 ]  00001860          *   00000119   rts55x.lib : defs.obj (.bss)
                 [ 000032f2 ]  00001979          *   000000d0              : trgdrv.obj (.bss)
                 [ 00003492 ]  00001a49          *   00000001              : fopen.obj (.bss)
                 [ 00003494 ]  00001a4a          *   00000071              : lowlev.obj (.bss)
                 [ 00003576 ]  00001abb          *   0000002a   cslVC5505.lib : csl_i2s.obj (.bss)

.bss.2       0   [ 000035cc ]  00001ae6          *   00000026   UNINITIALIZED
                 [ 000035cc ]  00001ae6          *   00000012   cslVC5505.lib : csl_i2c.obj (.bss)
                 [ 000035f0 ]  00001af8          *   00000006   rts55x.lib : memory.obj (.bss)
                 [ 000035fc ]  00001afe          *   00000004              : _lock.obj (.bss)
                 [ 00003604 ]  00001b02          *   00000004              : exit.obj (.bss)
                 [ 0000360c ]  00001b06          *   00000004   usbstk5505bsl.lib : usbstk5505_gpio.obj (.bss)
                 [ 00003614 ]  00001b0a          *   00000002                     : usbstk5505_i2s.obj (.bss)

.sysmem      0   [ 00003618 ]  00001b0c          *   00001000   UNINITIALIZED
                 [ 00003618 ]  00001b0c          *   00001000   --HOLE--

.const.1     0   [ 00005618 ]  00002b0c          *   00000399   
                 [ 00005618 ]  00002b0c          *   00000298   aic3204.obj (.const:.string)
                 [ 00005b48 ]  00002da4          *   00000101   rts55x.lib : ctype.obj (.const:__ctypes_)

.const.2     0   [ 00005d4c ]  00002ea6          *   00000061   
                 [ 00005d4c ]  00002ea6          *   00000026   main.obj (.const:.string)
                 [ 00005d98 ]  00002ecc          *   00000024   rts55x.lib : _printfi.obj (.const:.string)
                 [ 00005de0 ]  00002ef0          *   0000000c              : _printfi.obj (.const)
                 [ 00005df8 ]  00002efc          *   00000008              : divd.obj (.const:_initial_approx$1)
                 [ 00005e08 ]  00002f04          *   00000003              : assert.obj (.const:.string)

.const.3     0   [ 00005e10 ]  00002f08          *   00000006   
                 [ 00005e10 ]  00002f08          *   00000002   rts55x.lib : fputs.obj (.const:.string)
                 [ 00005e14 ]  00002f0a          *   00000002   main.obj (.const)
                 [ 00005e18 ]  00002f0c          *   00000002   rts55x.lib : fltlid.obj (.const)

.bss.3       0   [ 00020000 ]  00010000          *   0000bb83   UNINITIALIZED
                 [ 00020000 ]  00010000          *   0000bb83   main.obj (.bss)

.text        0     00037706  [ 0001bb83 ] 0000652e          *   
                   00037706  [ 0001bb83 ] 000015a4          *   rts55x.lib : _printfi.obj (.text)
                   00038caa  [ 0001c655 ] 00000c3c          *   cslVC5505.lib : csl_i2c.obj (.text)
                   000398e6  [ 0001cc73 ] 000009f3          *                 : csl_i2s.obj (.text)
                   0003a2d9  [ 0001d16c+] 0000068d          *                 : csl_gpio.obj (.text)
                   0003a966  [ 0001d4b3 ] 00000543          *   rts55x.lib : lowlev.obj (.text)
                   0003aea9  [ 0001d754+] 00000528          *              : trgdrv.obj (.text)
                   0003b3d1  [ 0001d9e8+] 000004b5          *              : memory.obj (.text)
                   0003b886  [ 0001dc43 ] 000003df          *   aic3204.obj (.text)
                   0003bc65  [ 0001de32+] 000003cc          *   rts55x.lib : divd.obj (.text)
                   0003c031  [ 0001e018+] 0000027f          *              : fopen.obj (.text)
                   0003c2b0  [ 0001e158 ] 0000025e          *              : llmpy.obj (.text)
                   0003c50e  [ 0001e287 ] 0000025a          *              : addd.obj (.text)
                   0003c768  [ 0001e3b4 ] 000001ea          *              : cmpd.obj (.text)
                   0003c952  [ 0001e4a9 ] 00000163          *              : fputs.obj (.text)
                   0003cab5  [ 0001e55a+] 0000014c          *              : mpyd.obj (.text)
                   0003cc01  [ 0001e600+] 00000107          *   main.obj (.text)
                   0003cd08  [ 0001e684 ] 00000107          *   usbstk5505bsl.lib : usbstk5505_i2s.obj (.text)
                   0003ce0f  [ 0001e707+] 000000e6          *   rts55x.lib : setvbuf.obj (.text)
                   0003cef5  [ 0001e77a+] 000000dd          *              : _io_perm.obj (.text)
                   0003cfd2  [ 0001e7e9 ] 000000c2          *              : fflush.obj (.text)
                   0003d094  [ 0001e84a ] 000000ba          *              : trgmsg.obj (.text:CIO_breakpoint)
                   0003d14e  [ 0001e8a7 ] 000000a6          *              : fputc.obj (.text)
                   0003d1f4  [ 0001e8fa ] 000000a1          *              : divul.obj (.text)
                   0003d295  [ 0001e94a+] 0000008e          *   usbstk5505bsl.lib : usbstk5505_i2c.obj (.text)
                   0003d323  [ 0001e991+] 0000007d          *   rts55x.lib : ltoa.obj (.text)
                   0003d3a0  [ 0001e9d0 ] 0000007b          *              : fclose.obj (.text)
                   0003d41b  [ 0001ea0d+] 00000077          *   usbstk5505bsl.lib : usbstk5505_gpio.obj (.text)
                   0003d492  [ 0001ea49 ] 00000076          *   rts55x.lib : frcmpyd.obj (.text)
                   0003d508  [ 0001ea84 ] 00000073          *              : frcmpyd_div.obj (.text)
                   0003d57b  [ 0001eabd+] 00000072          *              : remul.obj (.text)
                   0003d5ed  [ 0001eaf6+] 0000006f          *              : fixdli.obj (.text)
                   0003d65c  [ 0001eb2e ] 0000006d          *              : trgmsg.obj (.text)
                   0003d6c9  [ 0001eb64+] 0000006b          *              : fseek.obj (.text)
                   0003d734  [ 0001eb9a ] 00000067          *              : fltlid.obj (.text)
                   0003d79b  [ 0001ebcd+] 0000005c          *              : atoi.obj (.text)
                   0003d7f7  [ 0001ebfb+] 00000054          *   usbstk5505bsl.lib : usbstk5505.obj (.text)
                   0003d84b  [ 0001ec25+] 00000050          *   rts55x.lib : printf.obj (.text)
                   0003d89b  [ 0001ec4d+] 0000004d          *              : autoinit.obj (.text)
                   0003d8e8  [ 0001ec74 ] 0000004b          *              : args_main.obj (.text)
                   0003d933  [ 0001ec99+] 0000004b          *              : remli.obj (.text)
                   0003d97e  [ 0001ecbf ] 0000004a          *              : fprintf.obj (.text)
                   0003d9c8  [ 0001ece4 ] 00000048          *              : divli.obj (.text)
                   0003da10  [ 0001ed08 ] 0000003f          *              : memcpy.obj (.text)
                   0003da4f  [ 0001ed27+] 0000003e          *              : exit.obj (.text)
                   0003da8d  [ 0001ed46+] 0000003d          *              : assert.obj (.text)
                   0003daca  [ 0001ed65 ] 0000003c          *              : idiv.obj (.text)
                   0003db06  [ 0001ed83 ] 00000034          *              : boot.obj (.text)
                   0003db3a  [ 0001ed9d ] 0000002a          *              : fixdi.obj (.text)
                   0003db64  [ 0001edb2 ] 0000002a          *              : udiv.obj (.text)
                   0003db8e  [ 0001edc7 ] 00000023          *              : memccpy.obj (.text)
                   0003dbb1  [ 0001edd8+] 0000001a          *              : isinf.obj (.text)
                   0003dbcb  [ 0001ede5+] 00000014          *              : subd.obj (.text)
                   0003dbdf  [ 0001edef+] 00000013          *              : lmpy.obj (.text)
                   0003dbf2  [ 0001edf9 ] 00000012          *              : _lock.obj (.text)
                   0003dc04  [ 0001ee02 ] 00000010          *              : negd.obj (.text)
                   0003dc14  [ 0001ee0a ] 0000000c          *              : fltid.obj (.text)
                   0003dc20  [ 0001ee10 ] 0000000a          *              : remove.obj (.text)
                   0003dc2a  [ 0001ee15 ] 00000007          *              : exit.obj (.text:CIO_breakpoint)
                   0003dc31  [ 0001ee18+] 00000002          *              : vectors.obj (.text)
                   0003dc33  [ 0001ee19 ] 00000001          *   --HOLE-- [fill = 20]

.cio         0   [ 00040000 ]  00020000          *   00000120   UNINITIALIZED
                 [ 00040000 ]  00020000          *   00000120   rts55x.lib : trgmsg.obj (.cio)

.cinit       0   [ 00040240 ]  00020120          *   00000090   
                 [ 00040240 ]  00020120          *   0000002d   rts55x.lib : lowlev.obj (.cinit)
                 [ 0004029a ]  0002014d          *   0000002a              : defs.obj (.cinit)
                 [ 000402ee ]  00020177          *   00000014   main.obj (.cinit)
                 [ 00040316 ]  0002018b          *   0000000a   rts55x.lib : _lock.obj (.cinit)
                 [ 0004032a ]  00020195          *   0000000a              : exit.obj (.cinit)
                 [ 0004033e ]  0002019f          *   00000008   cslVC5505.lib : csl_i2s.obj (.cinit)
                 [ 0004034e ]  000201a7          *   00000004   rts55x.lib : fopen.obj (.cinit)
                 [ 00040356 ]  000201ab          *   00000004              : memory.obj (.cinit)
                 [ 0004035e ]  000201af          *   00000001   --HOLE-- [fill = 0]

vectors      0     0004fe00  [ 00027f00 ] 00000100          *   
                   0004fe00  [ 00027f00 ] 00000100          *   rts55x.lib : vectors.obj (vectors)


GLOBAL SYMBOLS: SORTED ALPHABETICALLY BY Name 

abs. value/
byte addr   word addr   name
---------   ---------   ----
00000002                $TI_capability$C5500$CallingConvention
00000002                $TI_capability$C5500$MemoryModel
00000001                $TI_capability_requires_rev3
ffffffff                .bss
ffffffff                .data
ffffffff                .text
0003dc2b                C$$EXIT
0003d149                C$$IO$$
0003daca                I$$DIV
0003dbdf                I$$LMPY
0003dae9                I$$MOD
0003db64                I$$UDIV
0003db79                I$$UMOD
0003b886                _AIC3204_init
0003bbbc                _AIC3204_readLeft
0003bbcd                _AIC3204_readRight
0003bb93                _AIC3204_reset
0003bba7                _AIC3204_waitUntilReadyToRead
0003bbde                _AIC3204_waitUntilReadyToWrite
0003bbf3                _AIC3204_writeLeft
0003bc0b                _AIC3204_writeRight
0003a7c4                _GPIO_clearInt
0003a31d                _GPIO_close
0003a341                _GPIO_config
0003a574                _GPIO_configBit
0003a6bc                _GPIO_disableInt
0003a73a                _GPIO_enableInt
0003a3c6                _GPIO_getConfig
0003a2d9                _GPIO_open
0003a44e                _GPIO_read
0003a8d7                _GPIO_reset
0003a850                _GPIO_statusBit
0003a4d1                _GPIO_write
            00001b06    _GpioObj
0003b373                _HOSTclock
0003b308                _HOSTclose
0003b253                _HOSTlseek
0003b1b4                _HOSTopen
0003b127                _HOSTread
0003b079                _HOSTrename
0003b01b                _HOSTtime
0003afb1                _HOSTunlink
0003af24                _HOSTwrite
00038d53                _I2C_config
0003971e                _I2C_eventDisable
000395ea                _I2C_eventEnable
00038eb8                _I2C_getConfig
000398ca                _I2C_getEventId
00038caa                _I2C_init
000393cc                _I2C_read
0003983d                _I2C_setCallback
00038f8e                _I2C_setup
00039188                _I2C_write
00039d1b                _I2S_close
000398e6                _I2S_open
00039dcd                _I2S_read
0003a1dd                _I2S_reset
00039a2d                _I2S_setup
0003a28e                _I2S_transEnable
0003a087                _I2S_write
0004fe00                _Reset
0003d474                _USBSTK5505_GPIO_getInput
0003d41b                _USBSTK5505_GPIO_init
0003d436                _USBSTK5505_GPIO_setDirection
0003d45a                _USBSTK5505_GPIO_setOutput
0003d295                _USBSTK5505_I2C_init
0003d2fb                _USBSTK5505_I2C_read
0003d2ca                _USBSTK5505_I2C_reset
0003d2d5                _USBSTK5505_I2C_write
0003cdfd                _USBSTK5505_I2S_close
0003cd08                _USBSTK5505_I2S_init
0003cd61                _USBSTK5505_I2S_readLeft
0003cdc0                _USBSTK5505_I2S_readRight
0003cd93                _USBSTK5505_I2S_writeLeft
0003cde1                _USBSTK5505_I2S_writeRight
0003d83d                _USBSTK5505_init
0003d7f7                _USBSTK5505_wait
0003d82b                _USBSTK5505_waitusec
            00020000    __CIOBUF_
            00001060    __STACK_END
00002000                __STACK_SIZE
00002000                __SYSMEM_SIZE
00001000                __SYSSTACK_SIZE
00000001                __TI_args_main
ffffffff                ___binit__
ffffffff                ___bss__
ffffffff                ___c_args__
            00020120    ___cinit__
ffffffff                ___data__
ffffffff                ___edata__
ffffffff                ___end__
ffffffff                ___etext__
0003dbb1                ___isinf
ffffffff                ___pinit__
ffffffff                ___text__
0003da8f                __abort_msg
0003c50e                __addd
0003d8e8                __args_main
0003dabf                __assert
0003c152                __cleanup
            00001b02    __cleanup_ptr
0003c8fa                __cmpd
            00002da4    __ctypes_
0003bc65                __divd
0003daca                __divi
0003d9c8                __divli
0003c4d9                __divlli
0003db64                __divu
0003d1f4                __divul
0003c3e5                __divull
0003cfd2                __doflush
            00001b04    __dtors_ptr
0003c8c6                __eqld
0003db3a                __fixdi
0003d5ed                __fixdli
0003dc14                __fltid
0003d734                __fltlid
0003d492                __frcmpyd
0003d508                __frcmpyd_div
            00001978    __ft_end
            00001860    __ftable
0003c87c                __geqd
0003c831                __gtrd
0003c7e4                __leqd
            00001afe    __lock
0003c79c                __lssd
0003cab5                __mpyd
0003dbdf                __mpyli
0003c32d                __mpylli
0003da8d                __nassert
0003dc04                __negd
0003c768                __neqd
0003dc02                __nop
00038a68                __printfi
0003cf75                __rd_ok
0003dbfa                __register_lock
0003dbf2                __register_unlock
0003dae9                __remi
0003d933                __remli
0003c2fe                __remlli
0003db79                __remu
0003d57b                __remul
0003c2b0                __remull
            00000060    __stack
0003dbcb                __subd
            00001b0c    __sys_memory
            00001060    __sysstack
            000018d8    __tmpnams
            00001b00    __unlock
0003cef5                __wrt_ok
0003dc2a                _abort
0003adb9                _add_device
0003d79b                _atoi
0003d89b                _auto_init
0003db06                _c_int00
0003b860                _calloc
0003b858                _chkheap
0003ad46                _close
            00010000    _dataLeft
            00010001    _dataRight
0003da4f                _exit
0003d3a0                _fclose
0003d03b                _fflush
0003ad3d                _find_registered_device
0003c275                _fopen
0003d97e                _fprintf
0003d14e                _fputc
0003c952                _fputs
0003b3d1                _free
0003b802                _free_memory
0003c1ac                _freopen
            00001ae3    _fsError
0003d6c9                _fseek
            00001ae6    _gI2cObj
0003aea9                _getenv
            00001b08    _hGpio
            00001b0a    _hI2s
            00001af6    _i2cHandle
0003acd7                _lseek
0003d323                _ltoa
0003cc01                _main
0003b502                _malloc
0003b7a8                _max_free
0003db8e                _memccpy
0003da10                _memcpy
0003b49d                _minit
            00010002    _n
0003ac18                _open
            00001ae4    _ouError
0003d84b                _printf
0003d14e                _putc
0003d1e5                _putchar
0003ca87                _puts
0003ab6a                _read
0003d65c                _readmsg
0003b5f7                _realloc
0003dc20                _remove
0003ab34                _remove_device
0003aadb                _rename
            00010003    _samplesLeft
            00015dc3    _samplesRight
0003ce0f                _setvbuf
0003aaa8                _unlink
0003a966                _write
0003d094                _writemsg
ffffffff                binit
            00020120    cinit
ffffffff                edata
ffffffff                end
ffffffff                etext
ffffffff                pinit


GLOBAL SYMBOLS: SORTED BY Symbol Address 

abs. value/
byte addr   word addr   name
---------   ---------   ----
00000001                $TI_capability_requires_rev3
00000001                __TI_args_main
00000002                $TI_capability$C5500$CallingConvention
00000002                $TI_capability$C5500$MemoryModel
            00000060    __stack
00001000                __SYSSTACK_SIZE
00002000                __STACK_SIZE
00002000                __SYSMEM_SIZE
            00001060    __STACK_END
            00001060    __sysstack
            00001860    __ftable
            000018d8    __tmpnams
            00001978    __ft_end
            00001ae3    _fsError
            00001ae4    _ouError
            00001ae6    _gI2cObj
            00001af6    _i2cHandle
            00001afe    __lock
            00001b00    __unlock
            00001b02    __cleanup_ptr
            00001b04    __dtors_ptr
            00001b06    _GpioObj
            00001b08    _hGpio
            00001b0a    _hI2s
            00001b0c    __sys_memory
            00002da4    __ctypes_
            00010000    _dataLeft
            00010001    _dataRight
            00010002    _n
            00010003    _samplesLeft
            00015dc3    _samplesRight
00038a68                __printfi
00038caa                _I2C_init
00038d53                _I2C_config
00038eb8                _I2C_getConfig
00038f8e                _I2C_setup
00039188                _I2C_write
000393cc                _I2C_read
000395ea                _I2C_eventEnable
0003971e                _I2C_eventDisable
0003983d                _I2C_setCallback
000398ca                _I2C_getEventId
000398e6                _I2S_open
00039a2d                _I2S_setup
00039d1b                _I2S_close
00039dcd                _I2S_read
0003a087                _I2S_write
0003a1dd                _I2S_reset
0003a28e                _I2S_transEnable
0003a2d9                _GPIO_open
0003a31d                _GPIO_close
0003a341                _GPIO_config
0003a3c6                _GPIO_getConfig
0003a44e                _GPIO_read
0003a4d1                _GPIO_write
0003a574                _GPIO_configBit
0003a6bc                _GPIO_disableInt
0003a73a                _GPIO_enableInt
0003a7c4                _GPIO_clearInt
0003a850                _GPIO_statusBit
0003a8d7                _GPIO_reset
0003a966                _write
0003aaa8                _unlink
0003aadb                _rename
0003ab34                _remove_device
0003ab6a                _read
0003ac18                _open
0003acd7                _lseek
0003ad3d                _find_registered_device
0003ad46                _close
0003adb9                _add_device
0003aea9                _getenv
0003af24                _HOSTwrite
0003afb1                _HOSTunlink
0003b01b                _HOSTtime
0003b079                _HOSTrename
0003b127                _HOSTread
0003b1b4                _HOSTopen
0003b253                _HOSTlseek
0003b308                _HOSTclose
0003b373                _HOSTclock
0003b3d1                _free
0003b49d                _minit
0003b502                _malloc
0003b5f7                _realloc
0003b7a8                _max_free
0003b802                _free_memory
0003b858                _chkheap
0003b860                _calloc
0003b886                _AIC3204_init
0003bb93                _AIC3204_reset
0003bba7                _AIC3204_waitUntilReadyToRead
0003bbbc                _AIC3204_readLeft
0003bbcd                _AIC3204_readRight
0003bbde                _AIC3204_waitUntilReadyToWrite
0003bbf3                _AIC3204_writeLeft
0003bc0b                _AIC3204_writeRight
0003bc65                __divd
0003c152                __cleanup
0003c1ac                _freopen
0003c275                _fopen
0003c2b0                __remull
0003c2fe                __remlli
0003c32d                __mpylli
0003c3e5                __divull
0003c4d9                __divlli
0003c50e                __addd
0003c768                __neqd
0003c79c                __lssd
0003c7e4                __leqd
0003c831                __gtrd
0003c87c                __geqd
0003c8c6                __eqld
0003c8fa                __cmpd
0003c952                _fputs
0003ca87                _puts
0003cab5                __mpyd
0003cc01                _main
0003cd08                _USBSTK5505_I2S_init
0003cd61                _USBSTK5505_I2S_readLeft
0003cd93                _USBSTK5505_I2S_writeLeft
0003cdc0                _USBSTK5505_I2S_readRight
0003cde1                _USBSTK5505_I2S_writeRight
0003cdfd                _USBSTK5505_I2S_close
0003ce0f                _setvbuf
0003cef5                __wrt_ok
0003cf75                __rd_ok
0003cfd2                __doflush
0003d03b                _fflush
0003d094                _writemsg
0003d149                C$$IO$$
0003d14e                _fputc
0003d14e                _putc
0003d1e5                _putchar
0003d1f4                __divul
0003d295                _USBSTK5505_I2C_init
0003d2ca                _USBSTK5505_I2C_reset
0003d2d5                _USBSTK5505_I2C_write
0003d2fb                _USBSTK5505_I2C_read
0003d323                _ltoa
0003d3a0                _fclose
0003d41b                _USBSTK5505_GPIO_init
0003d436                _USBSTK5505_GPIO_setDirection
0003d45a                _USBSTK5505_GPIO_setOutput
0003d474                _USBSTK5505_GPIO_getInput
0003d492                __frcmpyd
0003d508                __frcmpyd_div
0003d57b                __remul
0003d5ed                __fixdli
0003d65c                _readmsg
0003d6c9                _fseek
0003d734                __fltlid
0003d79b                _atoi
0003d7f7                _USBSTK5505_wait
0003d82b                _USBSTK5505_waitusec
0003d83d                _USBSTK5505_init
0003d84b                _printf
0003d89b                _auto_init
0003d8e8                __args_main
0003d933                __remli
0003d97e                _fprintf
0003d9c8                __divli
0003da10                _memcpy
0003da4f                _exit
0003da8d                __nassert
0003da8f                __abort_msg
0003dabf                __assert
0003daca                I$$DIV
0003daca                __divi
0003dae9                I$$MOD
0003dae9                __remi
0003db06                _c_int00
0003db3a                __fixdi
0003db64                I$$UDIV
0003db64                __divu
0003db79                I$$UMOD
0003db79                __remu
0003db8e                _memccpy
0003dbb1                ___isinf
0003dbcb                __subd
0003dbdf                I$$LMPY
0003dbdf                __mpyli
0003dbf2                __register_unlock
0003dbfa                __register_lock
0003dc02                __nop
0003dc04                __negd
0003dc14                __fltid
0003dc20                _remove
0003dc2a                _abort
0003dc2b                C$$EXIT
            00020000    __CIOBUF_
            00020120    ___cinit__
            00020120    cinit
0004fe00                _Reset
ffffffff                .bss
ffffffff                .data
ffffffff                .text
ffffffff                ___binit__
ffffffff                ___bss__
ffffffff                ___c_args__
ffffffff                ___data__
ffffffff                ___edata__
ffffffff                ___end__
ffffffff                ___etext__
ffffffff                ___pinit__
ffffffff                ___text__
ffffffff                binit
ffffffff                edata
ffffffff                end
ffffffff                etext
ffffffff                pinit

[211 symbols]
