******************************************************************************
              TMS320C55x Linker Unix v4.4.1                    
******************************************************************************
>> Linked Mon Aug 28 17:50:38 2017

OUTPUT FILE NAME:   <audioLoopBack.out>
ENTRY POINT SYMBOL: "_c_int00"  address: 00026392


MEMORY CONFIGURATION

         name            origin    length      used     unused   attr    fill
                        (bytes)   (bytes)    (bytes)   (bytes)
----------------------  --------  ---------  --------  --------  ----  --------
PAGE 0:
  MMR                   00000000   000000c0  00000000  000000c0  RWIX
  DARAM0                000000c0   0000ff40  00005d7c  0000a1c4  RWIX
  SARAM0                00010000   00010000  00000000  00010000  RWIX
  SARAM1                00020000   00020000  000064e4  00019b1c  RWIX
  SARAM2                00040000   0000fe00  00000338  0000fac8  RWIX
  VECS                  0004fe00   00000200  00000100  00000100  RWIX
  PDROM                 00ff8000   00008000  00000000  00008000  R IX

PAGE 2:
  IOPORT                00000000   00020000  00000000  00020000  RWI 


SECTION ALLOCATION MAP
(Addresses surrounded by []'s are displayed for convenience only!)

output                                                          attributes/
section   page  orgn(bytes) orgn(words) len(bytes) len(words)   input sections
--------  ----  ----------- ----------- ---------- ----------   --------------
.pinit       0   [ 00040000 ]  00020000          *   00000000   UNINITIALIZED

.stack       0   [ 000000c0 ]  00000060          *   00001000   UNINITIALIZED
                 [ 000000c0 ]  00000060          *   00001000   --HOLE--

.data        0   [ 000000c0 ]  00000060          *   00000000   UNINITIALIZED

.sysstack 
*            0   [ 000020c0 ]  00001060          *   00000800   UNINITIALIZED
                 [ 000020c0 ]  00001060          *   00000800   --HOLE--

.sysmem      0   [ 000030c0 ]  00001860          *   00001000   UNINITIALIZED
                 [ 000030c0 ]  00001860          *   00001000   --HOLE--

.const.1     0   [ 000050c0 ]  00002860          *   00000399   
                 [ 000050c0 ]  00002860          *   00000298   aic3204.obj (.const:.string)
                 [ 000055f0 ]  00002af8          *   00000101   rts55x.lib : ctype.obj (.const:__ctypes_)

.const.2     0   [ 000057f4 ]  00002bfa          *   0000003b   
                 [ 000057f4 ]  00002bfa          *   0000003b   main.obj (.const:.string)

.const.3     0   [ 0000586c ]  00002c36          *   0000003b   
                 [ 0000586c ]  00002c36          *   00000024   rts55x.lib : _printfi.obj (.const:.string)
                 [ 000058b4 ]  00002c5a          *   0000000c              : _printfi.obj (.const)
                 [ 000058cc ]  00002c66          *   00000008              : divd.obj (.const:_initial_approx$1)
                 [ 000058dc ]  00002c6e          *   00000003              : assert.obj (.const:.string)

.const.4     0   [ 000058e4 ]  00002c72          *   00000004   
                 [ 000058e4 ]  00002c72          *   00000002   rts55x.lib : fputs.obj (.const:.string)
                 [ 000058e8 ]  00002c74          *   00000002              : fltlid.obj (.const)

.bss.1       0   [ 000058ec ]  00002c76          *   00000285   UNINITIALIZED
                 [ 000058ec ]  00002c76          *   00000119   rts55x.lib : defs.obj (.bss)
                 [ 00005b1e ]  00002d8f          *   000000d0              : trgdrv.obj (.bss)
                 [ 00005cbe ]  00002e5f          *   00000001              : fopen.obj (.bss)
                 [ 00005cc0 ]  00002e60          *   00000071              : lowlev.obj (.bss)
                 [ 00005da2 ]  00002ed1          *   0000002a   cslVC5505.lib : csl_i2s.obj (.bss)

.bss.2       0   [ 00005df8 ]  00002efc          *   00000026   UNINITIALIZED
                 [ 00005df8 ]  00002efc          *   00000012   cslVC5505.lib : csl_i2c.obj (.bss)
                 [ 00005e1c ]  00002f0e          *   00000006   rts55x.lib : memory.obj (.bss)
                 [ 00005e28 ]  00002f14          *   00000004              : _lock.obj (.bss)
                 [ 00005e30 ]  00002f18          *   00000004              : exit.obj (.bss)
                 [ 00005e38 ]  00002f1c          *   00000004   usbstk5505bsl.lib : usbstk5505_gpio.obj (.bss)
                 [ 00005e40 ]  00002f20          *   00000002                     : usbstk5505_i2s.obj (.bss)

.text        0     00020000  [ 00010000 ] 000064e4          *   
                   00020000  [ 00010000 ] 000015a4          *   rts55x.lib : _printfi.obj (.text)
                   000215a4  [ 00010ad2 ] 00000c3c          *   cslVC5505.lib : csl_i2c.obj (.text)
                   000221e0  [ 000110f0 ] 000009f3          *                 : csl_i2s.obj (.text)
                   00022bd3  [ 000115e9+] 0000068d          *                 : csl_gpio.obj (.text)
                   00023260  [ 00011930 ] 00000543          *   rts55x.lib : lowlev.obj (.text)
                   000237a3  [ 00011bd1+] 00000528          *              : trgdrv.obj (.text)
                   00023ccb  [ 00011e65+] 000004b5          *              : memory.obj (.text)
                   00024180  [ 000120c0 ] 000003df          *   aic3204.obj (.text)
                   0002455f  [ 000122af+] 000003cc          *   rts55x.lib : divd.obj (.text)
                   0002492b  [ 00012495+] 0000027f          *              : fopen.obj (.text)
                   00024baa  [ 000125d5 ] 0000025e          *              : llmpy.obj (.text)
                   00024e08  [ 00012704 ] 0000025a          *              : addd.obj (.text)
                   00025062  [ 00012831 ] 000001ea          *              : cmpd.obj (.text)
                   0002524c  [ 00012926 ] 00000163          *              : fputs.obj (.text)
                   000253af  [ 000129d7+] 0000014c          *              : mpyd.obj (.text)
                   000254fb  [ 00012a7d+] 00000107          *   usbstk5505bsl.lib : usbstk5505_i2s.obj (.text)
                   00025602  [ 00012b01 ] 000000e6          *   rts55x.lib : setvbuf.obj (.text)
                   000256e8  [ 00012b74 ] 000000dd          *              : _io_perm.obj (.text)
                   000257c5  [ 00012be2+] 000000d5          *   main.obj (.text)
                   0002589a  [ 00012c4d ] 000000c2          *   rts55x.lib : fflush.obj (.text)
                   0002595c  [ 00012cae ] 000000ba          *              : trgmsg.obj (.text:CIO_breakpoint)
                   00025a16  [ 00012d0b ] 000000a6          *              : fputc.obj (.text)
                   00025abc  [ 00012d5e ] 000000a1          *              : divul.obj (.text)
                   00025b5d  [ 00012dae+] 0000008e          *   usbstk5505bsl.lib : usbstk5505_i2c.obj (.text)
                   00025beb  [ 00012df5+] 0000007d          *   rts55x.lib : ltoa.obj (.text)
                   00025c68  [ 00012e34 ] 0000007b          *              : fclose.obj (.text)
                   00025ce3  [ 00012e71+] 00000077          *   usbstk5505bsl.lib : usbstk5505_gpio.obj (.text)
                   00025d5a  [ 00012ead ] 00000076          *   rts55x.lib : frcmpyd.obj (.text)
                   00025dd0  [ 00012ee8 ] 00000073          *              : frcmpyd_div.obj (.text)
                   00025e43  [ 00012f21+] 00000072          *              : remul.obj (.text)
                   00025eb5  [ 00012f5a+] 0000006f          *              : fixdli.obj (.text)
                   00025f24  [ 00012f92 ] 0000006d          *              : trgmsg.obj (.text)
                   00025f91  [ 00012fc8+] 0000006b          *              : fseek.obj (.text)
                   00025ffc  [ 00012ffe ] 00000067          *              : fltlid.obj (.text)
                   00026063  [ 00013031+] 0000005c          *              : atoi.obj (.text)
                   000260bf  [ 0001305f+] 00000054          *   usbstk5505bsl.lib : usbstk5505.obj (.text)
                   00026113  [ 00013089+] 00000050          *   rts55x.lib : printf.obj (.text)
                   00026163  [ 000130b1+] 0000004d          *              : autoinit.obj (.text)
                   000261b0  [ 000130d8 ] 0000004b          *              : args_main.obj (.text)
                   000261fb  [ 000130fd+] 0000004b          *              : remli.obj (.text)
                   00026246  [ 00013123 ] 0000004a          *              : fprintf.obj (.text)
                   00026290  [ 00013148 ] 00000048          *              : divli.obj (.text)
                   000262d8  [ 0001316c ] 0000003f          *              : memcpy.obj (.text)
                   00026317  [ 0001318b+] 0000003e          *              : exit.obj (.text)
                   00026355  [ 000131aa+] 0000003d          *              : assert.obj (.text)
                   00026392  [ 000131c9 ] 00000034          *              : boot.obj (.text)
                   000263c6  [ 000131e3 ] 00000030          *   usbstk5505bsl.lib : usbstk5505_led.obj (.text)
                   000263f6  [ 000131fb ] 0000002a          *   rts55x.lib : fixdi.obj (.text)
                   00026420  [ 00013210 ] 0000002a          *              : udiv.obj (.text)
                   0002644a  [ 00013225 ] 00000023          *              : memccpy.obj (.text)
                   0002646d  [ 00013236+] 0000001a          *              : isinf.obj (.text)
                   00026487  [ 00013243+] 00000014          *              : subd.obj (.text)
                   0002649b  [ 0001324d+] 00000013          *              : lmpy.obj (.text)
                   000264ae  [ 00013257 ] 00000012          *              : _lock.obj (.text)
                   000264c0  [ 00013260 ] 00000010          *              : negd.obj (.text)
                   000264d0  [ 00013268 ] 0000000a          *              : remove.obj (.text)
                   000264da  [ 0001326d ] 00000007          *              : exit.obj (.text:CIO_breakpoint)
                   000264e1  [ 00013270+] 00000002          *              : vectors.obj (.text)
                   000264e3  [ 00013271 ] 00000001          *   --HOLE-- [fill = 20]

.cio         0   [ 00040000 ]  00020000          *   00000120   UNINITIALIZED
                 [ 00040000 ]  00020000          *   00000120   rts55x.lib : trgmsg.obj (.cio)

.cinit       0   [ 00040240 ]  00020120          *   0000007c   
                 [ 00040240 ]  00020120          *   0000002d   rts55x.lib : lowlev.obj (.cinit)
                 [ 0004029a ]  0002014d          *   0000002a              : defs.obj (.cinit)
                 [ 000402ee ]  00020177          *   0000000a              : _lock.obj (.cinit)
                 [ 00040302 ]  00020181          *   0000000a              : exit.obj (.cinit)
                 [ 00040316 ]  0002018b          *   00000008   cslVC5505.lib : csl_i2s.obj (.cinit)
                 [ 00040326 ]  00020193          *   00000004   rts55x.lib : fopen.obj (.cinit)
                 [ 0004032e ]  00020197          *   00000004              : memory.obj (.cinit)
                 [ 00040336 ]  0002019b          *   00000001   --HOLE-- [fill = 0]

vectors      0     0004fe00  [ 00027f00 ] 00000100          *   
                   0004fe00  [ 00027f00 ] 00000100          *   rts55x.lib : vectors.obj (vectors)


GLOBAL SYMBOLS: SORTED ALPHABETICALLY BY Name 

abs. value/
byte addr   word addr   name
---------   ---------   ----
00000002                $TI_capability$C5500$CallingConvention
00000002                $TI_capability$C5500$MemoryModel
00000001                $TI_capability_requires_rev3
ffffffff                .bss
ffffffff                .data
ffffffff                .text
000264db                C$$EXIT
00025a11                C$$IO$$
0002649b                I$$LMPY
00026420                I$$UDIV
00026435                I$$UMOD
00024180                _AIC3204_init
000244b6                _AIC3204_readLeft
000244c7                _AIC3204_readRight
0002448d                _AIC3204_reset
000244a1                _AIC3204_waitUntilReadyToRead
000244d8                _AIC3204_waitUntilReadyToWrite
000244ed                _AIC3204_writeLeft
00024505                _AIC3204_writeRight
000230be                _GPIO_clearInt
00022c17                _GPIO_close
00022c3b                _GPIO_config
00022e6e                _GPIO_configBit
00022fb6                _GPIO_disableInt
00023034                _GPIO_enableInt
00022cc0                _GPIO_getConfig
00022bd3                _GPIO_open
00022d48                _GPIO_read
000231d1                _GPIO_reset
0002314a                _GPIO_statusBit
00022dcb                _GPIO_write
            00002f1c    _GpioObj
00023c6d                _HOSTclock
00023c02                _HOSTclose
00023b4d                _HOSTlseek
00023aae                _HOSTopen
00023a21                _HOSTread
00023973                _HOSTrename
00023915                _HOSTtime
000238ab                _HOSTunlink
0002381e                _HOSTwrite
0002164d                _I2C_config
00022018                _I2C_eventDisable
00021ee4                _I2C_eventEnable
000217b2                _I2C_getConfig
000221c4                _I2C_getEventId
000215a4                _I2C_init
00021cc6                _I2C_read
00022137                _I2C_setCallback
00021888                _I2C_setup
00021a82                _I2C_write
00022615                _I2S_close
000221e0                _I2S_open
000226c7                _I2S_read
00022ad7                _I2S_reset
00022327                _I2S_setup
00022b88                _I2S_transEnable
00022981                _I2S_write
0004fe00                _Reset
00025d3c                _USBSTK5505_GPIO_getInput
00025ce3                _USBSTK5505_GPIO_init
00025cfe                _USBSTK5505_GPIO_setDirection
00025d22                _USBSTK5505_GPIO_setOutput
00025b5d                _USBSTK5505_I2C_init
00025bc3                _USBSTK5505_I2C_read
00025b92                _USBSTK5505_I2C_reset
00025b9d                _USBSTK5505_I2C_write
000255f0                _USBSTK5505_I2S_close
000254fb                _USBSTK5505_I2S_init
00025554                _USBSTK5505_I2S_readLeft
000255b3                _USBSTK5505_I2S_readRight
00025586                _USBSTK5505_I2S_writeLeft
000255d4                _USBSTK5505_I2S_writeRight
000263e7                _USBSTK5505_LED_get
000263c6                _USBSTK5505_LED_init
000263dc                _USBSTK5505_LED_off
000263d1                _USBSTK5505_LED_on
00026105                _USBSTK5505_init
000260bf                _USBSTK5505_wait
000260f3                _USBSTK5505_waitusec
            00020000    __CIOBUF_
            00001060    __STACK_END
00002000                __STACK_SIZE
00002000                __SYSMEM_SIZE
00001000                __SYSSTACK_SIZE
00000001                __TI_args_main
ffffffff                ___binit__
ffffffff                ___bss__
ffffffff                ___c_args__
            00020120    ___cinit__
ffffffff                ___data__
ffffffff                ___edata__
ffffffff                ___end__
ffffffff                ___etext__
0002646d                ___isinf
ffffffff                ___pinit__
ffffffff                ___text__
00026357                __abort_msg
00024e08                __addd
000261b0                __args_main
00026387                __assert
00024a4c                __cleanup
            00002f18    __cleanup_ptr
000251f4                __cmpd
            00002af8    __ctypes_
0002455f                __divd
00026290                __divli
00024dd3                __divlli
00026420                __divu
00025abc                __divul
00024cdf                __divull
0002589a                __doflush
            00002f1a    __dtors_ptr
000251c0                __eqld
000263f6                __fixdi
00025eb5                __fixdli
00025ffc                __fltlid
00025d5a                __frcmpyd
00025dd0                __frcmpyd_div
            00002d8e    __ft_end
            00002c76    __ftable
00025176                __geqd
0002512b                __gtrd
000250de                __leqd
            00002f14    __lock
00025096                __lssd
000253af                __mpyd
0002649b                __mpyli
00024c27                __mpylli
00026355                __nassert
000264c0                __negd
00025062                __neqd
000264be                __nop
00021362                __printfi
00025768                __rd_ok
000264b6                __register_lock
000264ae                __register_unlock
000261fb                __remli
00024bf8                __remlli
00026435                __remu
00025e43                __remul
00024baa                __remull
            00000060    __stack
00026487                __subd
            00001860    __sys_memory
            00001060    __sysstack
            00002cee    __tmpnams
            00002f16    __unlock
000256e8                __wrt_ok
000264da                _abort
000236b3                _add_device
00026063                _atoi
00026163                _auto_init
00026392                _c_int00
0002415a                _calloc
00024152                _chkheap
00023640                _close
00026317                _exit
00025c68                _fclose
00025903                _fflush
00023637                _find_registered_device
00024b6f                _fopen
00026246                _fprintf
00025a16                _fputc
0002524c                _fputs
00023ccb                _free
000240fc                _free_memory
00024aa6                _freopen
            00002ef9    _fsError
00025f91                _fseek
            00002efc    _gI2cObj
000237a3                _getenv
            00002f1e    _hGpio
            00002f20    _hI2s
            00002f0c    _i2cHandle
000235d1                _lseek
00025beb                _ltoa
000257c5                _main
00023dfc                _malloc
000240a2                _max_free
0002644a                _memccpy
000262d8                _memcpy
00023d97                _minit
00023512                _open
            00002efa    _ouError
00026113                _printf
00025a16                _putc
00025aad                _putchar
00025381                _puts
00023464                _read
00025f24                _readmsg
00023ef1                _realloc
000264d0                _remove
0002342e                _remove_device
000233d5                _rename
00025602                _setvbuf
000233a2                _unlink
00023260                _write
0002595c                _writemsg
ffffffff                binit
            00020120    cinit
ffffffff                edata
ffffffff                end
ffffffff                etext
ffffffff                pinit


GLOBAL SYMBOLS: SORTED BY Symbol Address 

abs. value/
byte addr   word addr   name
---------   ---------   ----
00000001                $TI_capability_requires_rev3
00000001                __TI_args_main
00000002                $TI_capability$C5500$CallingConvention
00000002                $TI_capability$C5500$MemoryModel
            00000060    __stack
00001000                __SYSSTACK_SIZE
00002000                __STACK_SIZE
00002000                __SYSMEM_SIZE
            00001060    __STACK_END
            00001060    __sysstack
            00001860    __sys_memory
            00002af8    __ctypes_
            00002c76    __ftable
            00002cee    __tmpnams
            00002d8e    __ft_end
            00002ef9    _fsError
            00002efa    _ouError
            00002efc    _gI2cObj
            00002f0c    _i2cHandle
            00002f14    __lock
            00002f16    __unlock
            00002f18    __cleanup_ptr
            00002f1a    __dtors_ptr
            00002f1c    _GpioObj
            00002f1e    _hGpio
            00002f20    _hI2s
00021362                __printfi
000215a4                _I2C_init
0002164d                _I2C_config
000217b2                _I2C_getConfig
00021888                _I2C_setup
00021a82                _I2C_write
00021cc6                _I2C_read
00021ee4                _I2C_eventEnable
00022018                _I2C_eventDisable
00022137                _I2C_setCallback
000221c4                _I2C_getEventId
000221e0                _I2S_open
00022327                _I2S_setup
00022615                _I2S_close
000226c7                _I2S_read
00022981                _I2S_write
00022ad7                _I2S_reset
00022b88                _I2S_transEnable
00022bd3                _GPIO_open
00022c17                _GPIO_close
00022c3b                _GPIO_config
00022cc0                _GPIO_getConfig
00022d48                _GPIO_read
00022dcb                _GPIO_write
00022e6e                _GPIO_configBit
00022fb6                _GPIO_disableInt
00023034                _GPIO_enableInt
000230be                _GPIO_clearInt
0002314a                _GPIO_statusBit
000231d1                _GPIO_reset
00023260                _write
000233a2                _unlink
000233d5                _rename
0002342e                _remove_device
00023464                _read
00023512                _open
000235d1                _lseek
00023637                _find_registered_device
00023640                _close
000236b3                _add_device
000237a3                _getenv
0002381e                _HOSTwrite
000238ab                _HOSTunlink
00023915                _HOSTtime
00023973                _HOSTrename
00023a21                _HOSTread
00023aae                _HOSTopen
00023b4d                _HOSTlseek
00023c02                _HOSTclose
00023c6d                _HOSTclock
00023ccb                _free
00023d97                _minit
00023dfc                _malloc
00023ef1                _realloc
000240a2                _max_free
000240fc                _free_memory
00024152                _chkheap
0002415a                _calloc
00024180                _AIC3204_init
0002448d                _AIC3204_reset
000244a1                _AIC3204_waitUntilReadyToRead
000244b6                _AIC3204_readLeft
000244c7                _AIC3204_readRight
000244d8                _AIC3204_waitUntilReadyToWrite
000244ed                _AIC3204_writeLeft
00024505                _AIC3204_writeRight
0002455f                __divd
00024a4c                __cleanup
00024aa6                _freopen
00024b6f                _fopen
00024baa                __remull
00024bf8                __remlli
00024c27                __mpylli
00024cdf                __divull
00024dd3                __divlli
00024e08                __addd
00025062                __neqd
00025096                __lssd
000250de                __leqd
0002512b                __gtrd
00025176                __geqd
000251c0                __eqld
000251f4                __cmpd
0002524c                _fputs
00025381                _puts
000253af                __mpyd
000254fb                _USBSTK5505_I2S_init
00025554                _USBSTK5505_I2S_readLeft
00025586                _USBSTK5505_I2S_writeLeft
000255b3                _USBSTK5505_I2S_readRight
000255d4                _USBSTK5505_I2S_writeRight
000255f0                _USBSTK5505_I2S_close
00025602                _setvbuf
000256e8                __wrt_ok
00025768                __rd_ok
000257c5                _main
0002589a                __doflush
00025903                _fflush
0002595c                _writemsg
00025a11                C$$IO$$
00025a16                _fputc
00025a16                _putc
00025aad                _putchar
00025abc                __divul
00025b5d                _USBSTK5505_I2C_init
00025b92                _USBSTK5505_I2C_reset
00025b9d                _USBSTK5505_I2C_write
00025bc3                _USBSTK5505_I2C_read
00025beb                _ltoa
00025c68                _fclose
00025ce3                _USBSTK5505_GPIO_init
00025cfe                _USBSTK5505_GPIO_setDirection
00025d22                _USBSTK5505_GPIO_setOutput
00025d3c                _USBSTK5505_GPIO_getInput
00025d5a                __frcmpyd
00025dd0                __frcmpyd_div
00025e43                __remul
00025eb5                __fixdli
00025f24                _readmsg
00025f91                _fseek
00025ffc                __fltlid
00026063                _atoi
000260bf                _USBSTK5505_wait
000260f3                _USBSTK5505_waitusec
00026105                _USBSTK5505_init
00026113                _printf
00026163                _auto_init
000261b0                __args_main
000261fb                __remli
00026246                _fprintf
00026290                __divli
000262d8                _memcpy
00026317                _exit
00026355                __nassert
00026357                __abort_msg
00026387                __assert
00026392                _c_int00
000263c6                _USBSTK5505_LED_init
000263d1                _USBSTK5505_LED_on
000263dc                _USBSTK5505_LED_off
000263e7                _USBSTK5505_LED_get
000263f6                __fixdi
00026420                I$$UDIV
00026420                __divu
00026435                I$$UMOD
00026435                __remu
0002644a                _memccpy
0002646d                ___isinf
00026487                __subd
0002649b                I$$LMPY
0002649b                __mpyli
000264ae                __register_unlock
000264b6                __register_lock
000264be                __nop
000264c0                __negd
000264d0                _remove
000264da                _abort
000264db                C$$EXIT
            00020000    __CIOBUF_
            00020120    ___cinit__
            00020120    cinit
0004fe00                _Reset
ffffffff                .bss
ffffffff                .data
ffffffff                .text
ffffffff                ___binit__
ffffffff                ___bss__
ffffffff                ___c_args__
ffffffff                ___data__
ffffffff                ___edata__
ffffffff                ___end__
ffffffff                ___etext__
ffffffff                ___pinit__
ffffffff                ___text__
ffffffff                binit
ffffffff                edata
ffffffff                end
ffffffff                etext
ffffffff                pinit

[205 symbols]
