<?xml version="1.0"?>
<link_info>
   <banner>TMS320C55x Linker Unix v4.4.1</banner>
   <copyright>Copyright (c) 1996-2012 Texas Instruments Incorporated</copyright>
   <link_time>0x59a5ba6b</link_time>
   <output_file>audioLoopBackWithEcho.out</output_file>
   <entry_point>
      <name>_c_int00</name>
      <address>0x3db06</address>
   </entry_point>
   <input_file_list>
      <input_file id="fl-2">
         <path>./</path>
         <kind>object</kind>
         <file>aic3204.obj</file>
         <name>aic3204.obj</name>
      </input_file>
      <input_file id="fl-3">
         <path>./</path>
         <kind>object</kind>
         <file>main.obj</file>
         <name>main.obj</name>
      </input_file>
      <input_file id="fl-1c">
         <path>/opt/ti/ccsv7/tools/compiler/c5500_4.4.1/lib/</path>
         <kind>archive</kind>
         <file>rts55x.lib</file>
         <name>addd.obj</name>
      </input_file>
      <input_file id="fl-1d">
         <path>/opt/ti/ccsv7/tools/compiler/c5500_4.4.1/lib/</path>
         <kind>archive</kind>
         <file>rts55x.lib</file>
         <name>assert.obj</name>
      </input_file>
      <input_file id="fl-1e">
         <path>/opt/ti/ccsv7/tools/compiler/c5500_4.4.1/lib/</path>
         <kind>archive</kind>
         <file>rts55x.lib</file>
         <name>boot.obj</name>
      </input_file>
      <input_file id="fl-1f">
         <path>/opt/ti/ccsv7/tools/compiler/c5500_4.4.1/lib/</path>
         <kind>archive</kind>
         <file>rts55x.lib</file>
         <name>defs.obj</name>
      </input_file>
      <input_file id="fl-20">
         <path>/opt/ti/ccsv7/tools/compiler/c5500_4.4.1/lib/</path>
         <kind>archive</kind>
         <file>rts55x.lib</file>
         <name>exit.obj</name>
      </input_file>
      <input_file id="fl-21">
         <path>/opt/ti/ccsv7/tools/compiler/c5500_4.4.1/lib/</path>
         <kind>archive</kind>
         <file>rts55x.lib</file>
         <name>fflush.obj</name>
      </input_file>
      <input_file id="fl-22">
         <path>/opt/ti/ccsv7/tools/compiler/c5500_4.4.1/lib/</path>
         <kind>archive</kind>
         <file>rts55x.lib</file>
         <name>fixdi.obj</name>
      </input_file>
      <input_file id="fl-23">
         <path>/opt/ti/ccsv7/tools/compiler/c5500_4.4.1/lib/</path>
         <kind>archive</kind>
         <file>rts55x.lib</file>
         <name>fixdli.obj</name>
      </input_file>
      <input_file id="fl-24">
         <path>/opt/ti/ccsv7/tools/compiler/c5500_4.4.1/lib/</path>
         <kind>archive</kind>
         <file>rts55x.lib</file>
         <name>fltid.obj</name>
      </input_file>
      <input_file id="fl-25">
         <path>/opt/ti/ccsv7/tools/compiler/c5500_4.4.1/lib/</path>
         <kind>archive</kind>
         <file>rts55x.lib</file>
         <name>fltlid.obj</name>
      </input_file>
      <input_file id="fl-26">
         <path>/opt/ti/ccsv7/tools/compiler/c5500_4.4.1/lib/</path>
         <kind>archive</kind>
         <file>rts55x.lib</file>
         <name>fprintf.obj</name>
      </input_file>
      <input_file id="fl-27">
         <path>/opt/ti/ccsv7/tools/compiler/c5500_4.4.1/lib/</path>
         <kind>archive</kind>
         <file>rts55x.lib</file>
         <name>fputc.obj</name>
      </input_file>
      <input_file id="fl-28">
         <path>/opt/ti/ccsv7/tools/compiler/c5500_4.4.1/lib/</path>
         <kind>archive</kind>
         <file>rts55x.lib</file>
         <name>fputs.obj</name>
      </input_file>
      <input_file id="fl-29">
         <path>/opt/ti/ccsv7/tools/compiler/c5500_4.4.1/lib/</path>
         <kind>archive</kind>
         <file>rts55x.lib</file>
         <name>idiv.obj</name>
      </input_file>
      <input_file id="fl-2a">
         <path>/opt/ti/ccsv7/tools/compiler/c5500_4.4.1/lib/</path>
         <kind>archive</kind>
         <file>rts55x.lib</file>
         <name>lowlev.obj</name>
      </input_file>
      <input_file id="fl-2b">
         <path>/opt/ti/ccsv7/tools/compiler/c5500_4.4.1/lib/</path>
         <kind>archive</kind>
         <file>rts55x.lib</file>
         <name>memcpy.obj</name>
      </input_file>
      <input_file id="fl-2c">
         <path>/opt/ti/ccsv7/tools/compiler/c5500_4.4.1/lib/</path>
         <kind>archive</kind>
         <file>rts55x.lib</file>
         <name>mpyd.obj</name>
      </input_file>
      <input_file id="fl-2d">
         <path>/opt/ti/ccsv7/tools/compiler/c5500_4.4.1/lib/</path>
         <kind>archive</kind>
         <file>rts55x.lib</file>
         <name>printf.obj</name>
      </input_file>
      <input_file id="fl-2e">
         <path>/opt/ti/ccsv7/tools/compiler/c5500_4.4.1/lib/</path>
         <kind>archive</kind>
         <file>rts55x.lib</file>
         <name>trgdrv.obj</name>
      </input_file>
      <input_file id="fl-2f">
         <path>/opt/ti/ccsv7/tools/compiler/c5500_4.4.1/lib/</path>
         <kind>archive</kind>
         <file>rts55x.lib</file>
         <name>trgmsg.obj</name>
      </input_file>
      <input_file id="fl-30">
         <path>/opt/ti/ccsv7/tools/compiler/c5500_4.4.1/lib/</path>
         <kind>archive</kind>
         <file>rts55x.lib</file>
         <name>vectors.obj</name>
      </input_file>
      <input_file id="fl-31">
         <path>/opt/ti/ccsv7/tools/compiler/c5500_4.4.1/lib/</path>
         <kind>archive</kind>
         <file>rts55x.lib</file>
         <name>_io_perm.obj</name>
      </input_file>
      <input_file id="fl-32">
         <path>/opt/ti/ccsv7/tools/compiler/c5500_4.4.1/lib/</path>
         <kind>archive</kind>
         <file>rts55x.lib</file>
         <name>_lock.obj</name>
      </input_file>
      <input_file id="fl-33">
         <path>/opt/ti/ccsv7/tools/compiler/c5500_4.4.1/lib/</path>
         <kind>archive</kind>
         <file>rts55x.lib</file>
         <name>_printfi.obj</name>
      </input_file>
      <input_file id="fl-34">
         <path>/opt/ti/ccsv7/tools/compiler/c5500_4.4.1/lib/</path>
         <kind>archive</kind>
         <file>rts55x.lib</file>
         <name>args_main.obj</name>
      </input_file>
      <input_file id="fl-35">
         <path>/opt/ti/ccsv7/tools/compiler/c5500_4.4.1/lib/</path>
         <kind>archive</kind>
         <file>rts55x.lib</file>
         <name>atoi.obj</name>
      </input_file>
      <input_file id="fl-36">
         <path>/opt/ti/ccsv7/tools/compiler/c5500_4.4.1/lib/</path>
         <kind>archive</kind>
         <file>rts55x.lib</file>
         <name>autoinit.obj</name>
      </input_file>
      <input_file id="fl-37">
         <path>/opt/ti/ccsv7/tools/compiler/c5500_4.4.1/lib/</path>
         <kind>archive</kind>
         <file>rts55x.lib</file>
         <name>cmpd.obj</name>
      </input_file>
      <input_file id="fl-38">
         <path>/opt/ti/ccsv7/tools/compiler/c5500_4.4.1/lib/</path>
         <kind>archive</kind>
         <file>rts55x.lib</file>
         <name>ctype.obj</name>
      </input_file>
      <input_file id="fl-39">
         <path>/opt/ti/ccsv7/tools/compiler/c5500_4.4.1/lib/</path>
         <kind>archive</kind>
         <file>rts55x.lib</file>
         <name>divd.obj</name>
      </input_file>
      <input_file id="fl-3a">
         <path>/opt/ti/ccsv7/tools/compiler/c5500_4.4.1/lib/</path>
         <kind>archive</kind>
         <file>rts55x.lib</file>
         <name>divul.obj</name>
      </input_file>
      <input_file id="fl-3b">
         <path>/opt/ti/ccsv7/tools/compiler/c5500_4.4.1/lib/</path>
         <kind>archive</kind>
         <file>rts55x.lib</file>
         <name>frcmpyd.obj</name>
      </input_file>
      <input_file id="fl-3c">
         <path>/opt/ti/ccsv7/tools/compiler/c5500_4.4.1/lib/</path>
         <kind>archive</kind>
         <file>rts55x.lib</file>
         <name>frcmpyd_div.obj</name>
      </input_file>
      <input_file id="fl-3d">
         <path>/opt/ti/ccsv7/tools/compiler/c5500_4.4.1/lib/</path>
         <kind>archive</kind>
         <file>rts55x.lib</file>
         <name>fseek.obj</name>
      </input_file>
      <input_file id="fl-3e">
         <path>/opt/ti/ccsv7/tools/compiler/c5500_4.4.1/lib/</path>
         <kind>archive</kind>
         <file>rts55x.lib</file>
         <name>isinf.obj</name>
      </input_file>
      <input_file id="fl-3f">
         <path>/opt/ti/ccsv7/tools/compiler/c5500_4.4.1/lib/</path>
         <kind>archive</kind>
         <file>rts55x.lib</file>
         <name>llmpy.obj</name>
      </input_file>
      <input_file id="fl-40">
         <path>/opt/ti/ccsv7/tools/compiler/c5500_4.4.1/lib/</path>
         <kind>archive</kind>
         <file>rts55x.lib</file>
         <name>lmpy.obj</name>
      </input_file>
      <input_file id="fl-41">
         <path>/opt/ti/ccsv7/tools/compiler/c5500_4.4.1/lib/</path>
         <kind>archive</kind>
         <file>rts55x.lib</file>
         <name>ltoa.obj</name>
      </input_file>
      <input_file id="fl-42">
         <path>/opt/ti/ccsv7/tools/compiler/c5500_4.4.1/lib/</path>
         <kind>archive</kind>
         <file>rts55x.lib</file>
         <name>memccpy.obj</name>
      </input_file>
      <input_file id="fl-43">
         <path>/opt/ti/ccsv7/tools/compiler/c5500_4.4.1/lib/</path>
         <kind>archive</kind>
         <file>rts55x.lib</file>
         <name>negd.obj</name>
      </input_file>
      <input_file id="fl-44">
         <path>/opt/ti/ccsv7/tools/compiler/c5500_4.4.1/lib/</path>
         <kind>archive</kind>
         <file>rts55x.lib</file>
         <name>remli.obj</name>
      </input_file>
      <input_file id="fl-45">
         <path>/opt/ti/ccsv7/tools/compiler/c5500_4.4.1/lib/</path>
         <kind>archive</kind>
         <file>rts55x.lib</file>
         <name>remul.obj</name>
      </input_file>
      <input_file id="fl-46">
         <path>/opt/ti/ccsv7/tools/compiler/c5500_4.4.1/lib/</path>
         <kind>archive</kind>
         <file>rts55x.lib</file>
         <name>setvbuf.obj</name>
      </input_file>
      <input_file id="fl-47">
         <path>/opt/ti/ccsv7/tools/compiler/c5500_4.4.1/lib/</path>
         <kind>archive</kind>
         <file>rts55x.lib</file>
         <name>subd.obj</name>
      </input_file>
      <input_file id="fl-48">
         <path>/opt/ti/ccsv7/tools/compiler/c5500_4.4.1/lib/</path>
         <kind>archive</kind>
         <file>rts55x.lib</file>
         <name>udiv.obj</name>
      </input_file>
      <input_file id="fl-49">
         <path>/opt/ti/ccsv7/tools/compiler/c5500_4.4.1/lib/</path>
         <kind>archive</kind>
         <file>rts55x.lib</file>
         <name>divli.obj</name>
      </input_file>
      <input_file id="fl-4a">
         <path>/opt/ti/ccsv7/tools/compiler/c5500_4.4.1/lib/</path>
         <kind>archive</kind>
         <file>rts55x.lib</file>
         <name>fopen.obj</name>
      </input_file>
      <input_file id="fl-4b">
         <path>/opt/ti/ccsv7/tools/compiler/c5500_4.4.1/lib/</path>
         <kind>archive</kind>
         <file>rts55x.lib</file>
         <name>memory.obj</name>
      </input_file>
      <input_file id="fl-4c">
         <path>/opt/ti/ccsv7/tools/compiler/c5500_4.4.1/lib/</path>
         <kind>archive</kind>
         <file>rts55x.lib</file>
         <name>fclose.obj</name>
      </input_file>
      <input_file id="fl-4d">
         <path>/opt/ti/ccsv7/tools/compiler/c5500_4.4.1/lib/</path>
         <kind>archive</kind>
         <file>rts55x.lib</file>
         <name>remove.obj</name>
      </input_file>
      <input_file id="fl-4e">
         <path>/home/roy/Downloads/usbstk5505_v2/</path>
         <kind>archive</kind>
         <file>usbstk5505bsl.lib</file>
         <name>usbstk5505.obj</name>
      </input_file>
      <input_file id="fl-4f">
         <path>/home/roy/Downloads/usbstk5505_v2/</path>
         <kind>archive</kind>
         <file>usbstk5505bsl.lib</file>
         <name>usbstk5505_gpio.obj</name>
      </input_file>
      <input_file id="fl-50">
         <path>/home/roy/Downloads/usbstk5505_v2/</path>
         <kind>archive</kind>
         <file>usbstk5505bsl.lib</file>
         <name>usbstk5505_i2c.obj</name>
      </input_file>
      <input_file id="fl-51">
         <path>/home/roy/Downloads/usbstk5505_v2/</path>
         <kind>archive</kind>
         <file>usbstk5505bsl.lib</file>
         <name>usbstk5505_i2s.obj</name>
      </input_file>
      <input_file id="fl-52">
         <path>/home/roy/Downloads/usbstk5505_v2/c55xx_csl/ccs_v4.0_examples/cslVC5505/Debug/</path>
         <kind>archive</kind>
         <file>cslVC5505.lib</file>
         <name>csl_i2s.obj</name>
      </input_file>
      <input_file id="fl-53">
         <path>/home/roy/Downloads/usbstk5505_v2/c55xx_csl/ccs_v4.0_examples/cslVC5505/Debug/</path>
         <kind>archive</kind>
         <file>cslVC5505.lib</file>
         <name>csl_i2c.obj</name>
      </input_file>
      <input_file id="fl-54">
         <path>/home/roy/Downloads/usbstk5505_v2/c55xx_csl/ccs_v4.0_examples/cslVC5505/Debug/</path>
         <kind>archive</kind>
         <file>cslVC5505.lib</file>
         <name>csl_gpio.obj</name>
      </input_file>
   </input_file_list>
   <object_component_list>
      <object_component id="oc-8a">
         <name>.text</name>
         <load_address>0x37706</load_address>
         <run_address>0x37706</run_address>
         <size>0x15a4</size>
         <input_file_ref idref="fl-33"/>
      </object_component>
      <object_component id="oc-118">
         <name>.text</name>
         <load_address>0x38caa</load_address>
         <run_address>0x38caa</run_address>
         <size>0xc3c</size>
         <input_file_ref idref="fl-53"/>
      </object_component>
      <object_component id="oc-111">
         <name>.text</name>
         <load_address>0x398e6</load_address>
         <run_address>0x398e6</run_address>
         <size>0x9f3</size>
         <input_file_ref idref="fl-52"/>
      </object_component>
      <object_component id="oc-11e">
         <name>.text</name>
         <load_address>0x3a2d9</load_address>
         <run_address>0x3a2d9</run_address>
         <size>0x68d</size>
         <input_file_ref idref="fl-54"/>
      </object_component>
      <object_component id="oc-5f">
         <name>.text</name>
         <load_address>0x3a966</load_address>
         <run_address>0x3a966</run_address>
         <size>0x543</size>
         <input_file_ref idref="fl-2a"/>
      </object_component>
      <object_component id="oc-71">
         <name>.text</name>
         <load_address>0x3aea9</load_address>
         <run_address>0x3aea9</run_address>
         <size>0x528</size>
         <input_file_ref idref="fl-2e"/>
      </object_component>
      <object_component id="oc-ec">
         <name>.text</name>
         <load_address>0x3b3d1</load_address>
         <run_address>0x3b3d1</run_address>
         <size>0x4b5</size>
         <input_file_ref idref="fl-4b"/>
      </object_component>
      <object_component id="oc-12">
         <name>.text</name>
         <load_address>0x3b886</load_address>
         <run_address>0x3b886</run_address>
         <size>0x3df</size>
         <input_file_ref idref="fl-2"/>
      </object_component>
      <object_component id="oc-a2">
         <name>.text</name>
         <load_address>0x3bc65</load_address>
         <run_address>0x3bc65</run_address>
         <size>0x3cc</size>
         <input_file_ref idref="fl-39"/>
      </object_component>
      <object_component id="oc-e6">
         <name>.text</name>
         <load_address>0x3c031</load_address>
         <run_address>0x3c031</run_address>
         <size>0x27f</size>
         <input_file_ref idref="fl-4a"/>
      </object_component>
      <object_component id="oc-ba">
         <name>.text</name>
         <load_address>0x3c2b0</load_address>
         <run_address>0x3c2b0</run_address>
         <size>0x25e</size>
         <input_file_ref idref="fl-3f"/>
      </object_component>
      <object_component id="oc-21">
         <name>.text</name>
         <load_address>0x3c50e</load_address>
         <run_address>0x3c50e</run_address>
         <size>0x25a</size>
         <input_file_ref idref="fl-1c"/>
      </object_component>
      <object_component id="oc-9c">
         <name>.text</name>
         <load_address>0x3c768</load_address>
         <run_address>0x3c768</run_address>
         <size>0x1ea</size>
         <input_file_ref idref="fl-37"/>
      </object_component>
      <object_component id="oc-56">
         <name>.text</name>
         <load_address>0x3c952</load_address>
         <run_address>0x3c952</run_address>
         <size>0x163</size>
         <input_file_ref idref="fl-28"/>
      </object_component>
      <object_component id="oc-69">
         <name>.text</name>
         <load_address>0x3cab5</load_address>
         <run_address>0x3cab5</run_address>
         <size>0x14c</size>
         <input_file_ref idref="fl-2c"/>
      </object_component>
      <object_component id="oc-18">
         <name>.text</name>
         <load_address>0x3cc01</load_address>
         <run_address>0x3cc01</run_address>
         <size>0x107</size>
         <input_file_ref idref="fl-3"/>
      </object_component>
      <object_component id="oc-10b">
         <name>.text</name>
         <load_address>0x3cd08</load_address>
         <run_address>0x3cd08</run_address>
         <size>0x107</size>
         <input_file_ref idref="fl-51"/>
      </object_component>
      <object_component id="oc-d6">
         <name>.text</name>
         <load_address>0x3ce0f</load_address>
         <run_address>0x3ce0f</run_address>
         <size>0xe6</size>
         <input_file_ref idref="fl-46"/>
      </object_component>
      <object_component id="oc-80">
         <name>.text</name>
         <load_address>0x3cef5</load_address>
         <run_address>0x3cef5</run_address>
         <size>0xdd</size>
         <input_file_ref idref="fl-31"/>
      </object_component>
      <object_component id="oc-39">
         <name>.text</name>
         <load_address>0x3cfd2</load_address>
         <run_address>0x3cfd2</run_address>
         <size>0xc2</size>
         <input_file_ref idref="fl-21"/>
      </object_component>
      <object_component id="oc-79">
         <name>.text:CIO_breakpoint</name>
         <load_address>0x3d094</load_address>
         <run_address>0x3d094</run_address>
         <size>0xba</size>
         <input_file_ref idref="fl-2f"/>
      </object_component>
      <object_component id="oc-52">
         <name>.text</name>
         <load_address>0x3d14e</load_address>
         <run_address>0x3d14e</run_address>
         <size>0xa6</size>
         <input_file_ref idref="fl-27"/>
      </object_component>
      <object_component id="oc-a6">
         <name>.text</name>
         <load_address>0x3d1f4</load_address>
         <run_address>0x3d1f4</run_address>
         <size>0xa1</size>
         <input_file_ref idref="fl-3a"/>
      </object_component>
      <object_component id="oc-106">
         <name>.text</name>
         <load_address>0x3d295</load_address>
         <run_address>0x3d295</run_address>
         <size>0x8e</size>
         <input_file_ref idref="fl-50"/>
      </object_component>
      <object_component id="oc-c2">
         <name>.text</name>
         <load_address>0x3d323</load_address>
         <run_address>0x3d323</run_address>
         <size>0x7d</size>
         <input_file_ref idref="fl-41"/>
      </object_component>
      <object_component id="oc-f3">
         <name>.text</name>
         <load_address>0x3d3a0</load_address>
         <run_address>0x3d3a0</run_address>
         <size>0x7b</size>
         <input_file_ref idref="fl-4c"/>
      </object_component>
      <object_component id="oc-100">
         <name>.text</name>
         <load_address>0x3d41b</load_address>
         <run_address>0x3d41b</run_address>
         <size>0x77</size>
         <input_file_ref idref="fl-4f"/>
      </object_component>
      <object_component id="oc-aa">
         <name>.text</name>
         <load_address>0x3d492</load_address>
         <run_address>0x3d492</run_address>
         <size>0x76</size>
         <input_file_ref idref="fl-3b"/>
      </object_component>
      <object_component id="oc-ae">
         <name>.text</name>
         <load_address>0x3d508</load_address>
         <run_address>0x3d508</run_address>
         <size>0x73</size>
         <input_file_ref idref="fl-3c"/>
      </object_component>
      <object_component id="oc-d2">
         <name>.text</name>
         <load_address>0x3d57b</load_address>
         <run_address>0x3d57b</run_address>
         <size>0x72</size>
         <input_file_ref idref="fl-45"/>
      </object_component>
      <object_component id="oc-41">
         <name>.text</name>
         <load_address>0x3d5ed</load_address>
         <run_address>0x3d5ed</run_address>
         <size>0x6f</size>
         <input_file_ref idref="fl-23"/>
      </object_component>
      <object_component id="oc-76">
         <name>.text</name>
         <load_address>0x3d65c</load_address>
         <run_address>0x3d65c</run_address>
         <size>0x6d</size>
         <input_file_ref idref="fl-2f"/>
      </object_component>
      <object_component id="oc-b2">
         <name>.text</name>
         <load_address>0x3d6c9</load_address>
         <run_address>0x3d6c9</run_address>
         <size>0x6b</size>
         <input_file_ref idref="fl-3d"/>
      </object_component>
      <object_component id="oc-49">
         <name>.text</name>
         <load_address>0x3d734</load_address>
         <run_address>0x3d734</run_address>
         <size>0x67</size>
         <input_file_ref idref="fl-25"/>
      </object_component>
      <object_component id="oc-94">
         <name>.text</name>
         <load_address>0x3d79b</load_address>
         <run_address>0x3d79b</run_address>
         <size>0x5c</size>
         <input_file_ref idref="fl-35"/>
      </object_component>
      <object_component id="oc-fb">
         <name>.text</name>
         <load_address>0x3d7f7</load_address>
         <run_address>0x3d7f7</run_address>
         <size>0x54</size>
         <input_file_ref idref="fl-4e"/>
      </object_component>
      <object_component id="oc-6d">
         <name>.text</name>
         <load_address>0x3d84b</load_address>
         <run_address>0x3d84b</run_address>
         <size>0x50</size>
         <input_file_ref idref="fl-2d"/>
      </object_component>
      <object_component id="oc-98">
         <name>.text</name>
         <load_address>0x3d89b</load_address>
         <run_address>0x3d89b</run_address>
         <size>0x4d</size>
         <input_file_ref idref="fl-36"/>
      </object_component>
      <object_component id="oc-90">
         <name>.text</name>
         <load_address>0x3d8e8</load_address>
         <run_address>0x3d8e8</run_address>
         <size>0x4b</size>
         <input_file_ref idref="fl-34"/>
      </object_component>
      <object_component id="oc-ce">
         <name>.text</name>
         <load_address>0x3d933</load_address>
         <run_address>0x3d933</run_address>
         <size>0x4b</size>
         <input_file_ref idref="fl-44"/>
      </object_component>
      <object_component id="oc-4e">
         <name>.text</name>
         <load_address>0x3d97e</load_address>
         <run_address>0x3d97e</run_address>
         <size>0x4a</size>
         <input_file_ref idref="fl-26"/>
      </object_component>
      <object_component id="oc-e2">
         <name>.text</name>
         <load_address>0x3d9c8</load_address>
         <run_address>0x3d9c8</run_address>
         <size>0x48</size>
         <input_file_ref idref="fl-49"/>
      </object_component>
      <object_component id="oc-65">
         <name>.text</name>
         <load_address>0x3da10</load_address>
         <run_address>0x3da10</run_address>
         <size>0x3f</size>
         <input_file_ref idref="fl-2b"/>
      </object_component>
      <object_component id="oc-32">
         <name>.text</name>
         <load_address>0x3da4f</load_address>
         <run_address>0x3da4f</run_address>
         <size>0x3e</size>
         <input_file_ref idref="fl-20"/>
      </object_component>
      <object_component id="oc-25">
         <name>.text</name>
         <load_address>0x3da8d</load_address>
         <run_address>0x3da8d</run_address>
         <size>0x3d</size>
         <input_file_ref idref="fl-1d"/>
      </object_component>
      <object_component id="oc-5b">
         <name>.text</name>
         <load_address>0x3daca</load_address>
         <run_address>0x3daca</run_address>
         <size>0x3c</size>
         <input_file_ref idref="fl-29"/>
      </object_component>
      <object_component id="oc-10">
         <name>.text</name>
         <load_address>0x3db06</load_address>
         <run_address>0x3db06</run_address>
         <size>0x34</size>
         <input_file_ref idref="fl-1e"/>
      </object_component>
      <object_component id="oc-3d">
         <name>.text</name>
         <load_address>0x3db3a</load_address>
         <run_address>0x3db3a</run_address>
         <size>0x2a</size>
         <input_file_ref idref="fl-22"/>
      </object_component>
      <object_component id="oc-de">
         <name>.text</name>
         <load_address>0x3db64</load_address>
         <run_address>0x3db64</run_address>
         <size>0x2a</size>
         <input_file_ref idref="fl-48"/>
      </object_component>
      <object_component id="oc-c6">
         <name>.text</name>
         <load_address>0x3db8e</load_address>
         <run_address>0x3db8e</run_address>
         <size>0x23</size>
         <input_file_ref idref="fl-42"/>
      </object_component>
      <object_component id="oc-b6">
         <name>.text</name>
         <load_address>0x3dbb1</load_address>
         <run_address>0x3dbb1</run_address>
         <size>0x1a</size>
         <input_file_ref idref="fl-3e"/>
      </object_component>
      <object_component id="oc-da">
         <name>.text</name>
         <load_address>0x3dbcb</load_address>
         <run_address>0x3dbcb</run_address>
         <size>0x14</size>
         <input_file_ref idref="fl-47"/>
      </object_component>
      <object_component id="oc-be">
         <name>.text</name>
         <load_address>0x3dbdf</load_address>
         <run_address>0x3dbdf</run_address>
         <size>0x13</size>
         <input_file_ref idref="fl-40"/>
      </object_component>
      <object_component id="oc-84">
         <name>.text</name>
         <load_address>0x3dbf2</load_address>
         <run_address>0x3dbf2</run_address>
         <size>0x12</size>
         <input_file_ref idref="fl-32"/>
      </object_component>
      <object_component id="oc-ca">
         <name>.text</name>
         <load_address>0x3dc04</load_address>
         <run_address>0x3dc04</run_address>
         <size>0x10</size>
         <input_file_ref idref="fl-43"/>
      </object_component>
      <object_component id="oc-45">
         <name>.text</name>
         <load_address>0x3dc14</load_address>
         <run_address>0x3dc14</run_address>
         <size>0xc</size>
         <input_file_ref idref="fl-24"/>
      </object_component>
      <object_component id="oc-f7">
         <name>.text</name>
         <load_address>0x3dc20</load_address>
         <run_address>0x3dc20</run_address>
         <size>0xa</size>
         <input_file_ref idref="fl-4d"/>
      </object_component>
      <object_component id="oc-36">
         <name>.text:CIO_breakpoint</name>
         <load_address>0x3dc2a</load_address>
         <run_address>0x3dc2a</run_address>
         <size>0x7</size>
         <input_file_ref idref="fl-20"/>
      </object_component>
      <object_component id="oc-7c">
         <name>.text</name>
         <load_address>0x3dc31</load_address>
         <run_address>0x3dc31</run_address>
         <size>0x2</size>
         <input_file_ref idref="fl-30"/>
      </object_component>
      <object_component id="oc-2a">
         <name>.stack</name>
         <uninitialized>true</uninitialized>
         <run_address>0xc0</run_address>
         <size>0x0</size>
         <input_file_ref idref="fl-1e"/>
      </object_component>
      <object_component id="oc-13d">
         <name>.stack</name>
         <uninitialized>true</uninitialized>
         <run_address>0xc0</run_address>
         <size>0x0</size>
      </object_component>
      <object_component id="oc-123">
         <name>.sysstack</name>
         <uninitialized>true</uninitialized>
         <run_address>0x20c0</run_address>
         <size>0x0</size>
         <input_file_ref idref="fl-1e"/>
      </object_component>
      <object_component id="oc-13f">
         <name>.sysstack</name>
         <uninitialized>true</uninitialized>
         <run_address>0x20c0</run_address>
         <size>0x0</size>
      </object_component>
      <object_component id="oc-2e">
         <name>.bss</name>
         <uninitialized>true</uninitialized>
         <run_address>0x30c0</run_address>
         <size>0x232</size>
         <input_file_ref idref="fl-1f"/>
      </object_component>
      <object_component id="oc-72">
         <name>.bss</name>
         <uninitialized>true</uninitialized>
         <run_address>0x32f2</run_address>
         <size>0x1a0</size>
         <input_file_ref idref="fl-2e"/>
      </object_component>
      <object_component id="oc-e7">
         <name>.bss</name>
         <uninitialized>true</uninitialized>
         <run_address>0x3492</run_address>
         <size>0x2</size>
         <input_file_ref idref="fl-4a"/>
      </object_component>
      <object_component id="oc-60">
         <name>.bss</name>
         <uninitialized>true</uninitialized>
         <run_address>0x3494</run_address>
         <size>0xe2</size>
         <input_file_ref idref="fl-2a"/>
      </object_component>
      <object_component id="oc-112">
         <name>.bss</name>
         <uninitialized>true</uninitialized>
         <run_address>0x3576</run_address>
         <size>0x54</size>
         <input_file_ref idref="fl-52"/>
      </object_component>
      <object_component id="oc-119">
         <name>.bss</name>
         <uninitialized>true</uninitialized>
         <run_address>0x35cc</run_address>
         <size>0x24</size>
         <input_file_ref idref="fl-53"/>
      </object_component>
      <object_component id="oc-ed">
         <name>.bss</name>
         <uninitialized>true</uninitialized>
         <run_address>0x35f0</run_address>
         <size>0xc</size>
         <input_file_ref idref="fl-4b"/>
      </object_component>
      <object_component id="oc-85">
         <name>.bss</name>
         <uninitialized>true</uninitialized>
         <run_address>0x35fc</run_address>
         <size>0x8</size>
         <input_file_ref idref="fl-32"/>
      </object_component>
      <object_component id="oc-33">
         <name>.bss</name>
         <uninitialized>true</uninitialized>
         <run_address>0x3604</run_address>
         <size>0x8</size>
         <input_file_ref idref="fl-20"/>
      </object_component>
      <object_component id="oc-101">
         <name>.bss</name>
         <uninitialized>true</uninitialized>
         <run_address>0x360c</run_address>
         <size>0x8</size>
         <input_file_ref idref="fl-4f"/>
      </object_component>
      <object_component id="oc-10c">
         <name>.bss</name>
         <uninitialized>true</uninitialized>
         <run_address>0x3614</run_address>
         <size>0x4</size>
         <input_file_ref idref="fl-51"/>
      </object_component>
      <object_component id="oc-19">
         <name>.bss</name>
         <uninitialized>true</uninitialized>
         <run_address>0x20000</run_address>
         <size>0x17706</size>
         <input_file_ref idref="fl-3"/>
      </object_component>
      <object_component id="oc-14">
         <name>.const:.string</name>
         <load_address>0x5618</load_address>
         <run_address>0x5618</run_address>
         <size>0x530</size>
         <input_file_ref idref="fl-2"/>
      </object_component>
      <object_component id="oc-124">
         <name>.const:__ctypes_</name>
         <load_address>0x5b48</load_address>
         <run_address>0x5b48</run_address>
         <size>0x202</size>
         <input_file_ref idref="fl-38"/>
      </object_component>
      <object_component id="oc-1d">
         <name>.const:.string</name>
         <load_address>0x5d4c</load_address>
         <run_address>0x5d4c</run_address>
         <size>0x4c</size>
         <input_file_ref idref="fl-3"/>
      </object_component>
      <object_component id="oc-8d">
         <name>.const:.string</name>
         <load_address>0x5d98</load_address>
         <run_address>0x5d98</run_address>
         <size>0x48</size>
         <input_file_ref idref="fl-33"/>
      </object_component>
      <object_component id="oc-8c">
         <name>.const</name>
         <load_address>0x5de0</load_address>
         <run_address>0x5de0</run_address>
         <size>0x18</size>
         <input_file_ref idref="fl-33"/>
      </object_component>
      <object_component id="oc-125">
         <name>.const:_initial_approx$1</name>
         <load_address>0x5df8</load_address>
         <run_address>0x5df8</run_address>
         <size>0x10</size>
         <input_file_ref idref="fl-39"/>
      </object_component>
      <object_component id="oc-27">
         <name>.const:.string</name>
         <load_address>0x5e08</load_address>
         <run_address>0x5e08</run_address>
         <size>0x6</size>
         <input_file_ref idref="fl-1d"/>
      </object_component>
      <object_component id="oc-58">
         <name>.const:.string</name>
         <load_address>0x5e10</load_address>
         <run_address>0x5e10</run_address>
         <size>0x4</size>
         <input_file_ref idref="fl-28"/>
      </object_component>
      <object_component id="oc-1c">
         <name>.const</name>
         <load_address>0x5e14</load_address>
         <run_address>0x5e14</run_address>
         <size>0x4</size>
         <input_file_ref idref="fl-3"/>
      </object_component>
      <object_component id="oc-4b">
         <name>.const</name>
         <load_address>0x5e18</load_address>
         <run_address>0x5e18</run_address>
         <size>0x4</size>
         <input_file_ref idref="fl-25"/>
      </object_component>
      <object_component id="oc-f0">
         <name>.sysmem</name>
         <uninitialized>true</uninitialized>
         <run_address>0x3618</run_address>
         <size>0x0</size>
         <input_file_ref idref="fl-4b"/>
      </object_component>
      <object_component id="oc-13e">
         <name>.sysmem</name>
         <uninitialized>true</uninitialized>
         <run_address>0x3618</run_address>
         <size>0x0</size>
      </object_component>
      <object_component id="oc-62">
         <name>.cinit</name>
         <load_address>0x40240</load_address>
         <run_address>0x40240</run_address>
         <size>0x5a</size>
         <input_file_ref idref="fl-2a"/>
      </object_component>
      <object_component id="oc-30">
         <name>.cinit</name>
         <load_address>0x4029a</load_address>
         <run_address>0x4029a</run_address>
         <size>0x54</size>
         <input_file_ref idref="fl-1f"/>
      </object_component>
      <object_component id="oc-1b">
         <name>.cinit</name>
         <load_address>0x402ee</load_address>
         <run_address>0x402ee</run_address>
         <size>0x28</size>
         <input_file_ref idref="fl-3"/>
      </object_component>
      <object_component id="oc-87">
         <name>.cinit</name>
         <load_address>0x40316</load_address>
         <run_address>0x40316</run_address>
         <size>0x14</size>
         <input_file_ref idref="fl-32"/>
      </object_component>
      <object_component id="oc-35">
         <name>.cinit</name>
         <load_address>0x4032a</load_address>
         <run_address>0x4032a</run_address>
         <size>0x14</size>
         <input_file_ref idref="fl-20"/>
      </object_component>
      <object_component id="oc-114">
         <name>.cinit</name>
         <load_address>0x4033e</load_address>
         <run_address>0x4033e</run_address>
         <size>0x10</size>
         <input_file_ref idref="fl-52"/>
      </object_component>
      <object_component id="oc-e9">
         <name>.cinit</name>
         <load_address>0x4034e</load_address>
         <run_address>0x4034e</run_address>
         <size>0x8</size>
         <input_file_ref idref="fl-4a"/>
      </object_component>
      <object_component id="oc-ef">
         <name>.cinit</name>
         <load_address>0x40356</load_address>
         <run_address>0x40356</run_address>
         <size>0x8</size>
         <input_file_ref idref="fl-4b"/>
      </object_component>
      <object_component id="oc-78">
         <name>.cio</name>
         <uninitialized>true</uninitialized>
         <run_address>0x40000</run_address>
         <size>0x240</size>
         <input_file_ref idref="fl-2f"/>
      </object_component>
      <object_component id="oc-11">
         <name>vectors</name>
         <load_address>0x4fe00</load_address>
         <run_address>0x4fe00</run_address>
         <size>0x100</size>
         <input_file_ref idref="fl-30"/>
      </object_component>
      <object_component id="oc-13">
         <name>.debug_info</name>
         <load_address>0x0</load_address>
         <run_address>0x0</run_address>
         <size>0x1dba</size>
         <input_file_ref idref="fl-2"/>
      </object_component>
      <object_component id="oc-1a">
         <name>.debug_info</name>
         <load_address>0x1dba</load_address>
         <run_address>0x1dba</run_address>
         <size>0x909</size>
         <input_file_ref idref="fl-3"/>
      </object_component>
      <object_component id="oc-22">
         <name>.debug_info</name>
         <load_address>0x26c3</load_address>
         <run_address>0x26c3</run_address>
         <size>0x5ab</size>
         <input_file_ref idref="fl-1c"/>
      </object_component>
      <object_component id="oc-26">
         <name>.debug_info</name>
         <load_address>0x2c6e</load_address>
         <run_address>0x2c6e</run_address>
         <size>0x702</size>
         <input_file_ref idref="fl-1d"/>
      </object_component>
      <object_component id="oc-2b">
         <name>.debug_info</name>
         <load_address>0x3370</load_address>
         <run_address>0x3370</run_address>
         <size>0xe8</size>
         <input_file_ref idref="fl-1e"/>
      </object_component>
      <object_component id="oc-2f">
         <name>.debug_info</name>
         <load_address>0x3458</load_address>
         <run_address>0x3458</run_address>
         <size>0x57e</size>
         <input_file_ref idref="fl-1f"/>
      </object_component>
      <object_component id="oc-34">
         <name>.debug_info</name>
         <load_address>0x39d6</load_address>
         <run_address>0x39d6</run_address>
         <size>0x5fb</size>
         <input_file_ref idref="fl-20"/>
      </object_component>
      <object_component id="oc-3a">
         <name>.debug_info</name>
         <load_address>0x3fd1</load_address>
         <run_address>0x3fd1</run_address>
         <size>0x706</size>
         <input_file_ref idref="fl-21"/>
      </object_component>
      <object_component id="oc-3e">
         <name>.debug_info</name>
         <load_address>0x46d7</load_address>
         <run_address>0x46d7</run_address>
         <size>0x4cf</size>
         <input_file_ref idref="fl-22"/>
      </object_component>
      <object_component id="oc-42">
         <name>.debug_info</name>
         <load_address>0x4ba6</load_address>
         <run_address>0x4ba6</run_address>
         <size>0x534</size>
         <input_file_ref idref="fl-23"/>
      </object_component>
      <object_component id="oc-46">
         <name>.debug_info</name>
         <load_address>0x50da</load_address>
         <run_address>0x50da</run_address>
         <size>0x4cf</size>
         <input_file_ref idref="fl-24"/>
      </object_component>
      <object_component id="oc-4a">
         <name>.debug_info</name>
         <load_address>0x55a9</load_address>
         <run_address>0x55a9</run_address>
         <size>0x549</size>
         <input_file_ref idref="fl-25"/>
      </object_component>
      <object_component id="oc-4f">
         <name>.debug_info</name>
         <load_address>0x5af2</load_address>
         <run_address>0x5af2</run_address>
         <size>0x763</size>
         <input_file_ref idref="fl-26"/>
      </object_component>
      <object_component id="oc-53">
         <name>.debug_info</name>
         <load_address>0x6255</load_address>
         <run_address>0x6255</run_address>
         <size>0x6aa</size>
         <input_file_ref idref="fl-27"/>
      </object_component>
      <object_component id="oc-57">
         <name>.debug_info</name>
         <load_address>0x68ff</load_address>
         <run_address>0x68ff</run_address>
         <size>0x942</size>
         <input_file_ref idref="fl-28"/>
      </object_component>
      <object_component id="oc-5c">
         <name>.debug_info</name>
         <load_address>0x7241</load_address>
         <run_address>0x7241</run_address>
         <size>0xeb</size>
         <input_file_ref idref="fl-29"/>
      </object_component>
      <object_component id="oc-61">
         <name>.debug_info</name>
         <load_address>0x732c</load_address>
         <run_address>0x732c</run_address>
         <size>0x144b</size>
         <input_file_ref idref="fl-2a"/>
      </object_component>
      <object_component id="oc-66">
         <name>.debug_info</name>
         <load_address>0x8777</load_address>
         <run_address>0x8777</run_address>
         <size>0xd1</size>
         <input_file_ref idref="fl-2b"/>
      </object_component>
      <object_component id="oc-6a">
         <name>.debug_info</name>
         <load_address>0x8848</load_address>
         <run_address>0x8848</run_address>
         <size>0x55b</size>
         <input_file_ref idref="fl-2c"/>
      </object_component>
      <object_component id="oc-6e">
         <name>.debug_info</name>
         <load_address>0x8da3</load_address>
         <run_address>0x8da3</run_address>
         <size>0x76c</size>
         <input_file_ref idref="fl-2d"/>
      </object_component>
      <object_component id="oc-73">
         <name>.debug_info</name>
         <load_address>0x950f</load_address>
         <run_address>0x950f</run_address>
         <size>0xed4</size>
         <input_file_ref idref="fl-2e"/>
      </object_component>
      <object_component id="oc-77">
         <name>.debug_info</name>
         <load_address>0xa3e3</load_address>
         <run_address>0xa3e3</run_address>
         <size>0x744</size>
         <input_file_ref idref="fl-2f"/>
      </object_component>
      <object_component id="oc-7d">
         <name>.debug_info</name>
         <load_address>0xab27</load_address>
         <run_address>0xab27</run_address>
         <size>0xbc</size>
         <input_file_ref idref="fl-30"/>
      </object_component>
      <object_component id="oc-81">
         <name>.debug_info</name>
         <load_address>0xabe3</load_address>
         <run_address>0xabe3</run_address>
         <size>0x662</size>
         <input_file_ref idref="fl-31"/>
      </object_component>
      <object_component id="oc-86">
         <name>.debug_info</name>
         <load_address>0xb245</load_address>
         <run_address>0xb245</run_address>
         <size>0x5bc</size>
         <input_file_ref idref="fl-32"/>
      </object_component>
      <object_component id="oc-8b">
         <name>.debug_info</name>
         <load_address>0xb801</load_address>
         <run_address>0xb801</run_address>
         <size>0x27bd</size>
         <input_file_ref idref="fl-33"/>
      </object_component>
      <object_component id="oc-91">
         <name>.debug_info</name>
         <load_address>0xdfbe</load_address>
         <run_address>0xdfbe</run_address>
         <size>0x586</size>
         <input_file_ref idref="fl-34"/>
      </object_component>
      <object_component id="oc-95">
         <name>.debug_info</name>
         <load_address>0xe544</load_address>
         <run_address>0xe544</run_address>
         <size>0x5a4</size>
         <input_file_ref idref="fl-35"/>
      </object_component>
      <object_component id="oc-99">
         <name>.debug_info</name>
         <load_address>0xeae8</load_address>
         <run_address>0xeae8</run_address>
         <size>0xcd</size>
         <input_file_ref idref="fl-36"/>
      </object_component>
      <object_component id="oc-9d">
         <name>.debug_info</name>
         <load_address>0xebb5</load_address>
         <run_address>0xebb5</run_address>
         <size>0x81f</size>
         <input_file_ref idref="fl-37"/>
      </object_component>
      <object_component id="oc-a0">
         <name>.debug_info</name>
         <load_address>0xf3d4</load_address>
         <run_address>0xf3d4</run_address>
         <size>0x498</size>
         <input_file_ref idref="fl-38"/>
      </object_component>
      <object_component id="oc-a3">
         <name>.debug_info</name>
         <load_address>0xf86c</load_address>
         <run_address>0xf86c</run_address>
         <size>0x7e8</size>
         <input_file_ref idref="fl-39"/>
      </object_component>
      <object_component id="oc-a7">
         <name>.debug_info</name>
         <load_address>0x10054</load_address>
         <run_address>0x10054</run_address>
         <size>0x534</size>
         <input_file_ref idref="fl-3a"/>
      </object_component>
      <object_component id="oc-ab">
         <name>.debug_info</name>
         <load_address>0x10588</load_address>
         <run_address>0x10588</run_address>
         <size>0x4d2</size>
         <input_file_ref idref="fl-3b"/>
      </object_component>
      <object_component id="oc-af">
         <name>.debug_info</name>
         <load_address>0x10a5a</load_address>
         <run_address>0x10a5a</run_address>
         <size>0x53e</size>
         <input_file_ref idref="fl-3c"/>
      </object_component>
      <object_component id="oc-b3">
         <name>.debug_info</name>
         <load_address>0x10f98</load_address>
         <run_address>0x10f98</run_address>
         <size>0x5f7</size>
         <input_file_ref idref="fl-3d"/>
      </object_component>
      <object_component id="oc-b7">
         <name>.debug_info</name>
         <load_address>0x1158f</load_address>
         <run_address>0x1158f</run_address>
         <size>0x680</size>
         <input_file_ref idref="fl-3e"/>
      </object_component>
      <object_component id="oc-bb">
         <name>.debug_info</name>
         <load_address>0x11c0f</load_address>
         <run_address>0x11c0f</run_address>
         <size>0x7d4</size>
         <input_file_ref idref="fl-3f"/>
      </object_component>
      <object_component id="oc-bf">
         <name>.debug_info</name>
         <load_address>0x123e3</load_address>
         <run_address>0x123e3</run_address>
         <size>0xbd</size>
         <input_file_ref idref="fl-40"/>
      </object_component>
      <object_component id="oc-c3">
         <name>.debug_info</name>
         <load_address>0x124a0</load_address>
         <run_address>0x124a0</run_address>
         <size>0x5ad</size>
         <input_file_ref idref="fl-41"/>
      </object_component>
      <object_component id="oc-c7">
         <name>.debug_info</name>
         <load_address>0x12a4d</load_address>
         <run_address>0x12a4d</run_address>
         <size>0x574</size>
         <input_file_ref idref="fl-42"/>
      </object_component>
      <object_component id="oc-cb">
         <name>.debug_info</name>
         <load_address>0x12fc1</load_address>
         <run_address>0x12fc1</run_address>
         <size>0x4b7</size>
         <input_file_ref idref="fl-43"/>
      </object_component>
      <object_component id="oc-cf">
         <name>.debug_info</name>
         <load_address>0x13478</load_address>
         <run_address>0x13478</run_address>
         <size>0x4f2</size>
         <input_file_ref idref="fl-44"/>
      </object_component>
      <object_component id="oc-d3">
         <name>.debug_info</name>
         <load_address>0x1396a</load_address>
         <run_address>0x1396a</run_address>
         <size>0x534</size>
         <input_file_ref idref="fl-45"/>
      </object_component>
      <object_component id="oc-d7">
         <name>.debug_info</name>
         <load_address>0x13e9e</load_address>
         <run_address>0x13e9e</run_address>
         <size>0x64a</size>
         <input_file_ref idref="fl-46"/>
      </object_component>
      <object_component id="oc-db">
         <name>.debug_info</name>
         <load_address>0x144e8</load_address>
         <run_address>0x144e8</run_address>
         <size>0x4de</size>
         <input_file_ref idref="fl-47"/>
      </object_component>
      <object_component id="oc-df">
         <name>.debug_info</name>
         <load_address>0x149c6</load_address>
         <run_address>0x149c6</run_address>
         <size>0xef</size>
         <input_file_ref idref="fl-48"/>
      </object_component>
      <object_component id="oc-e3">
         <name>.debug_info</name>
         <load_address>0x14ab5</load_address>
         <run_address>0x14ab5</run_address>
         <size>0x4f2</size>
         <input_file_ref idref="fl-49"/>
      </object_component>
      <object_component id="oc-e8">
         <name>.debug_info</name>
         <load_address>0x14fa7</load_address>
         <run_address>0x14fa7</run_address>
         <size>0xa1c</size>
         <input_file_ref idref="fl-4a"/>
      </object_component>
      <object_component id="oc-ee">
         <name>.debug_info</name>
         <load_address>0x159c3</load_address>
         <run_address>0x159c3</run_address>
         <size>0xb97</size>
         <input_file_ref idref="fl-4b"/>
      </object_component>
      <object_component id="oc-f4">
         <name>.debug_info</name>
         <load_address>0x1655a</load_address>
         <run_address>0x1655a</run_address>
         <size>0x64f</size>
         <input_file_ref idref="fl-4c"/>
      </object_component>
      <object_component id="oc-f8">
         <name>.debug_info</name>
         <load_address>0x16ba9</load_address>
         <run_address>0x16ba9</run_address>
         <size>0x510</size>
         <input_file_ref idref="fl-4d"/>
      </object_component>
      <object_component id="oc-fc">
         <name>.debug_info</name>
         <load_address>0x170b9</load_address>
         <run_address>0x170b9</run_address>
         <size>0xc5f</size>
         <input_file_ref idref="fl-4e"/>
      </object_component>
      <object_component id="oc-102">
         <name>.debug_info</name>
         <load_address>0x17d18</load_address>
         <run_address>0x17d18</run_address>
         <size>0xef6</size>
         <input_file_ref idref="fl-4f"/>
      </object_component>
      <object_component id="oc-107">
         <name>.debug_info</name>
         <load_address>0x18c0e</load_address>
         <run_address>0x18c0e</run_address>
         <size>0xa39</size>
         <input_file_ref idref="fl-50"/>
      </object_component>
      <object_component id="oc-10d">
         <name>.debug_info</name>
         <load_address>0x19647</load_address>
         <run_address>0x19647</run_address>
         <size>0x14e3</size>
         <input_file_ref idref="fl-51"/>
      </object_component>
      <object_component id="oc-113">
         <name>.debug_info</name>
         <load_address>0x1ab2a</load_address>
         <run_address>0x1ab2a</run_address>
         <size>0x713f</size>
         <input_file_ref idref="fl-52"/>
      </object_component>
      <object_component id="oc-11a">
         <name>.debug_info</name>
         <load_address>0x21c69</load_address>
         <run_address>0x21c69</run_address>
         <size>0x745d</size>
         <input_file_ref idref="fl-53"/>
      </object_component>
      <object_component id="oc-11f">
         <name>.debug_info</name>
         <load_address>0x290c6</load_address>
         <run_address>0x290c6</run_address>
         <size>0x6d22</size>
         <input_file_ref idref="fl-54"/>
      </object_component>
      <object_component id="oc-148">
         <name>.debug_info</name>
         <load_address>0x2fde8</load_address>
         <run_address>0x2fde8</run_address>
         <size>0x70</size>
      </object_component>
      <object_component id="oc-15">
         <name>.debug_frame</name>
         <load_address>0x0</load_address>
         <run_address>0x0</run_address>
         <size>0x1c0</size>
         <input_file_ref idref="fl-2"/>
      </object_component>
      <object_component id="oc-1e">
         <name>.debug_frame</name>
         <load_address>0x1c0</load_address>
         <run_address>0x1c0</run_address>
         <size>0xe2</size>
         <input_file_ref idref="fl-3"/>
      </object_component>
      <object_component id="oc-fd">
         <name>.debug_frame</name>
         <load_address>0x2a2</load_address>
         <run_address>0x2a2</run_address>
         <size>0x116</size>
         <input_file_ref idref="fl-4e"/>
      </object_component>
      <object_component id="oc-103">
         <name>.debug_frame</name>
         <load_address>0x3b8</load_address>
         <run_address>0x3b8</run_address>
         <size>0x138</size>
         <input_file_ref idref="fl-4f"/>
      </object_component>
      <object_component id="oc-108">
         <name>.debug_frame</name>
         <load_address>0x4f0</load_address>
         <run_address>0x4f0</run_address>
         <size>0x138</size>
         <input_file_ref idref="fl-50"/>
      </object_component>
      <object_component id="oc-10e">
         <name>.debug_frame</name>
         <load_address>0x628</load_address>
         <run_address>0x628</run_address>
         <size>0x171</size>
         <input_file_ref idref="fl-51"/>
      </object_component>
      <object_component id="oc-115">
         <name>.debug_frame</name>
         <load_address>0x799</load_address>
         <run_address>0x799</run_address>
         <size>0x197</size>
         <input_file_ref idref="fl-52"/>
      </object_component>
      <object_component id="oc-11b">
         <name>.debug_frame</name>
         <load_address>0x930</load_address>
         <run_address>0x930</run_address>
         <size>0x1ef</size>
         <input_file_ref idref="fl-53"/>
      </object_component>
      <object_component id="oc-120">
         <name>.debug_frame</name>
         <load_address>0xb1f</load_address>
         <run_address>0xb1f</run_address>
         <size>0x224</size>
         <input_file_ref idref="fl-54"/>
      </object_component>
      <object_component id="oc-16">
         <name>.debug_line</name>
         <load_address>0x0</load_address>
         <run_address>0x0</run_address>
         <size>0x1be</size>
         <input_file_ref idref="fl-2"/>
      </object_component>
      <object_component id="oc-1f">
         <name>.debug_line</name>
         <load_address>0x1be</load_address>
         <run_address>0x1be</run_address>
         <size>0x62</size>
         <input_file_ref idref="fl-3"/>
      </object_component>
      <object_component id="oc-23">
         <name>.debug_line</name>
         <load_address>0x220</load_address>
         <run_address>0x220</run_address>
         <size>0x5c</size>
         <input_file_ref idref="fl-1c"/>
      </object_component>
      <object_component id="oc-28">
         <name>.debug_line</name>
         <load_address>0x27c</load_address>
         <run_address>0x27c</run_address>
         <size>0x5f</size>
         <input_file_ref idref="fl-1d"/>
      </object_component>
      <object_component id="oc-2c">
         <name>.debug_line</name>
         <load_address>0x2db</load_address>
         <run_address>0x2db</run_address>
         <size>0x54</size>
         <input_file_ref idref="fl-1e"/>
      </object_component>
      <object_component id="oc-37">
         <name>.debug_line</name>
         <load_address>0x32f</load_address>
         <run_address>0x32f</run_address>
         <size>0x51</size>
         <input_file_ref idref="fl-20"/>
      </object_component>
      <object_component id="oc-3b">
         <name>.debug_line</name>
         <load_address>0x380</load_address>
         <run_address>0x380</run_address>
         <size>0x5b</size>
         <input_file_ref idref="fl-21"/>
      </object_component>
      <object_component id="oc-3f">
         <name>.debug_line</name>
         <load_address>0x3db</load_address>
         <run_address>0x3db</run_address>
         <size>0x3d</size>
         <input_file_ref idref="fl-22"/>
      </object_component>
      <object_component id="oc-43">
         <name>.debug_line</name>
         <load_address>0x418</load_address>
         <run_address>0x418</run_address>
         <size>0x3d</size>
         <input_file_ref idref="fl-23"/>
      </object_component>
      <object_component id="oc-47">
         <name>.debug_line</name>
         <load_address>0x455</load_address>
         <run_address>0x455</run_address>
         <size>0x3d</size>
         <input_file_ref idref="fl-24"/>
      </object_component>
      <object_component id="oc-4c">
         <name>.debug_line</name>
         <load_address>0x492</load_address>
         <run_address>0x492</run_address>
         <size>0x44</size>
         <input_file_ref idref="fl-25"/>
      </object_component>
      <object_component id="oc-50">
         <name>.debug_line</name>
         <load_address>0x4d6</load_address>
         <run_address>0x4d6</run_address>
         <size>0x6a</size>
         <input_file_ref idref="fl-26"/>
      </object_component>
      <object_component id="oc-54">
         <name>.debug_line</name>
         <load_address>0x540</load_address>
         <run_address>0x540</run_address>
         <size>0x56</size>
         <input_file_ref idref="fl-27"/>
      </object_component>
      <object_component id="oc-59">
         <name>.debug_line</name>
         <load_address>0x596</load_address>
         <run_address>0x596</run_address>
         <size>0xa8</size>
         <input_file_ref idref="fl-28"/>
      </object_component>
      <object_component id="oc-5d">
         <name>.debug_line</name>
         <load_address>0x63e</load_address>
         <run_address>0x63e</run_address>
         <size>0x5c</size>
         <input_file_ref idref="fl-29"/>
      </object_component>
      <object_component id="oc-63">
         <name>.debug_line</name>
         <load_address>0x69a</load_address>
         <run_address>0x69a</run_address>
         <size>0x1b0</size>
         <input_file_ref idref="fl-2a"/>
      </object_component>
      <object_component id="oc-67">
         <name>.debug_line</name>
         <load_address>0x84a</load_address>
         <run_address>0x84a</run_address>
         <size>0x4d</size>
         <input_file_ref idref="fl-2b"/>
      </object_component>
      <object_component id="oc-6b">
         <name>.debug_line</name>
         <load_address>0x897</load_address>
         <run_address>0x897</run_address>
         <size>0x3c</size>
         <input_file_ref idref="fl-2c"/>
      </object_component>
      <object_component id="oc-6f">
         <name>.debug_line</name>
         <load_address>0x8d3</load_address>
         <run_address>0x8d3</run_address>
         <size>0x69</size>
         <input_file_ref idref="fl-2d"/>
      </object_component>
      <object_component id="oc-74">
         <name>.debug_line</name>
         <load_address>0x93c</load_address>
         <run_address>0x93c</run_address>
         <size>0x15d</size>
         <input_file_ref idref="fl-2e"/>
      </object_component>
      <object_component id="oc-7a">
         <name>.debug_line</name>
         <load_address>0xa99</load_address>
         <run_address>0xa99</run_address>
         <size>0x6a</size>
         <input_file_ref idref="fl-2f"/>
      </object_component>
      <object_component id="oc-7e">
         <name>.debug_line</name>
         <load_address>0xb03</load_address>
         <run_address>0xb03</run_address>
         <size>0x37</size>
         <input_file_ref idref="fl-30"/>
      </object_component>
      <object_component id="oc-82">
         <name>.debug_line</name>
         <load_address>0xb3a</load_address>
         <run_address>0xb3a</run_address>
         <size>0x57</size>
         <input_file_ref idref="fl-31"/>
      </object_component>
      <object_component id="oc-88">
         <name>.debug_line</name>
         <load_address>0xb91</load_address>
         <run_address>0xb91</run_address>
         <size>0x57</size>
         <input_file_ref idref="fl-32"/>
      </object_component>
      <object_component id="oc-8e">
         <name>.debug_line</name>
         <load_address>0xbe8</load_address>
         <run_address>0xbe8</run_address>
         <size>0x328</size>
         <input_file_ref idref="fl-33"/>
      </object_component>
      <object_component id="oc-92">
         <name>.debug_line</name>
         <load_address>0xf10</load_address>
         <run_address>0xf10</run_address>
         <size>0x41</size>
         <input_file_ref idref="fl-34"/>
      </object_component>
      <object_component id="oc-96">
         <name>.debug_line</name>
         <load_address>0xf51</load_address>
         <run_address>0xf51</run_address>
         <size>0x46</size>
         <input_file_ref idref="fl-35"/>
      </object_component>
      <object_component id="oc-9a">
         <name>.debug_line</name>
         <load_address>0xf97</load_address>
         <run_address>0xf97</run_address>
         <size>0x55</size>
         <input_file_ref idref="fl-36"/>
      </object_component>
      <object_component id="oc-9e">
         <name>.debug_line</name>
         <load_address>0xfec</load_address>
         <run_address>0xfec</run_address>
         <size>0xad</size>
         <input_file_ref idref="fl-37"/>
      </object_component>
      <object_component id="oc-a4">
         <name>.debug_line</name>
         <load_address>0x1099</load_address>
         <run_address>0x1099</run_address>
         <size>0x5b</size>
         <input_file_ref idref="fl-39"/>
      </object_component>
      <object_component id="oc-a8">
         <name>.debug_line</name>
         <load_address>0x10f4</load_address>
         <run_address>0x10f4</run_address>
         <size>0x44</size>
         <input_file_ref idref="fl-3a"/>
      </object_component>
      <object_component id="oc-ac">
         <name>.debug_line</name>
         <load_address>0x1138</load_address>
         <run_address>0x1138</run_address>
         <size>0x3a</size>
         <input_file_ref idref="fl-3b"/>
      </object_component>
      <object_component id="oc-b0">
         <name>.debug_line</name>
         <load_address>0x1172</load_address>
         <run_address>0x1172</run_address>
         <size>0x40</size>
         <input_file_ref idref="fl-3c"/>
      </object_component>
      <object_component id="oc-b4">
         <name>.debug_line</name>
         <load_address>0x11b2</load_address>
         <run_address>0x11b2</run_address>
         <size>0x3c</size>
         <input_file_ref idref="fl-3d"/>
      </object_component>
      <object_component id="oc-b8">
         <name>.debug_line</name>
         <load_address>0x11ee</load_address>
         <run_address>0x11ee</run_address>
         <size>0x38</size>
         <input_file_ref idref="fl-3e"/>
      </object_component>
      <object_component id="oc-bc">
         <name>.debug_line</name>
         <load_address>0x1226</load_address>
         <run_address>0x1226</run_address>
         <size>0xa8</size>
         <input_file_ref idref="fl-3f"/>
      </object_component>
      <object_component id="oc-c0">
         <name>.debug_line</name>
         <load_address>0x12ce</load_address>
         <run_address>0x12ce</run_address>
         <size>0x3c</size>
         <input_file_ref idref="fl-40"/>
      </object_component>
      <object_component id="oc-c4">
         <name>.debug_line</name>
         <load_address>0x130a</load_address>
         <run_address>0x130a</run_address>
         <size>0x40</size>
         <input_file_ref idref="fl-41"/>
      </object_component>
      <object_component id="oc-c8">
         <name>.debug_line</name>
         <load_address>0x134a</load_address>
         <run_address>0x134a</run_address>
         <size>0x3c</size>
         <input_file_ref idref="fl-42"/>
      </object_component>
      <object_component id="oc-cc">
         <name>.debug_line</name>
         <load_address>0x1386</load_address>
         <run_address>0x1386</run_address>
         <size>0x37</size>
         <input_file_ref idref="fl-43"/>
      </object_component>
      <object_component id="oc-d0">
         <name>.debug_line</name>
         <load_address>0x13bd</load_address>
         <run_address>0x13bd</run_address>
         <size>0x3c</size>
         <input_file_ref idref="fl-44"/>
      </object_component>
      <object_component id="oc-d4">
         <name>.debug_line</name>
         <load_address>0x13f9</load_address>
         <run_address>0x13f9</run_address>
         <size>0x44</size>
         <input_file_ref idref="fl-45"/>
      </object_component>
      <object_component id="oc-d8">
         <name>.debug_line</name>
         <load_address>0x143d</load_address>
         <run_address>0x143d</run_address>
         <size>0x3f</size>
         <input_file_ref idref="fl-46"/>
      </object_component>
      <object_component id="oc-dc">
         <name>.debug_line</name>
         <load_address>0x147c</load_address>
         <run_address>0x147c</run_address>
         <size>0x37</size>
         <input_file_ref idref="fl-47"/>
      </object_component>
      <object_component id="oc-e0">
         <name>.debug_line</name>
         <load_address>0x14b3</load_address>
         <run_address>0x14b3</run_address>
         <size>0x58</size>
         <input_file_ref idref="fl-48"/>
      </object_component>
      <object_component id="oc-e4">
         <name>.debug_line</name>
         <load_address>0x150b</load_address>
         <run_address>0x150b</run_address>
         <size>0x3c</size>
         <input_file_ref idref="fl-49"/>
      </object_component>
      <object_component id="oc-ea">
         <name>.debug_line</name>
         <load_address>0x1547</load_address>
         <run_address>0x1547</run_address>
         <size>0xd7</size>
         <input_file_ref idref="fl-4a"/>
      </object_component>
      <object_component id="oc-f1">
         <name>.debug_line</name>
         <load_address>0x161e</load_address>
         <run_address>0x161e</run_address>
         <size>0x112</size>
         <input_file_ref idref="fl-4b"/>
      </object_component>
      <object_component id="oc-f5">
         <name>.debug_line</name>
         <load_address>0x1730</load_address>
         <run_address>0x1730</run_address>
         <size>0x3d</size>
         <input_file_ref idref="fl-4c"/>
      </object_component>
      <object_component id="oc-f9">
         <name>.debug_line</name>
         <load_address>0x176d</load_address>
         <run_address>0x176d</run_address>
         <size>0x39</size>
         <input_file_ref idref="fl-4d"/>
      </object_component>
      <object_component id="oc-fe">
         <name>.debug_line</name>
         <load_address>0x17a6</load_address>
         <run_address>0x17a6</run_address>
         <size>0x86</size>
         <input_file_ref idref="fl-4e"/>
      </object_component>
      <object_component id="oc-104">
         <name>.debug_line</name>
         <load_address>0x182c</load_address>
         <run_address>0x182c</run_address>
         <size>0xa3</size>
         <input_file_ref idref="fl-4f"/>
      </object_component>
      <object_component id="oc-109">
         <name>.debug_line</name>
         <load_address>0x18cf</load_address>
         <run_address>0x18cf</run_address>
         <size>0xab</size>
         <input_file_ref idref="fl-50"/>
      </object_component>
      <object_component id="oc-10f">
         <name>.debug_line</name>
         <load_address>0x197a</load_address>
         <run_address>0x197a</run_address>
         <size>0xea</size>
         <input_file_ref idref="fl-51"/>
      </object_component>
      <object_component id="oc-116">
         <name>.debug_line</name>
         <load_address>0x1a64</load_address>
         <run_address>0x1a64</run_address>
         <size>0x960</size>
         <input_file_ref idref="fl-52"/>
      </object_component>
      <object_component id="oc-11c">
         <name>.debug_line</name>
         <load_address>0x23c4</load_address>
         <run_address>0x23c4</run_address>
         <size>0x981</size>
         <input_file_ref idref="fl-53"/>
      </object_component>
      <object_component id="oc-121">
         <name>.debug_line</name>
         <load_address>0x2d45</load_address>
         <run_address>0x2d45</run_address>
         <size>0x7dc</size>
         <input_file_ref idref="fl-54"/>
      </object_component>
      <object_component id="oc-17">
         <name>.debug_abbrev</name>
         <load_address>0x0</load_address>
         <run_address>0x0</run_address>
         <size>0x1b1</size>
         <input_file_ref idref="fl-2"/>
      </object_component>
      <object_component id="oc-20">
         <name>.debug_abbrev</name>
         <load_address>0x1b1</load_address>
         <run_address>0x1b1</run_address>
         <size>0x118</size>
         <input_file_ref idref="fl-3"/>
      </object_component>
      <object_component id="oc-24">
         <name>.debug_abbrev</name>
         <load_address>0x2c9</load_address>
         <run_address>0x2c9</run_address>
         <size>0xd4</size>
         <input_file_ref idref="fl-1c"/>
      </object_component>
      <object_component id="oc-29">
         <name>.debug_abbrev</name>
         <load_address>0x39d</load_address>
         <run_address>0x39d</run_address>
         <size>0x114</size>
         <input_file_ref idref="fl-1d"/>
      </object_component>
      <object_component id="oc-2d">
         <name>.debug_abbrev</name>
         <load_address>0x4b1</load_address>
         <run_address>0x4b1</run_address>
         <size>0x3a</size>
         <input_file_ref idref="fl-1e"/>
      </object_component>
      <object_component id="oc-31">
         <name>.debug_abbrev</name>
         <load_address>0x4eb</load_address>
         <run_address>0x4eb</run_address>
         <size>0x83</size>
         <input_file_ref idref="fl-1f"/>
      </object_component>
      <object_component id="oc-38">
         <name>.debug_abbrev</name>
         <load_address>0x56e</load_address>
         <run_address>0x56e</run_address>
         <size>0xf7</size>
         <input_file_ref idref="fl-20"/>
      </object_component>
      <object_component id="oc-3c">
         <name>.debug_abbrev</name>
         <load_address>0x665</load_address>
         <run_address>0x665</run_address>
         <size>0x136</size>
         <input_file_ref idref="fl-21"/>
      </object_component>
      <object_component id="oc-40">
         <name>.debug_abbrev</name>
         <load_address>0x79b</load_address>
         <run_address>0x79b</run_address>
         <size>0x8f</size>
         <input_file_ref idref="fl-22"/>
      </object_component>
      <object_component id="oc-44">
         <name>.debug_abbrev</name>
         <load_address>0x82a</load_address>
         <run_address>0x82a</run_address>
         <size>0xb7</size>
         <input_file_ref idref="fl-23"/>
      </object_component>
      <object_component id="oc-48">
         <name>.debug_abbrev</name>
         <load_address>0x8e1</load_address>
         <run_address>0x8e1</run_address>
         <size>0x8f</size>
         <input_file_ref idref="fl-24"/>
      </object_component>
      <object_component id="oc-4d">
         <name>.debug_abbrev</name>
         <load_address>0x970</load_address>
         <run_address>0x970</run_address>
         <size>0xc2</size>
         <input_file_ref idref="fl-25"/>
      </object_component>
      <object_component id="oc-51">
         <name>.debug_abbrev</name>
         <load_address>0xa32</load_address>
         <run_address>0xa32</run_address>
         <size>0x123</size>
         <input_file_ref idref="fl-26"/>
      </object_component>
      <object_component id="oc-55">
         <name>.debug_abbrev</name>
         <load_address>0xb55</load_address>
         <run_address>0xb55</run_address>
         <size>0x103</size>
         <input_file_ref idref="fl-27"/>
      </object_component>
      <object_component id="oc-5a">
         <name>.debug_abbrev</name>
         <load_address>0xc58</load_address>
         <run_address>0xc58</run_address>
         <size>0x140</size>
         <input_file_ref idref="fl-28"/>
      </object_component>
      <object_component id="oc-5e">
         <name>.debug_abbrev</name>
         <load_address>0xd98</load_address>
         <run_address>0xd98</run_address>
         <size>0x38</size>
         <input_file_ref idref="fl-29"/>
      </object_component>
      <object_component id="oc-64">
         <name>.debug_abbrev</name>
         <load_address>0xdd0</load_address>
         <run_address>0xdd0</run_address>
         <size>0x225</size>
         <input_file_ref idref="fl-2a"/>
      </object_component>
      <object_component id="oc-68">
         <name>.debug_abbrev</name>
         <load_address>0xff5</load_address>
         <run_address>0xff5</run_address>
         <size>0x38</size>
         <input_file_ref idref="fl-2b"/>
      </object_component>
      <object_component id="oc-6c">
         <name>.debug_abbrev</name>
         <load_address>0x102d</load_address>
         <run_address>0x102d</run_address>
         <size>0xdc</size>
         <input_file_ref idref="fl-2c"/>
      </object_component>
      <object_component id="oc-70">
         <name>.debug_abbrev</name>
         <load_address>0x1109</load_address>
         <run_address>0x1109</run_address>
         <size>0x145</size>
         <input_file_ref idref="fl-2d"/>
      </object_component>
      <object_component id="oc-75">
         <name>.debug_abbrev</name>
         <load_address>0x124e</load_address>
         <run_address>0x124e</run_address>
         <size>0x15a</size>
         <input_file_ref idref="fl-2e"/>
      </object_component>
      <object_component id="oc-7b">
         <name>.debug_abbrev</name>
         <load_address>0x13a8</load_address>
         <run_address>0x13a8</run_address>
         <size>0xde</size>
         <input_file_ref idref="fl-2f"/>
      </object_component>
      <object_component id="oc-7f">
         <name>.debug_abbrev</name>
         <load_address>0x1486</load_address>
         <run_address>0x1486</run_address>
         <size>0x26</size>
         <input_file_ref idref="fl-30"/>
      </object_component>
      <object_component id="oc-83">
         <name>.debug_abbrev</name>
         <load_address>0x14ac</load_address>
         <run_address>0x14ac</run_address>
         <size>0xd1</size>
         <input_file_ref idref="fl-31"/>
      </object_component>
      <object_component id="oc-89">
         <name>.debug_abbrev</name>
         <load_address>0x157d</load_address>
         <run_address>0x157d</run_address>
         <size>0x9f</size>
         <input_file_ref idref="fl-32"/>
      </object_component>
      <object_component id="oc-8f">
         <name>.debug_abbrev</name>
         <load_address>0x161c</load_address>
         <run_address>0x161c</run_address>
         <size>0x1f8</size>
         <input_file_ref idref="fl-33"/>
      </object_component>
      <object_component id="oc-93">
         <name>.debug_abbrev</name>
         <load_address>0x1814</load_address>
         <run_address>0x1814</run_address>
         <size>0xec</size>
         <input_file_ref idref="fl-34"/>
      </object_component>
      <object_component id="oc-97">
         <name>.debug_abbrev</name>
         <load_address>0x1900</load_address>
         <run_address>0x1900</run_address>
         <size>0xd5</size>
         <input_file_ref idref="fl-35"/>
      </object_component>
      <object_component id="oc-9b">
         <name>.debug_abbrev</name>
         <load_address>0x19d5</load_address>
         <run_address>0x19d5</run_address>
         <size>0x44</size>
         <input_file_ref idref="fl-36"/>
      </object_component>
      <object_component id="oc-9f">
         <name>.debug_abbrev</name>
         <load_address>0x1a19</load_address>
         <run_address>0x1a19</run_address>
         <size>0xb7</size>
         <input_file_ref idref="fl-37"/>
      </object_component>
      <object_component id="oc-a1">
         <name>.debug_abbrev</name>
         <load_address>0x1ad0</load_address>
         <run_address>0x1ad0</run_address>
         <size>0x68</size>
         <input_file_ref idref="fl-38"/>
      </object_component>
      <object_component id="oc-a5">
         <name>.debug_abbrev</name>
         <load_address>0x1b38</load_address>
         <run_address>0x1b38</run_address>
         <size>0x112</size>
         <input_file_ref idref="fl-39"/>
      </object_component>
      <object_component id="oc-a9">
         <name>.debug_abbrev</name>
         <load_address>0x1c4a</load_address>
         <run_address>0x1c4a</run_address>
         <size>0xb5</size>
         <input_file_ref idref="fl-3a"/>
      </object_component>
      <object_component id="oc-ad">
         <name>.debug_abbrev</name>
         <load_address>0x1cff</load_address>
         <run_address>0x1cff</run_address>
         <size>0x81</size>
         <input_file_ref idref="fl-3b"/>
      </object_component>
      <object_component id="oc-b1">
         <name>.debug_abbrev</name>
         <load_address>0x1d80</load_address>
         <run_address>0x1d80</run_address>
         <size>0x9a</size>
         <input_file_ref idref="fl-3c"/>
      </object_component>
      <object_component id="oc-b5">
         <name>.debug_abbrev</name>
         <load_address>0x1e1a</load_address>
         <run_address>0x1e1a</run_address>
         <size>0xd1</size>
         <input_file_ref idref="fl-3d"/>
      </object_component>
      <object_component id="oc-b9">
         <name>.debug_abbrev</name>
         <load_address>0x1eeb</load_address>
         <run_address>0x1eeb</run_address>
         <size>0xd0</size>
         <input_file_ref idref="fl-3e"/>
      </object_component>
      <object_component id="oc-bd">
         <name>.debug_abbrev</name>
         <load_address>0x1fbb</load_address>
         <run_address>0x1fbb</run_address>
         <size>0xb7</size>
         <input_file_ref idref="fl-3f"/>
      </object_component>
      <object_component id="oc-c1">
         <name>.debug_abbrev</name>
         <load_address>0x2072</load_address>
         <run_address>0x2072</run_address>
         <size>0x38</size>
         <input_file_ref idref="fl-40"/>
      </object_component>
      <object_component id="oc-c5">
         <name>.debug_abbrev</name>
         <load_address>0x20aa</load_address>
         <run_address>0x20aa</run_address>
         <size>0xec</size>
         <input_file_ref idref="fl-41"/>
      </object_component>
      <object_component id="oc-c9">
         <name>.debug_abbrev</name>
         <load_address>0x2196</load_address>
         <run_address>0x2196</run_address>
         <size>0xb7</size>
         <input_file_ref idref="fl-42"/>
      </object_component>
      <object_component id="oc-cd">
         <name>.debug_abbrev</name>
         <load_address>0x224d</load_address>
         <run_address>0x224d</run_address>
         <size>0x81</size>
         <input_file_ref idref="fl-43"/>
      </object_component>
      <object_component id="oc-d1">
         <name>.debug_abbrev</name>
         <load_address>0x22ce</load_address>
         <run_address>0x22ce</run_address>
         <size>0xa6</size>
         <input_file_ref idref="fl-44"/>
      </object_component>
      <object_component id="oc-d5">
         <name>.debug_abbrev</name>
         <load_address>0x2374</load_address>
         <run_address>0x2374</run_address>
         <size>0xb5</size>
         <input_file_ref idref="fl-45"/>
      </object_component>
[...]
      </symbol>
      <symbol id="sm-184">
         <name>_printf</name>
         <value>0x3d84b</value>
         <object_component_ref idref="oc-6d"/>
      </symbol>
      <symbol id="sm-190">
         <name>_HOSTopen</name>
         <value>0x3b1b4</value>
         <object_component_ref idref="oc-71"/>
      </symbol>
      <symbol id="sm-191">
         <name>_HOSTread</name>
         <value>0x3b127</value>
         <object_component_ref idref="oc-71"/>
      </symbol>
      <symbol id="sm-192">
         <name>_HOSTtime</name>
         <value>0x3b01b</value>
         <object_component_ref idref="oc-71"/>
      </symbol>
      <symbol id="sm-193">
         <name>_getenv</name>
         <value>0x3aea9</value>
         <object_component_ref idref="oc-71"/>
      </symbol>
      <symbol id="sm-194">
         <name>_HOSTrename</name>
         <value>0x3b079</value>
         <object_component_ref idref="oc-71"/>
      </symbol>
      <symbol id="sm-195">
         <name>_HOSTclock</name>
         <value>0x3b373</value>
         <object_component_ref idref="oc-71"/>
      </symbol>
      <symbol id="sm-196">
         <name>_HOSTwrite</name>
         <value>0x3af24</value>
         <object_component_ref idref="oc-71"/>
      </symbol>
      <symbol id="sm-197">
         <name>_HOSTlseek</name>
         <value>0x3b253</value>
         <object_component_ref idref="oc-71"/>
      </symbol>
      <symbol id="sm-198">
         <name>_HOSTunlink</name>
         <value>0x3afb1</value>
         <object_component_ref idref="oc-71"/>
      </symbol>
      <symbol id="sm-199">
         <name>_HOSTclose</name>
         <value>0x3b308</value>
         <object_component_ref idref="oc-71"/>
      </symbol>
      <symbol id="sm-1ab">
         <name>C$$IO$$</name>
         <value>0x3d149</value>
         <object_component_ref idref="oc-79"/>
      </symbol>
      <symbol id="sm-1ac">
         <name>__CIOBUF_</name>
         <value>0x40000</value>
         <object_component_ref idref="oc-78"/>
      </symbol>
      <symbol id="sm-1ad">
         <name>_readmsg</name>
         <value>0x3d65c</value>
         <object_component_ref idref="oc-76"/>
      </symbol>
      <symbol id="sm-1ae">
         <name>_writemsg</name>
         <value>0x3d094</value>
         <object_component_ref idref="oc-79"/>
      </symbol>
      <symbol id="sm-1b8">
         <name>_Reset</name>
         <value>0x4fe00</value>
         <object_component_ref idref="oc-11"/>
      </symbol>
      <symbol id="sm-1c2">
         <name>__rd_ok</name>
         <value>0x3cf75</value>
         <object_component_ref idref="oc-80"/>
      </symbol>
      <symbol id="sm-1c3">
         <name>__wrt_ok</name>
         <value>0x3cef5</value>
         <object_component_ref idref="oc-80"/>
      </symbol>
      <symbol id="sm-1d1">
         <name>__unlock</name>
         <value>0x3600</value>
         <object_component_ref idref="oc-85"/>
      </symbol>
      <symbol id="sm-1d2">
         <name>__lock</name>
         <value>0x35fc</value>
         <object_component_ref idref="oc-85"/>
      </symbol>
      <symbol id="sm-1d3">
         <name>__register_lock</name>
         <value>0x3dbfa</value>
         <object_component_ref idref="oc-84"/>
      </symbol>
      <symbol id="sm-1d4">
         <name>__nop</name>
         <value>0x3dc02</value>
         <object_component_ref idref="oc-84"/>
      </symbol>
      <symbol id="sm-1d5">
         <name>__register_unlock</name>
         <value>0x3dbf2</value>
         <object_component_ref idref="oc-84"/>
      </symbol>
      <symbol id="sm-1e7">
         <name>__printfi</name>
         <value>0x38a68</value>
         <object_component_ref idref="oc-8a"/>
      </symbol>
      <symbol id="sm-1f1">
         <name>__args_main</name>
         <value>0x3d8e8</value>
         <object_component_ref idref="oc-90"/>
      </symbol>
      <symbol id="sm-1f2">
         <name>__TI_args_main</name>
         <value>0x1</value>
      </symbol>
      <symbol id="sm-1fc">
         <name>_atoi</name>
         <value>0x3d79b</value>
         <object_component_ref idref="oc-94"/>
      </symbol>
      <symbol id="sm-204">
         <name>_auto_init</name>
         <value>0x3d89b</value>
         <object_component_ref idref="oc-98"/>
      </symbol>
      <symbol id="sm-20e">
         <name>__eqld</name>
         <value>0x3c8c6</value>
         <object_component_ref idref="oc-9c"/>
      </symbol>
      <symbol id="sm-20f">
         <name>__cmpd</name>
         <value>0x3c8fa</value>
         <object_component_ref idref="oc-9c"/>
      </symbol>
      <symbol id="sm-210">
         <name>__neqd</name>
         <value>0x3c768</value>
         <object_component_ref idref="oc-9c"/>
      </symbol>
      <symbol id="sm-211">
         <name>__gtrd</name>
         <value>0x3c831</value>
         <object_component_ref idref="oc-9c"/>
      </symbol>
      <symbol id="sm-212">
         <name>__geqd</name>
         <value>0x3c87c</value>
         <object_component_ref idref="oc-9c"/>
      </symbol>
      <symbol id="sm-213">
         <name>__leqd</name>
         <value>0x3c7e4</value>
         <object_component_ref idref="oc-9c"/>
      </symbol>
      <symbol id="sm-214">
         <name>__lssd</name>
         <value>0x3c79c</value>
         <object_component_ref idref="oc-9c"/>
      </symbol>
      <symbol id="sm-21c">
         <name>__ctypes_</name>
         <value>0x5b48</value>
         <object_component_ref idref="oc-124"/>
      </symbol>
      <symbol id="sm-228">
         <name>__divd</name>
         <value>0x3bc65</value>
         <object_component_ref idref="oc-a2"/>
      </symbol>
      <symbol id="sm-233">
         <name>__divul</name>
         <value>0x3d1f4</value>
         <object_component_ref idref="oc-a6"/>
      </symbol>
      <symbol id="sm-23d">
         <name>__frcmpyd</name>
         <value>0x3d492</value>
         <object_component_ref idref="oc-aa"/>
      </symbol>
      <symbol id="sm-247">
         <name>__frcmpyd_div</name>
         <value>0x3d508</value>
         <object_component_ref idref="oc-ae"/>
      </symbol>
      <symbol id="sm-251">
         <name>_fseek</name>
         <value>0x3d6c9</value>
         <object_component_ref idref="oc-b2"/>
      </symbol>
      <symbol id="sm-25b">
         <name>___isinf</name>
         <value>0x3dbb1</value>
         <object_component_ref idref="oc-b6"/>
      </symbol>
      <symbol id="sm-265">
         <name>__divull</name>
         <value>0x3c3e5</value>
         <object_component_ref idref="oc-ba"/>
      </symbol>
      <symbol id="sm-266">
         <name>__mpylli</name>
         <value>0x3c32d</value>
         <object_component_ref idref="oc-ba"/>
      </symbol>
      <symbol id="sm-267">
         <name>__remlli</name>
         <value>0x3c2fe</value>
         <object_component_ref idref="oc-ba"/>
      </symbol>
      <symbol id="sm-268">
         <name>__divlli</name>
         <value>0x3c4d9</value>
         <object_component_ref idref="oc-ba"/>
      </symbol>
      <symbol id="sm-269">
         <name>__remull</name>
         <value>0x3c2b0</value>
         <object_component_ref idref="oc-ba"/>
      </symbol>
      <symbol id="sm-271">
         <name>__mpyli</name>
         <value>0x3dbdf</value>
         <object_component_ref idref="oc-be"/>
      </symbol>
      <symbol id="sm-272">
         <name>I$$LMPY</name>
         <value>0x3dbdf</value>
         <object_component_ref idref="oc-be"/>
      </symbol>
      <symbol id="sm-27c">
         <name>_ltoa</name>
         <value>0x3d323</value>
         <object_component_ref idref="oc-c2"/>
      </symbol>
      <symbol id="sm-287">
         <name>_memccpy</name>
         <value>0x3db8e</value>
         <object_component_ref idref="oc-c6"/>
      </symbol>
      <symbol id="sm-291">
         <name>__negd</name>
         <value>0x3dc04</value>
         <object_component_ref idref="oc-ca"/>
      </symbol>
      <symbol id="sm-29b">
         <name>__remli</name>
         <value>0x3d933</value>
         <object_component_ref idref="oc-ce"/>
      </symbol>
      <symbol id="sm-2a6">
         <name>__remul</name>
         <value>0x3d57b</value>
         <object_component_ref idref="oc-d2"/>
      </symbol>
      <symbol id="sm-2b0">
         <name>_setvbuf</name>
         <value>0x3ce0f</value>
         <object_component_ref idref="oc-d6"/>
      </symbol>
      <symbol id="sm-2ba">
         <name>__subd</name>
         <value>0x3dbcb</value>
         <object_component_ref idref="oc-da"/>
      </symbol>
      <symbol id="sm-2c2">
         <name>__remu</name>
         <value>0x3db79</value>
         <object_component_ref idref="oc-de"/>
      </symbol>
      <symbol id="sm-2c3">
         <name>__divu</name>
         <value>0x3db64</value>
         <object_component_ref idref="oc-de"/>
      </symbol>
      <symbol id="sm-2c4">
         <name>I$$UMOD</name>
         <value>0x3db79</value>
         <object_component_ref idref="oc-de"/>
      </symbol>
      <symbol id="sm-2c5">
         <name>I$$UDIV</name>
         <value>0x3db64</value>
         <object_component_ref idref="oc-de"/>
      </symbol>
      <symbol id="sm-2cf">
         <name>__divli</name>
         <value>0x3d9c8</value>
         <object_component_ref idref="oc-e2"/>
      </symbol>
      <symbol id="sm-2de">
         <name>__cleanup</name>
         <value>0x3c152</value>
         <object_component_ref idref="oc-e6"/>
      </symbol>
      <symbol id="sm-2df">
         <name>_fopen</name>
         <value>0x3c275</value>
         <object_component_ref idref="oc-e6"/>
      </symbol>
      <symbol id="sm-2e0">
         <name>_freopen</name>
         <value>0x3c1ac</value>
         <object_component_ref idref="oc-e6"/>
      </symbol>
      <symbol id="sm-2f0">
         <name>__sys_memory</name>
         <value>0x3618</value>
         <object_component_ref idref="oc-f0"/>
      </symbol>
      <symbol id="sm-2f1">
         <name>_chkheap</name>
         <value>0x3b858</value>
         <object_component_ref idref="oc-ec"/>
      </symbol>
      <symbol id="sm-2f2">
         <name>_realloc</name>
         <value>0x3b5f7</value>
         <object_component_ref idref="oc-ec"/>
      </symbol>
      <symbol id="sm-2f3">
         <name>_free_memory</name>
         <value>0x3b802</value>
         <object_component_ref idref="oc-ec"/>
      </symbol>
      <symbol id="sm-2f4">
         <name>_max_free</name>
         <value>0x3b7a8</value>
         <object_component_ref idref="oc-ec"/>
      </symbol>
      <symbol id="sm-2f5">
         <name>_free</name>
         <value>0x3b3d1</value>
         <object_component_ref idref="oc-ec"/>
      </symbol>
      <symbol id="sm-2f6">
         <name>_calloc</name>
         <value>0x3b860</value>
         <object_component_ref idref="oc-ec"/>
      </symbol>
      <symbol id="sm-2f7">
         <name>_malloc</name>
         <value>0x3b502</value>
         <object_component_ref idref="oc-ec"/>
      </symbol>
      <symbol id="sm-2f8">
         <name>_minit</name>
         <value>0x3b49d</value>
         <object_component_ref idref="oc-ec"/>
      </symbol>
      <symbol id="sm-302">
         <name>_fclose</name>
         <value>0x3d3a0</value>
         <object_component_ref idref="oc-f3"/>
      </symbol>
      <symbol id="sm-30c">
         <name>_remove</name>
         <value>0x3dc20</value>
         <object_component_ref idref="oc-f7"/>
      </symbol>
      <symbol id="sm-31a">
         <name>_USBSTK5505_waitusec</name>
         <value>0x3d82b</value>
         <object_component_ref idref="oc-fb"/>
      </symbol>
      <symbol id="sm-31b">
         <name>_USBSTK5505_wait</name>
         <value>0x3d7f7</value>
         <object_component_ref idref="oc-fb"/>
      </symbol>
      <symbol id="sm-31c">
         <name>_USBSTK5505_init</name>
         <value>0x3d83d</value>
         <object_component_ref idref="oc-fb"/>
      </symbol>
      <symbol id="sm-328">
         <name>_USBSTK5505_GPIO_setOutput</name>
         <value>0x3d45a</value>
         <object_component_ref idref="oc-100"/>
      </symbol>
      <symbol id="sm-329">
         <name>_USBSTK5505_GPIO_init</name>
         <value>0x3d41b</value>
         <object_component_ref idref="oc-100"/>
      </symbol>
      <symbol id="sm-32a">
         <name>_USBSTK5505_GPIO_setDirection</name>
         <value>0x3d436</value>
         <object_component_ref idref="oc-100"/>
      </symbol>
      <symbol id="sm-32b">
         <name>_USBSTK5505_GPIO_getInput</name>
         <value>0x3d474</value>
         <object_component_ref idref="oc-100"/>
      </symbol>
      <symbol id="sm-32c">
         <name>_GpioObj</name>
         <value>0x360c</value>
         <object_component_ref idref="oc-101"/>
      </symbol>
      <symbol id="sm-32d">
         <name>_hGpio</name>
         <value>0x3610</value>
         <object_component_ref idref="oc-101"/>
      </symbol>
      <symbol id="sm-337">
         <name>_USBSTK5505_I2C_reset</name>
         <value>0x3d2ca</value>
         <object_component_ref idref="oc-106"/>
      </symbol>
      <symbol id="sm-338">
         <name>_USBSTK5505_I2C_read</name>
         <value>0x3d2fb</value>
         <object_component_ref idref="oc-106"/>
      </symbol>
      <symbol id="sm-339">
         <name>_USBSTK5505_I2C_write</name>
         <value>0x3d2d5</value>
         <object_component_ref idref="oc-106"/>
      </symbol>
      <symbol id="sm-33a">
         <name>_USBSTK5505_I2C_init</name>
         <value>0x3d295</value>
         <object_component_ref idref="oc-106"/>
      </symbol>
      <symbol id="sm-34e">
         <name>_USBSTK5505_I2S_writeRight</name>
         <value>0x3cde1</value>
         <object_component_ref idref="oc-10b"/>
      </symbol>
      <symbol id="sm-34f">
         <name>_USBSTK5505_I2S_readLeft</name>
         <value>0x3cd61</value>
         <object_component_ref idref="oc-10b"/>
      </symbol>
      <symbol id="sm-350">
         <name>_USBSTK5505_I2S_readRight</name>
         <value>0x3cdc0</value>
         <object_component_ref idref="oc-10b"/>
      </symbol>
      <symbol id="sm-351">
         <name>_USBSTK5505_I2S_close</name>
         <value>0x3cdfd</value>
         <object_component_ref idref="oc-10b"/>
      </symbol>
      <symbol id="sm-352">
         <name>_USBSTK5505_I2S_writeLeft</name>
         <value>0x3cd93</value>
         <object_component_ref idref="oc-10b"/>
      </symbol>
      <symbol id="sm-353">
         <name>_USBSTK5505_I2S_init</name>
         <value>0x3cd08</value>
         <object_component_ref idref="oc-10b"/>
      </symbol>
      <symbol id="sm-354">
         <name>_hI2s</name>
         <value>0x3614</value>
         <object_component_ref idref="oc-10c"/>
      </symbol>
      <symbol id="sm-3f9">
         <name>_I2S_write</name>
         <value>0x3a087</value>
         <object_component_ref idref="oc-111"/>
      </symbol>
      <symbol id="sm-3fa">
         <name>_I2S_read</name>
         <value>0x39dcd</value>
         <object_component_ref idref="oc-111"/>
      </symbol>
      <symbol id="sm-3fb">
         <name>_I2S_close</name>
         <value>0x39d1b</value>
         <object_component_ref idref="oc-111"/>
      </symbol>
      <symbol id="sm-3fc">
         <name>_ouError</name>
         <value>0x35c8</value>
         <object_component_ref idref="oc-112"/>
      </symbol>
      <symbol id="sm-3fd">
         <name>_I2S_reset</name>
         <value>0x3a1dd</value>
         <object_component_ref idref="oc-111"/>
      </symbol>
      <symbol id="sm-3fe">
         <name>_I2S_setup</name>
         <value>0x39a2d</value>
         <object_component_ref idref="oc-111"/>
      </symbol>
      <symbol id="sm-3ff">
         <name>_fsError</name>
         <value>0x35c6</value>
         <object_component_ref idref="oc-112"/>
      </symbol>
      <symbol id="sm-400">
         <name>_I2S_open</name>
         <value>0x398e6</value>
         <object_component_ref idref="oc-111"/>
      </symbol>
      <symbol id="sm-401">
         <name>_I2S_transEnable</name>
         <value>0x3a28e</value>
         <object_component_ref idref="oc-111"/>
      </symbol>
      <symbol id="sm-47e">
         <name>_I2C_eventEnable</name>
         <value>0x395ea</value>
         <object_component_ref idref="oc-118"/>
      </symbol>
      <symbol id="sm-47f">
         <name>_I2C_setCallback</name>
         <value>0x3983d</value>
         <object_component_ref idref="oc-118"/>
      </symbol>
      <symbol id="sm-480">
         <name>_I2C_init</name>
         <value>0x38caa</value>
         <object_component_ref idref="oc-118"/>
      </symbol>
      <symbol id="sm-481">
         <name>_I2C_config</name>
         <value>0x38d53</value>
         <object_component_ref idref="oc-118"/>
      </symbol>
      <symbol id="sm-482">
         <name>_gI2cObj</name>
         <value>0x35cc</value>
         <object_component_ref idref="oc-119"/>
      </symbol>
      <symbol id="sm-483">
         <name>_I2C_getConfig</name>
         <value>0x38eb8</value>
         <object_component_ref idref="oc-118"/>
      </symbol>
      <symbol id="sm-484">
         <name>_I2C_setup</name>
         <value>0x38f8e</value>
         <object_component_ref idref="oc-118"/>
      </symbol>
      <symbol id="sm-485">
         <name>_I2C_write</name>
         <value>0x39188</value>
         <object_component_ref idref="oc-118"/>
      </symbol>
      <symbol id="sm-486">
         <name>_I2C_read</name>
         <value>0x393cc</value>
         <object_component_ref idref="oc-118"/>
      </symbol>
      <symbol id="sm-487">
         <name>_I2C_eventDisable</name>
         <value>0x3971e</value>
         <object_component_ref idref="oc-118"/>
      </symbol>
      <symbol id="sm-488">
         <name>_I2C_getEventId</name>
         <value>0x398ca</value>
         <object_component_ref idref="oc-118"/>
      </symbol>
      <symbol id="sm-489">
         <name>_i2cHandle</name>
         <value>0x35ec</value>
         <object_component_ref idref="oc-119"/>
      </symbol>
      <symbol id="sm-4ce">
         <name>_GPIO_write</name>
         <value>0x3a4d1</value>
         <object_component_ref idref="oc-11e"/>
      </symbol>
      <symbol id="sm-4cf">
         <name>_GPIO_read</name>
         <value>0x3a44e</value>
         <object_component_ref idref="oc-11e"/>
      </symbol>
      <symbol id="sm-4d0">
         <name>_GPIO_close</name>
         <value>0x3a31d</value>
         <object_component_ref idref="oc-11e"/>
      </symbol>
      <symbol id="sm-4d1">
         <name>_GPIO_enableInt</name>
         <value>0x3a73a</value>
         <object_component_ref idref="oc-11e"/>
      </symbol>
      <symbol id="sm-4d2">
         <name>_GPIO_clearInt</name>
         <value>0x3a7c4</value>
         <object_component_ref idref="oc-11e"/>
      </symbol>
      <symbol id="sm-4d3">
         <name>_GPIO_statusBit</name>
         <value>0x3a850</value>
         <object_component_ref idref="oc-11e"/>
      </symbol>
      <symbol id="sm-4d4">
         <name>_GPIO_configBit</name>
         <value>0x3a574</value>
         <object_component_ref idref="oc-11e"/>
      </symbol>
      <symbol id="sm-4d5">
         <name>_GPIO_reset</name>
         <value>0x3a8d7</value>
         <object_component_ref idref="oc-11e"/>
      </symbol>
      <symbol id="sm-4d6">
         <name>_GPIO_getConfig</name>
         <value>0x3a3c6</value>
         <object_component_ref idref="oc-11e"/>
      </symbol>
      <symbol id="sm-4d7">
         <name>_GPIO_disableInt</name>
         <value>0x3a6bc</value>
         <object_component_ref idref="oc-11e"/>
      </symbol>
      <symbol id="sm-4d8">
         <name>_GPIO_config</name>
         <value>0x3a341</value>
         <object_component_ref idref="oc-11e"/>
      </symbol>
      <symbol id="sm-4d9">
         <name>_GPIO_open</name>
         <value>0x3a2d9</value>
         <object_component_ref idref="oc-11e"/>
      </symbol>
   </symbol_table>
</link_info>
