******************************************************************************
              TMS320C55x Linker Unix v4.4.1                    
******************************************************************************
>> Linked Mon Sep 25 11:09:47 2017

OUTPUT FILE NAME:   <audioLoopBackInterrupt.out>
ENTRY POINT SYMBOL: "_c_int00"  address: 00026b88


MEMORY CONFIGURATION

         name            origin    length      used     unused   attr    fill
                        (bytes)   (bytes)    (bytes)   (bytes)
----------------------  --------  ---------  --------  --------  ----  --------
PAGE 0:
  MMR                   00000000   000000c0  00000000  000000c0  RWIX
  DARAM0                000000c0   0000ff40  00005e12  0000a12e  RWIX
  SARAM0                00010000   00010000  00000000  00010000  RWIX
  SARAM1                00020000   00020000  00006caa  00019356  RWIX
  SARAM2                00040000   0000fe00  00000348  0000fab8  RWIX
  VECS                  0004fe00   00000200  00000200  00000000  RWIX
  PDROM                 00ff8000   00008000  00000000  00008000  R IX

PAGE 2:
  IOPORT                00000000   00020000  00000000  00020000  RWI 


SECTION ALLOCATION MAP
(Addresses surrounded by []'s are displayed for convenience only!)

output                                                          attributes/
section   page  orgn(bytes) orgn(words) len(bytes) len(words)   input sections
--------  ----  ----------- ----------- ---------- ----------   --------------
.pinit       0   [ 00040000 ]  00020000          *   00000000   UNINITIALIZED

.stack       0   [ 000000c0 ]  00000060          *   00001000   UNINITIALIZED
                 [ 000000c0 ]  00000060          *   00001000   --HOLE--

.data        0   [ 000000c0 ]  00000060          *   00000000   UNINITIALIZED

.sysstack 
*            0   [ 000020c0 ]  00001060          *   00000800   UNINITIALIZED
                 [ 000020c0 ]  00001060          *   00000800   --HOLE--

.sysmem      0   [ 000030c0 ]  00001860          *   00001000   UNINITIALIZED
                 [ 000030c0 ]  00001860          *   00001000   --HOLE--

.const.1     0   [ 000050c0 ]  00002860          *   00000399   
                 [ 000050c0 ]  00002860          *   00000298   aic3204.obj (.const:.string)
                 [ 000055f0 ]  00002af8          *   00000101   rts55x.lib : ctype.obj (.const:__ctypes_)

.const.2     0   [ 000057f4 ]  00002bfa          *   0000003b   
                 [ 000057f4 ]  00002bfa          *   00000024   rts55x.lib : _printfi.obj (.const:.string)
                 [ 0000583c ]  00002c1e          *   0000000c              : _printfi.obj (.const)
                 [ 00005854 ]  00002c2a          *   00000008              : divd.obj (.const:_initial_approx$1)
                 [ 00005864 ]  00002c32          *   00000003              : assert.obj (.const:.string)

.const.3     0   [ 0000586c ]  00002c36          *   00000004   
                 [ 0000586c ]  00002c36          *   00000002   rts55x.lib : fputs.obj (.const:.string)
                 [ 00005870 ]  00002c38          *   00000002              : fltlid.obj (.const)

.bss.1       0   [ 00005874 ]  00002c3a          *   00000309   UNINITIALIZED
                 [ 00005874 ]  00002c3a          *   00000119   rts55x.lib : defs.obj (.bss)
                 [ 00005aa6 ]  00002d53          *   000000d0              : trgdrv.obj (.bss)
                 [ 00005c46 ]  00002e23          *   00000001              : fopen.obj (.bss)
                 [ 00005c48 ]  00002e24          *   00000084   cslVC5505.lib : csl_intc.obj (.bss)
                 [ 00005d50 ]  00002ea8          *   00000071   rts55x.lib : lowlev.obj (.bss)
                 [ 00005e32 ]  00002f19          *   0000002a   cslVC5505.lib : csl_i2s.obj (.bss)

.bss.2       0   [ 00005e88 ]  00002f44          *   00000028   UNINITIALIZED
                 [ 00005e88 ]  00002f44          *   00000012   cslVC5505.lib : csl_i2c.obj (.bss)
                 [ 00005eac ]  00002f56          *   00000006   rts55x.lib : memory.obj (.bss)
                 [ 00005eb8 ]  00002f5c          *   00000004              : _lock.obj (.bss)
                 [ 00005ec0 ]  00002f60          *   00000004              : exit.obj (.bss)
                 [ 00005ec8 ]  00002f64          *   00000004   usbstk5505bsl.lib : usbstk5505_gpio.obj (.bss)
                 [ 00005ed0 ]  00002f68          *   00000002   main.obj (.bss)
                 [ 00005ed4 ]  00002f6a          *   00000002   usbstk5505bsl.lib : usbstk5505_i2s.obj (.bss)

.text        0     00020000  [ 00010000 ] 00006caa          *   
                   00020000  [ 00010000 ] 000015a4          *   rts55x.lib : _printfi.obj (.text)
                   000215a4  [ 00010ad2 ] 00000c3c          *   cslVC5505.lib : csl_i2c.obj (.text)
                   000221e0  [ 000110f0 ] 000009f3          *                 : csl_i2s.obj (.text)
                   00022bd3  [ 000115e9+] 0000068d          *                 : csl_gpio.obj (.text)
                   00023260  [ 00011930 ] 00000554          *                 : csl_intc.obj (.text)
                   000237b4  [ 00011bda ] 00000543          *   rts55x.lib : lowlev.obj (.text)
                   00023cf7  [ 00011e7b+] 00000528          *              : trgdrv.obj (.text)
                   0002421f  [ 0001210f+] 000004b5          *              : memory.obj (.text)
                   000246d4  [ 0001236a ] 000003df          *   aic3204.obj (.text)
                   00024ab3  [ 00012559+] 000003cc          *   rts55x.lib : divd.obj (.text)
                   00024e7f  [ 0001273f+] 0000027f          *              : fopen.obj (.text)
                   000250fe  [ 0001287f ] 0000025e          *              : llmpy.obj (.text)
                   0002535c  [ 000129ae ] 0000025a          *              : addd.obj (.text)
                   000255b6  [ 00012adb ] 0000022e          *   main.obj (.text:retain)
                   000257e4  [ 00012bf2 ] 000001ea          *   rts55x.lib : cmpd.obj (.text)
                   000259ce  [ 00012ce7 ] 00000163          *              : fputs.obj (.text)
                   00025b31  [ 00012d98+] 0000014c          *              : mpyd.obj (.text)
                   00025c7d  [ 00012e3e+] 00000107          *   usbstk5505bsl.lib : usbstk5505_i2s.obj (.text)
                   00025d84  [ 00012ec2 ] 000000e6          *   rts55x.lib : setvbuf.obj (.text)
                   00025e6a  [ 00012f35 ] 000000dd          *              : _io_perm.obj (.text)
                   00025f47  [ 00012fa3+] 000000c2          *              : fflush.obj (.text)
                   00026009  [ 00013004+] 000000ba          *              : trgmsg.obj (.text:CIO_breakpoint)
                   000260c3  [ 00013061+] 000000a6          *              : fputc.obj (.text)
                   00026169  [ 000130b4+] 000000a1          *              : divul.obj (.text)
                   0002620a  [ 00013105 ] 0000008e          *   usbstk5505bsl.lib : usbstk5505_i2c.obj (.text)
                   00026298  [ 0001314c ] 0000008c          *   cslVC5505.lib : csl_irqplug.obj (.text)
                   00026324  [ 00013192 ] 0000007d          *   rts55x.lib : ltoa.obj (.text)
                   000263a1  [ 000131d0+] 0000007b          *              : fclose.obj (.text)
                   0002641c  [ 0001320e ] 00000077          *   usbstk5505bsl.lib : usbstk5505_gpio.obj (.text)
                   00026493  [ 00013249+] 00000076          *   rts55x.lib : frcmpyd.obj (.text)
                   00026509  [ 00013284+] 00000073          *              : frcmpyd_div.obj (.text)
                   0002657c  [ 000132be ] 00000072          *              : remul.obj (.text)
                   000265ee  [ 000132f7 ] 0000006f          *              : fixdli.obj (.text)
                   0002665d  [ 0001332e+] 0000006d          *   cslVC5505.lib : vectors.obj (.text)
                   000266ca  [ 00013365 ] 0000006d          *   rts55x.lib : trgmsg.obj (.text)
                   00026737  [ 0001339b+] 0000006b          *              : fseek.obj (.text)
                   000267a2  [ 000133d1 ] 00000067          *              : fltlid.obj (.text)
                   00026809  [ 00013404+] 0000005c          *              : atoi.obj (.text)
                   00026865  [ 00013432+] 00000054          *   usbstk5505bsl.lib : usbstk5505.obj (.text)
                   000268b9  [ 0001345c+] 00000050          *   main.obj (.text)
                   00026909  [ 00013484+] 00000050          *   rts55x.lib : printf.obj (.text)
                   00026959  [ 000134ac+] 0000004d          *              : autoinit.obj (.text)
                   000269a6  [ 000134d3 ] 0000004b          *              : args_main.obj (.text)
                   000269f1  [ 000134f8+] 0000004b          *              : remli.obj (.text)
                   00026a3c  [ 0001351e ] 0000004a          *              : fprintf.obj (.text)
                   00026a86  [ 00013543 ] 00000048          *              : divli.obj (.text)
                   00026ace  [ 00013567 ] 0000003f          *              : memcpy.obj (.text)
                   00026b0d  [ 00013586+] 0000003e          *              : exit.obj (.text)
                   00026b4b  [ 000135a5+] 0000003d          *              : assert.obj (.text)
                   00026b88  [ 000135c4 ] 00000034          *              : boot.obj (.text)
                   00026bbc  [ 000135de ] 0000002a          *              : fixdi.obj (.text)
                   00026be6  [ 000135f3 ] 0000002a          *              : udiv.obj (.text)
                   00026c10  [ 00013608 ] 00000023          *              : memccpy.obj (.text)
                   00026c33  [ 00013619+] 0000001a          *              : isinf.obj (.text)
                   00026c4d  [ 00013626+] 00000014          *              : subd.obj (.text)
                   00026c61  [ 00013630+] 00000013          *              : lmpy.obj (.text)
                   00026c74  [ 0001363a ] 00000012          *              : _lock.obj (.text)
                   00026c86  [ 00013643 ] 00000010          *              : negd.obj (.text)
                   00026c96  [ 0001364b ] 0000000a          *              : remove.obj (.text)
                   00026ca0  [ 00013650 ] 00000007          *              : exit.obj (.text:CIO_breakpoint)
                   00026ca7  [ 00013653+] 00000002          *              : vectors.obj (.text)
                   00026ca9  [ 00013654 ] 00000001          *   --HOLE-- [fill = 20]

.cio         0   [ 00040000 ]  00020000          *   00000120   UNINITIALIZED
                 [ 00040000 ]  00020000          *   00000120   rts55x.lib : trgmsg.obj (.cio)

.cinit       0   [ 00040240 ]  00020120          *   00000084   
                 [ 00040240 ]  00020120          *   0000002d   rts55x.lib : lowlev.obj (.cinit)
                 [ 0004029a ]  0002014d          *   0000002a              : defs.obj (.cinit)
                 [ 000402ee ]  00020177          *   0000000a              : _lock.obj (.cinit)
                 [ 00040302 ]  00020181          *   0000000a              : exit.obj (.cinit)
                 [ 00040316 ]  0002018b          *   00000008   cslVC5505.lib : csl_i2s.obj (.cinit)
                 [ 00040326 ]  00020193          *   00000008   main.obj (.cinit)
                 [ 00040336 ]  0002019b          *   00000004   rts55x.lib : fopen.obj (.cinit)
                 [ 0004033e ]  0002019f          *   00000004              : memory.obj (.cinit)
                 [ 00040346 ]  000201a3          *   00000001   --HOLE-- [fill = 0]

vectors      0     0004fe00  [ 00027f00 ] 00000200          *   
                   0004fe00  [ 00027f00 ] 00000100          *   cslVC5505.lib : vectors.obj (vectors)
                   0004ff00  [ 00027f80 ] 00000100          *   rts55x.lib : vectors.obj (vectors)


GLOBAL SYMBOLS: SORTED ALPHABETICALLY BY Name 

abs. value/
byte addr   word addr   name
---------   ---------   ----
00000002                $TI_capability$C5500$CallingConvention
00000002                $TI_capability$C5500$MemoryModel
00000001                $TI_capability_requires_rev3
ffffffff                .bss
ffffffff                .data
ffffffff                .text
00026ca1                C$$EXIT
000260be                C$$IO$$
00026c61                I$$LMPY
00026be6                I$$UDIV
00026bfb                I$$UMOD
0004fe00                RST
000246d4                _AIC3204_init
00024a0a                _AIC3204_readLeft
00024a1b                _AIC3204_readRight
000249e1                _AIC3204_reset
000249f5                _AIC3204_waitUntilReadyToRead
00024a2c                _AIC3204_waitUntilReadyToWrite
00024a41                _AIC3204_writeLeft
00024a59                _AIC3204_writeRight
000230be                _GPIO_clearInt
00022c17                _GPIO_close
00022c3b                _GPIO_config
00022e6e                _GPIO_configBit
00022fb6                _GPIO_disableInt
00023034                _GPIO_enableInt
00022cc0                _GPIO_getConfig
00022bd3                _GPIO_open
00022d48                _GPIO_read
000231d1                _GPIO_reset
0002314a                _GPIO_statusBit
00022dcb                _GPIO_write
            00002f64    _GpioObj
000241c1                _HOSTclock
00024156                _HOSTclose
000240a1                _HOSTlseek
00024002                _HOSTopen
00023f75                _HOSTread
00023ec7                _HOSTrename
00023e69                _HOSTtime
00023dff                _HOSTunlink
00023d72                _HOSTwrite
0002164d                _I2C_config
00022018                _I2C_eventDisable
00021ee4                _I2C_eventEnable
000217b2                _I2C_getConfig
000221c4                _I2C_getEventId
000215a4                _I2C_init
00021cc6                _I2C_read
00022137                _I2C_setCallback
00021888                _I2C_setup
00021a82                _I2C_write
000256cf                _I2S0receive
000255b6                _I2S0transmit
00022615                _I2S_close
000221e0                _I2S_open
000226c7                _I2S_read
00022ad7                _I2S_reset
00022327                _I2S_setup
00022b88                _I2S_transEnable
00022981                _I2S_write
000232fa                _IRQ_clear
00023364                _IRQ_clearAll
00023374                _IRQ_config
0002349a                _IRQ_disable
00023518                _IRQ_disableAll
00023526                _IRQ_enable
00023620                _IRQ_getArg
00023407                _IRQ_getConfig
0002376e                _IRQ_globalDisable
00023787                _IRQ_globalEnable
000237a0                _IRQ_globalRestore
00023260                _IRQ_init
00023699                _IRQ_map
00026298                _IRQ_plug
000235b0                _IRQ_restore
00023666                _IRQ_setArg
000236cb                _IRQ_setVecs
000236fc                _IRQ_test
0004ff00                _Reset
00026475                _USBSTK5505_GPIO_getInput
0002641c                _USBSTK5505_GPIO_init
00026437                _USBSTK5505_GPIO_setDirection
0002645b                _USBSTK5505_GPIO_setOutput
0002620a                _USBSTK5505_I2C_init
00026270                _USBSTK5505_I2C_read
0002623f                _USBSTK5505_I2C_reset
0002624a                _USBSTK5505_I2C_write
00025d72                _USBSTK5505_I2S_close
00025c7d                _USBSTK5505_I2S_init
00025cd6                _USBSTK5505_I2S_readLeft
00025d35                _USBSTK5505_I2S_readRight
00025d08                _USBSTK5505_I2S_writeLeft
00025d56                _USBSTK5505_I2S_writeRight
000268ab                _USBSTK5505_init
00026865                _USBSTK5505_wait
00026899                _USBSTK5505_waitusec
0004fe00                _VECSTART
            00020000    __CIOBUF_
            00001060    __STACK_END
00002000                __STACK_SIZE
00002000                __SYSMEM_SIZE
00001000                __SYSSTACK_SIZE
00000001                __TI_args_main
ffffffff                ___binit__
ffffffff                ___bss__
ffffffff                ___c_args__
            00020120    ___cinit__
ffffffff                ___data__
ffffffff                ___edata__
ffffffff                ___end__
ffffffff                ___etext__
00026c33                ___isinf
ffffffff                ___pinit__
ffffffff                ___text__
00026b4d                __abort_msg
0002535c                __addd
000269a6                __args_main
00026b7d                __assert
00024fa0                __cleanup
            00002f60    __cleanup_ptr
00025976                __cmpd
            00002af8    __ctypes_
00024ab3                __divd
00026a86                __divli
00025327                __divlli
00026be6                __divu
00026169                __divul
00025233                __divull
00025f47                __doflush
            00002f62    __dtors_ptr
00025942                __eqld
00026bbc                __fixdi
000265ee                __fixdli
000267a2                __fltlid
00026493                __frcmpyd
00026509                __frcmpyd_div
            00002d52    __ft_end
            00002c3a    __ftable
000258f8                __geqd
000258ad                __gtrd
00025860                __leqd
            00002f5c    __lock
00025818                __lssd
00025b31                __mpyd
00026c61                __mpyli
0002517b                __mpylli
00026b4b                __nassert
00026c86                __negd
000257e4                __neqd
00026c84                __nop
00021362                __printfi
00025eea                __rd_ok
00026c7c                __register_lock
00026c74                __register_unlock
000269f1                __remli
0002514c                __remlli
00026bfb                __remu
0002657c                __remul
000250fe                __remull
            00000060    __stack
00026c4d                __subd
            00001860    __sys_memory
            00001060    __sysstack
            00002cb2    __tmpnams
            00002f5e    __unlock
00025e6a                __wrt_ok
00026ca0                _abort
00023c07                _add_device
00026809                _atoi
00026959                _auto_init
00026b88                _c_int00
000246ae                _calloc
000246a6                _chkheap
00023b94                _close
00026b0d                _exit
000263a1                _fclose
00025fb0                _fflush
00023b8b                _find_registered_device
000250c3                _fopen
00026a3c                _fprintf
000260c3                _fputc
000259ce                _fputs
0002421f                _free
00024650                _free_memory
00024ffa                _freopen
            00002f41    _fsError
00026737                _fseek
            00002f44    _gI2cObj
00023cf7                _getenv
            00002f66    _hGpio
            00002f6a    _hI2s
            00002f54    _i2cHandle
            00002f68    _left
00023b25                _lseek
00026324                _ltoa
000268b9                _main
00024350                _malloc
000245f6                _max_free
00026c10                _memccpy
00026ace                _memcpy
000242eb                _minit
00023a66                _open
            00002f42    _ouError
00026909                _printf
000260c3                _putc
0002615a                _putchar
00025b03                _puts
000239b8                _read
000266ca                _readmsg
00024445                _realloc
00026c96                _remove
00023982                _remove_device
00023929                _rename
            00002f69    _right
00025d84                _setvbuf
000238f6                _unlink
000237b4                _write
00026009                _writemsg
ffffffff                binit
            00020120    cinit
ffffffff                edata
ffffffff                end
ffffffff                etext
ffffffff                pinit


GLOBAL SYMBOLS: SORTED BY Symbol Address 

abs. value/
byte addr   word addr   name
---------   ---------   ----
00000001                $TI_capability_requires_rev3
00000001                __TI_args_main
00000002                $TI_capability$C5500$CallingConvention
00000002                $TI_capability$C5500$MemoryModel
            00000060    __stack
00001000                __SYSSTACK_SIZE
00002000                __STACK_SIZE
00002000                __SYSMEM_SIZE
            00001060    __STACK_END
            00001060    __sysstack
            00001860    __sys_memory
            00002af8    __ctypes_
            00002c3a    __ftable
            00002cb2    __tmpnams
            00002d52    __ft_end
            00002f41    _fsError
            00002f42    _ouError
            00002f44    _gI2cObj
            00002f54    _i2cHandle
            00002f5c    __lock
            00002f5e    __unlock
            00002f60    __cleanup_ptr
            00002f62    __dtors_ptr
            00002f64    _GpioObj
            00002f66    _hGpio
            00002f68    _left
            00002f69    _right
            00002f6a    _hI2s
00021362                __printfi
000215a4                _I2C_init
0002164d                _I2C_config
000217b2                _I2C_getConfig
00021888                _I2C_setup
00021a82                _I2C_write
00021cc6                _I2C_read
00021ee4                _I2C_eventEnable
00022018                _I2C_eventDisable
00022137                _I2C_setCallback
000221c4                _I2C_getEventId
000221e0                _I2S_open
00022327                _I2S_setup
00022615                _I2S_close
000226c7                _I2S_read
00022981                _I2S_write
00022ad7                _I2S_reset
00022b88                _I2S_transEnable
00022bd3                _GPIO_open
00022c17                _GPIO_close
00022c3b                _GPIO_config
00022cc0                _GPIO_getConfig
00022d48                _GPIO_read
00022dcb                _GPIO_write
00022e6e                _GPIO_configBit
00022fb6                _GPIO_disableInt
00023034                _GPIO_enableInt
000230be                _GPIO_clearInt
0002314a                _GPIO_statusBit
000231d1                _GPIO_reset
00023260                _IRQ_init
000232fa                _IRQ_clear
00023364                _IRQ_clearAll
00023374                _IRQ_config
00023407                _IRQ_getConfig
0002349a                _IRQ_disable
00023518                _IRQ_disableAll
00023526                _IRQ_enable
000235b0                _IRQ_restore
00023620                _IRQ_getArg
00023666                _IRQ_setArg
00023699                _IRQ_map
000236cb                _IRQ_setVecs
000236fc                _IRQ_test
0002376e                _IRQ_globalDisable
00023787                _IRQ_globalEnable
000237a0                _IRQ_globalRestore
000237b4                _write
000238f6                _unlink
00023929                _rename
00023982                _remove_device
000239b8                _read
00023a66                _open
00023b25                _lseek
00023b8b                _find_registered_device
00023b94                _close
00023c07                _add_device
00023cf7                _getenv
00023d72                _HOSTwrite
00023dff                _HOSTunlink
00023e69                _HOSTtime
00023ec7                _HOSTrename
00023f75                _HOSTread
00024002                _HOSTopen
000240a1                _HOSTlseek
00024156                _HOSTclose
000241c1                _HOSTclock
0002421f                _free
000242eb                _minit
00024350                _malloc
00024445                _realloc
000245f6                _max_free
00024650                _free_memory
000246a6                _chkheap
000246ae                _calloc
000246d4                _AIC3204_init
000249e1                _AIC3204_reset
000249f5                _AIC3204_waitUntilReadyToRead
00024a0a                _AIC3204_readLeft
00024a1b                _AIC3204_readRight
00024a2c                _AIC3204_waitUntilReadyToWrite
00024a41                _AIC3204_writeLeft
00024a59                _AIC3204_writeRight
00024ab3                __divd
00024fa0                __cleanup
00024ffa                _freopen
000250c3                _fopen
000250fe                __remull
0002514c                __remlli
0002517b                __mpylli
00025233                __divull
00025327                __divlli
0002535c                __addd
000255b6                _I2S0transmit
000256cf                _I2S0receive
000257e4                __neqd
00025818                __lssd
00025860                __leqd
000258ad                __gtrd
000258f8                __geqd
00025942                __eqld
00025976                __cmpd
000259ce                _fputs
00025b03                _puts
00025b31                __mpyd
00025c7d                _USBSTK5505_I2S_init
00025cd6                _USBSTK5505_I2S_readLeft
00025d08                _USBSTK5505_I2S_writeLeft
00025d35                _USBSTK5505_I2S_readRight
00025d56                _USBSTK5505_I2S_writeRight
00025d72                _USBSTK5505_I2S_close
00025d84                _setvbuf
00025e6a                __wrt_ok
00025eea                __rd_ok
00025f47                __doflush
00025fb0                _fflush
00026009                _writemsg
000260be                C$$IO$$
000260c3                _fputc
000260c3                _putc
0002615a                _putchar
00026169                __divul
0002620a                _USBSTK5505_I2C_init
0002623f                _USBSTK5505_I2C_reset
0002624a                _USBSTK5505_I2C_write
00026270                _USBSTK5505_I2C_read
00026298                _IRQ_plug
00026324                _ltoa
000263a1                _fclose
0002641c                _USBSTK5505_GPIO_init
00026437                _USBSTK5505_GPIO_setDirection
0002645b                _USBSTK5505_GPIO_setOutput
00026475                _USBSTK5505_GPIO_getInput
00026493                __frcmpyd
00026509                __frcmpyd_div
0002657c                __remul
000265ee                __fixdli
000266ca                _readmsg
00026737                _fseek
000267a2                __fltlid
00026809                _atoi
00026865                _USBSTK5505_wait
00026899                _USBSTK5505_waitusec
000268ab                _USBSTK5505_init
000268b9                _main
00026909                _printf
00026959                _auto_init
000269a6                __args_main
000269f1                __remli
00026a3c                _fprintf
00026a86                __divli
00026ace                _memcpy
00026b0d                _exit
00026b4b                __nassert
00026b4d                __abort_msg
00026b7d                __assert
00026b88                _c_int00
00026bbc                __fixdi
00026be6                I$$UDIV
00026be6                __divu
00026bfb                I$$UMOD
00026bfb                __remu
00026c10                _memccpy
00026c33                ___isinf
00026c4d                __subd
00026c61                I$$LMPY
00026c61                __mpyli
00026c74                __register_unlock
00026c7c                __register_lock
00026c84                __nop
00026c86                __negd
00026c96                _remove
00026ca0                _abort
00026ca1                C$$EXIT
            00020000    __CIOBUF_
            00020120    ___cinit__
            00020120    cinit
0004fe00                RST
0004fe00                _VECSTART
0004ff00                _Reset
ffffffff                .bss
ffffffff                .data
ffffffff                .text
ffffffff                ___binit__
ffffffff                ___bss__
ffffffff                ___c_args__
ffffffff                ___data__
ffffffff                ___edata__
ffffffff                ___end__
ffffffff                ___etext__
ffffffff                ___pinit__
ffffffff                ___text__
ffffffff                binit
ffffffff                edata
ffffffff                end
ffffffff                etext
ffffffff                pinit

[225 symbols]
