******************************************************************************
              TMS320C55x Linker Unix v4.4.1                    
******************************************************************************
>> Linked Mon Oct 23 14:15:20 2017

OUTPUT FILE NAME:   <IIR.out>
ENTRY POINT SYMBOL: "_c_int00"  address: 00026c1e


MEMORY CONFIGURATION

         name            origin    length      used     unused   attr    fill
                        (bytes)   (bytes)    (bytes)   (bytes)
----------------------  --------  ---------  --------  --------  ----  --------
PAGE 0:
  MMR                   00000000   000000c0  00000000  000000c0  RWIX
  DARAM0                000000c0   0000ff40  00005e26  0000a11a  RWIX
  SARAM0                00010000   00010000  00000000  00010000  RWIX
  SARAM1                00020000   00020000  00006d40  000192c0  RWIX
  SARAM2                00040000   0000fe00  00000338  0000fac8  RWIX
  VECS                  0004fe00   00000200  00000200  00000000  RWIX
  PDROM                 00ff8000   00008000  00000000  00008000  R IX

PAGE 2:
  IOPORT                00000000   00020000  00000000  00020000  RWI 


SECTION ALLOCATION MAP
(Addresses surrounded by []'s are displayed for convenience only!)

output                                                          attributes/
section   page  orgn(bytes) orgn(words) len(bytes) len(words)   input sections
--------  ----  ----------- ----------- ---------- ----------   --------------
.pinit       0   [ 00040000 ]  00020000          *   00000000   UNINITIALIZED

.stack       0   [ 000000c0 ]  00000060          *   00001000   UNINITIALIZED
                 [ 000000c0 ]  00000060          *   00001000   --HOLE--

.data        0   [ 000000c0 ]  00000060          *   00000000   UNINITIALIZED

.sysstack 
*            0   [ 000020c0 ]  00001060          *   00000800   UNINITIALIZED
                 [ 000020c0 ]  00001060          *   00000800   --HOLE--

.sysmem      0   [ 000030c0 ]  00001860          *   00001000   UNINITIALIZED
                 [ 000030c0 ]  00001860          *   00001000   --HOLE--

.const.1     0   [ 000050c0 ]  00002860          *   00000399   
                 [ 000050c0 ]  00002860          *   00000298   aic3204.obj (.const:.string)
                 [ 000055f0 ]  00002af8          *   00000101   rts55x.lib : ctype.obj (.const:__ctypes_)

.const.2     0   [ 000057f4 ]  00002bfa          *   00000045   
                 [ 000057f4 ]  00002bfa          *   00000024   rts55x.lib : _printfi.obj (.const:.string)
                 [ 0000583c ]  00002c1e          *   0000000c              : _printfi.obj (.const)
                 [ 00005854 ]  00002c2a          *   00000008              : divd.obj (.const:_initial_approx$1)
                 [ 00005864 ]  00002c32          *   00000005   main.obj (.const:_DEN)
                 [ 0000586e ]  00002c37          *   00000005   main.obj (.const:_NUM)
                 [ 00005878 ]  00002c3c          *   00000003   rts55x.lib : assert.obj (.const:.string)

.const.3     0   [ 00005880 ]  00002c40          *   00000004   
                 [ 00005880 ]  00002c40          *   00000002   rts55x.lib : fputs.obj (.const:.string)
                 [ 00005884 ]  00002c42          *   00000002              : fltlid.obj (.const)

.bss.1       0   [ 00005888 ]  00002c44          *   00000309   UNINITIALIZED
                 [ 00005888 ]  00002c44          *   00000119   rts55x.lib : defs.obj (.bss)
                 [ 00005aba ]  00002d5d          *   000000d0              : trgdrv.obj (.bss)
                 [ 00005c5a ]  00002e2d          *   00000001              : fopen.obj (.bss)
                 [ 00005c5c ]  00002e2e          *   00000084   cslVC5505.lib : csl_intc.obj (.bss)
                 [ 00005d64 ]  00002eb2          *   00000071   rts55x.lib : lowlev.obj (.bss)
                 [ 00005e46 ]  00002f23          *   0000002a   cslVC5505.lib : csl_i2s.obj (.bss)

.bss.2       0   [ 00005e9c ]  00002f4e          *   00000028   UNINITIALIZED
                 [ 00005e9c ]  00002f4e          *   00000012   cslVC5505.lib : csl_i2c.obj (.bss)
                 [ 00005ec0 ]  00002f60          *   00000006   rts55x.lib : memory.obj (.bss)
                 [ 00005ecc ]  00002f66          *   00000004              : _lock.obj (.bss)
                 [ 00005ed4 ]  00002f6a          *   00000004              : exit.obj (.bss)
                 [ 00005edc ]  00002f6e          *   00000004   usbstk5505bsl.lib : usbstk5505_gpio.obj (.bss)
                 [ 00005ee4 ]  00002f72          *   00000002   main.obj (.bss)
                 [ 00005ee8 ]  00002f74          *   00000002   usbstk5505bsl.lib : usbstk5505_i2s.obj (.bss)

.text        0     00020000  [ 00010000 ] 00006d40          *   
                   00020000  [ 00010000 ] 000015a4          *   rts55x.lib : _printfi.obj (.text)
                   000215a4  [ 00010ad2 ] 00000c3c          *   cslVC5505.lib : csl_i2c.obj (.text)
                   000221e0  [ 000110f0 ] 000009f3          *                 : csl_i2s.obj (.text)
                   00022bd3  [ 000115e9+] 0000068d          *                 : csl_gpio.obj (.text)
                   00023260  [ 00011930 ] 00000554          *                 : csl_intc.obj (.text)
                   000237b4  [ 00011bda ] 00000543          *   rts55x.lib : lowlev.obj (.text)
                   00023cf7  [ 00011e7b+] 00000528          *              : trgdrv.obj (.text)
                   0002421f  [ 0001210f+] 000004b5          *              : memory.obj (.text)
                   000246d4  [ 0001236a ] 000003df          *   aic3204.obj (.text)
                   00024ab3  [ 00012559+] 000003cc          *   rts55x.lib : divd.obj (.text)
                   00024e7f  [ 0001273f+] 0000027f          *              : fopen.obj (.text)
                   000250fe  [ 0001287f ] 0000025e          *              : llmpy.obj (.text)
                   0002535c  [ 000129ae ] 0000025a          *              : addd.obj (.text)
                   000255b6  [ 00012adb ] 000001ea          *              : cmpd.obj (.text)
                   000257a0  [ 00012bd0 ] 000001a3          *   iir_buffer.obj (.text)
                   00025943  [ 00012ca1+] 00000163          *   rts55x.lib : fputs.obj (.text)
                   00025aa6  [ 00012d53 ] 0000014c          *              : mpyd.obj (.text)
                   00025bf2  [ 00012df9 ] 0000012b          *   main.obj (.text:retain)
                   00025d1d  [ 00012e8e+] 00000107          *   usbstk5505bsl.lib : usbstk5505_i2s.obj (.text)
                   00025e24  [ 00012f12 ] 000000e6          *   rts55x.lib : setvbuf.obj (.text)
                   00025f0a  [ 00012f85 ] 000000dd          *              : _io_perm.obj (.text)
                   00025fe7  [ 00012ff3+] 000000c2          *              : fflush.obj (.text)
                   000260a9  [ 00013054+] 000000ba          *              : trgmsg.obj (.text:CIO_breakpoint)
                   00026163  [ 000130b1+] 000000a6          *              : fputc.obj (.text)
                   00026209  [ 00013104+] 000000a1          *              : divul.obj (.text)
                   000262aa  [ 00013155 ] 0000008e          *   usbstk5505bsl.lib : usbstk5505_i2c.obj (.text)
                   00026338  [ 0001319c ] 0000008c          *   cslVC5505.lib : csl_irqplug.obj (.text)
                   000263c4  [ 000131e2 ] 0000007d          *   rts55x.lib : ltoa.obj (.text)
                   00026441  [ 00013220+] 0000007b          *              : fclose.obj (.text)
                   000264bc  [ 0001325e ] 00000077          *   usbstk5505bsl.lib : usbstk5505_gpio.obj (.text)
                   00026533  [ 00013299+] 00000076          *   rts55x.lib : frcmpyd.obj (.text)
                   000265a9  [ 000132d4+] 00000073          *              : frcmpyd_div.obj (.text)
                   0002661c  [ 0001330e ] 00000072          *              : remul.obj (.text)
                   0002668e  [ 00013347 ] 0000006f          *              : fixdli.obj (.text)
                   000266fd  [ 0001337e+] 0000006d          *   cslVC5505.lib : vectors.obj (.text)
                   0002676a  [ 000133b5 ] 0000006d          *   rts55x.lib : trgmsg.obj (.text)
                   000267d7  [ 000133eb+] 0000006b          *              : fseek.obj (.text)
                   00026842  [ 00013421 ] 00000067          *              : fltlid.obj (.text)
                   000268a9  [ 00013454+] 0000005c          *              : atoi.obj (.text)
                   00026905  [ 00013482+] 00000054          *   usbstk5505bsl.lib : usbstk5505.obj (.text)
                   00026959  [ 000134ac+] 00000050          *   rts55x.lib : printf.obj (.text)
                   000269a9  [ 000134d4+] 0000004d          *              : autoinit.obj (.text)
                   000269f6  [ 000134fb ] 0000004b          *              : args_main.obj (.text)
                   00026a41  [ 00013520+] 0000004b          *              : remli.obj (.text)
                   00026a8c  [ 00013546 ] 0000004a          *              : fprintf.obj (.text)
                   00026ad6  [ 0001356b ] 00000048          *              : divli.obj (.text)
                   00026b1e  [ 0001358f ] 00000046          *   main.obj (.text)
                   00026b64  [ 000135b2 ] 0000003f          *   rts55x.lib : memcpy.obj (.text)
                   00026ba3  [ 000135d1+] 0000003e          *              : exit.obj (.text)
                   00026be1  [ 000135f0+] 0000003d          *              : assert.obj (.text)
                   00026c1e  [ 0001360f ] 00000034          *              : boot.obj (.text)
                   00026c52  [ 00013629 ] 0000002a          *              : fixdi.obj (.text)
                   00026c7c  [ 0001363e ] 0000002a          *              : udiv.obj (.text)
                   00026ca6  [ 00013653 ] 00000023          *              : memccpy.obj (.text)
                   00026cc9  [ 00013664+] 0000001a          *              : isinf.obj (.text)
                   00026ce3  [ 00013671+] 00000014          *              : subd.obj (.text)
                   00026cf7  [ 0001367b+] 00000013          *              : lmpy.obj (.text)
                   00026d0a  [ 00013685 ] 00000012          *              : _lock.obj (.text)
                   00026d1c  [ 0001368e ] 00000010          *              : negd.obj (.text)
                   00026d2c  [ 00013696 ] 0000000a          *              : remove.obj (.text)
                   00026d36  [ 0001369b ] 00000007          *              : exit.obj (.text:CIO_breakpoint)
                   00026d3d  [ 0001369e+] 00000002          *              : vectors.obj (.text)
                   00026d3f  [ 0001369f ] 00000001          *   --HOLE-- [fill = 20]

.cio         0   [ 00040000 ]  00020000          *   00000120   UNINITIALIZED
                 [ 00040000 ]  00020000          *   00000120   rts55x.lib : trgmsg.obj (.cio)

.cinit       0   [ 00040240 ]  00020120          *   0000007c   
                 [ 00040240 ]  00020120          *   0000002d   rts55x.lib : lowlev.obj (.cinit)
                 [ 0004029a ]  0002014d          *   0000002a              : defs.obj (.cinit)
                 [ 000402ee ]  00020177          *   0000000a              : _lock.obj (.cinit)
                 [ 00040302 ]  00020181          *   0000000a              : exit.obj (.cinit)
                 [ 00040316 ]  0002018b          *   00000008   cslVC5505.lib : csl_i2s.obj (.cinit)
                 [ 00040326 ]  00020193          *   00000004   rts55x.lib : fopen.obj (.cinit)
                 [ 0004032e ]  00020197          *   00000004              : memory.obj (.cinit)
                 [ 00040336 ]  0002019b          *   00000001   --HOLE-- [fill = 0]

vectors      0     0004fe00  [ 00027f00 ] 00000200          *   
                   0004fe00  [ 00027f00 ] 00000100          *   cslVC5505.lib : vectors.obj (vectors)
                   0004ff00  [ 00027f80 ] 00000100          *   rts55x.lib : vectors.obj (vectors)


GLOBAL SYMBOLS: SORTED ALPHABETICALLY BY Name 

abs. value/
byte addr   word addr   name
---------   ---------   ----
00000002                $TI_capability$C5500$CallingConvention
00000002                $TI_capability$C5500$MemoryModel
00000001                $TI_capability_requires_rev3
ffffffff                .bss
ffffffff                .data
ffffffff                .text
00026d37                C$$EXIT
0002615e                C$$IO$$
00026cf7                I$$LMPY
00026c7c                I$$UDIV
00026c91                I$$UMOD
0004fe00                RST
000246d4                _AIC3204_init
00024a0a                _AIC3204_readLeft
00024a1b                _AIC3204_readRight
000249e1                _AIC3204_reset
000249f5                _AIC3204_waitUntilReadyToRead
00024a2c                _AIC3204_waitUntilReadyToWrite
00024a41                _AIC3204_writeLeft
00024a59                _AIC3204_writeRight
            00002c32    _DEN
000230be                _GPIO_clearInt
00022c17                _GPIO_close
00022c3b                _GPIO_config
00022e6e                _GPIO_configBit
00022fb6                _GPIO_disableInt
00023034                _GPIO_enableInt
00022cc0                _GPIO_getConfig
00022bd3                _GPIO_open
00022d48                _GPIO_read
000231d1                _GPIO_reset
0002314a                _GPIO_statusBit
00022dcb                _GPIO_write
            00002f6e    _GpioObj
000241c1                _HOSTclock
00024156                _HOSTclose
000240a1                _HOSTlseek
00024002                _HOSTopen
00023f75                _HOSTread
00023ec7                _HOSTrename
00023e69                _HOSTtime
00023dff                _HOSTunlink
00023d72                _HOSTwrite
0002164d                _I2C_config
00022018                _I2C_eventDisable
00021ee4                _I2C_eventEnable
000217b2                _I2C_getConfig
000221c4                _I2C_getEventId
000215a4                _I2C_init
00021cc6                _I2C_read
00022137                _I2C_setCallback
00021888                _I2C_setup
00021a82                _I2C_write
00025bf2                _I2S0receive
00022615                _I2S_close
000221e0                _I2S_open
000226c7                _I2S_read
00022ad7                _I2S_reset
00022327                _I2S_setup
00022b88                _I2S_transEnable
00022981                _I2S_write
000232fa                _IRQ_clear
00023364                _IRQ_clearAll
00023374                _IRQ_config
0002349a                _IRQ_disable
00023518                _IRQ_disableAll
00023526                _IRQ_enable
00023620                _IRQ_getArg
00023407                _IRQ_getConfig
0002376e                _IRQ_globalDisable
00023787                _IRQ_globalEnable
000237a0                _IRQ_globalRestore
00023260                _IRQ_init
00023699                _IRQ_map
00026338                _IRQ_plug
000235b0                _IRQ_restore
00023666                _IRQ_setArg
000236cb                _IRQ_setVecs
000236fc                _IRQ_test
            00002c37    _NUM
0004ff00                _Reset
00026515                _USBSTK5505_GPIO_getInput
000264bc                _USBSTK5505_GPIO_init
000264d7                _USBSTK5505_GPIO_setDirection
000264fb                _USBSTK5505_GPIO_setOutput
000262aa                _USBSTK5505_I2C_init
00026310                _USBSTK5505_I2C_read
000262df                _USBSTK5505_I2C_reset
000262ea                _USBSTK5505_I2C_write
00025e12                _USBSTK5505_I2S_close
00025d1d                _USBSTK5505_I2S_init
00025d76                _USBSTK5505_I2S_readLeft
00025dd5                _USBSTK5505_I2S_readRight
00025da8                _USBSTK5505_I2S_writeLeft
00025df6                _USBSTK5505_I2S_writeRight
0002694b                _USBSTK5505_init
00026905                _USBSTK5505_wait
00026939                _USBSTK5505_waitusec
0004fe00                _VECSTART
            00020000    __CIOBUF_
            00001060    __STACK_END
00002000                __STACK_SIZE
00002000                __SYSMEM_SIZE
00001000                __SYSSTACK_SIZE
00000001                __TI_args_main
ffffffff                ___binit__
ffffffff                ___bss__
ffffffff                ___c_args__
            00020120    ___cinit__
ffffffff                ___data__
ffffffff                ___edata__
ffffffff                ___end__
ffffffff                ___etext__
00026cc9                ___isinf
ffffffff                ___pinit__
ffffffff                ___text__
00026be3                __abort_msg
0002535c                __addd
000269f6                __args_main
00026c13                __assert
00024fa0                __cleanup
            00002f6a    __cleanup_ptr
00025748                __cmpd
            00002af8    __ctypes_
00024ab3                __divd
00026ad6                __divli
00025327                __divlli
00026c7c                __divu
00026209                __divul
00025233                __divull
00025fe7                __doflush
            00002f6c    __dtors_ptr
00025714                __eqld
00026c52                __fixdi
0002668e                __fixdli
00026842                __fltlid
00026533                __frcmpyd
000265a9                __frcmpyd_div
            00002d5c    __ft_end
            00002c44    __ftable
000256ca                __geqd
0002567f                __gtrd
00025632                __leqd
            00002f66    __lock
000255ea                __lssd
00025aa6                __mpyd
00026cf7                __mpyli
0002517b                __mpylli
00026be1                __nassert
00026d1c                __negd
000255b6                __neqd
00026d1a                __nop
00021362                __printfi
00025f8a                __rd_ok
00026d12                __register_lock
00026d0a                __register_unlock
00026a41                __remli
0002514c                __remlli
00026c91                __remu
0002661c                __remul
000250fe                __remull
            00000060    __stack
00026ce3                __subd
            00001860    __sys_memory
            00001060    __sysstack
            00002cbc    __tmpnams
            00002f68    __unlock
00025f0a                __wrt_ok
00026d36                _abort
00023c07                _add_device
000268a9                _atoi
000269a9                _auto_init
            00002f72    _buffer
00026c1e                _c_int00
000246ae                _calloc
000246a6                _chkheap
00023b94                _close
000257a0                _direct_form_1
00026ba3                _exit
00026441                _fclose
00026050                _fflush
00023b8b                _find_registered_device
000250c3                _fopen
00026a8c                _fprintf
00026163                _fputc
00025943                _fputs
0002421f                _free
00024650                _free_memory
00024ffa                _freopen
            00002f4b    _fsError
000267d7                _fseek
            00002f4e    _gI2cObj
00023cf7                _getenv
            00002f70    _hGpio
            00002f74    _hI2s
            00002f5e    _i2cHandle
00025859                _iir_buffer_new
000258ff                _iir_buffer_output_sample
000258d2                _iir_buffer_store_sample
00023b25                _lseek
000263c4                _ltoa
00026b1e                _main
00024350                _malloc
000245f6                _max_free
00026ca6                _memccpy
00026b64                _memcpy
000242eb                _minit
00023a66                _open
            00002f4c    _ouError
00026959                _printf
00026163                _putc
000261fa                _putchar
00025a78                _puts
000239b8                _read
0002676a                _readmsg
00024445                _realloc
00026d2c                _remove
00023982                _remove_device
00023929                _rename
00025e24                _setvbuf
000238f6                _unlink
000237b4                _write
000260a9                _writemsg
ffffffff                binit
            00020120    cinit
ffffffff                edata
ffffffff                end
ffffffff                etext
ffffffff                pinit


GLOBAL SYMBOLS: SORTED BY Symbol Address 

abs. value/
byte addr   word addr   name
---------   ---------   ----
00000001                $TI_capability_requires_rev3
00000001                __TI_args_main
00000002                $TI_capability$C5500$CallingConvention
00000002                $TI_capability$C5500$MemoryModel
            00000060    __stack
00001000                __SYSSTACK_SIZE
00002000                __STACK_SIZE
00002000                __SYSMEM_SIZE
            00001060    __STACK_END
            00001060    __sysstack
            00001860    __sys_memory
            00002af8    __ctypes_
            00002c32    _DEN
            00002c37    _NUM
            00002c44    __ftable
            00002cbc    __tmpnams
            00002d5c    __ft_end
            00002f4b    _fsError
            00002f4c    _ouError
            00002f4e    _gI2cObj
            00002f5e    _i2cHandle
            00002f66    __lock
            00002f68    __unlock
            00002f6a    __cleanup_ptr
            00002f6c    __dtors_ptr
            00002f6e    _GpioObj
            00002f70    _hGpio
            00002f72    _buffer
            00002f74    _hI2s
00021362                __printfi
000215a4                _I2C_init
0002164d                _I2C_config
000217b2                _I2C_getConfig
00021888                _I2C_setup
00021a82                _I2C_write
00021cc6                _I2C_read
00021ee4                _I2C_eventEnable
00022018                _I2C_eventDisable
00022137                _I2C_setCallback
000221c4                _I2C_getEventId
000221e0                _I2S_open
00022327                _I2S_setup
00022615                _I2S_close
000226c7                _I2S_read
00022981                _I2S_write
00022ad7                _I2S_reset
00022b88                _I2S_transEnable
00022bd3                _GPIO_open
00022c17                _GPIO_close
00022c3b                _GPIO_config
00022cc0                _GPIO_getConfig
00022d48                _GPIO_read
00022dcb                _GPIO_write
00022e6e                _GPIO_configBit
00022fb6                _GPIO_disableInt
00023034                _GPIO_enableInt
000230be                _GPIO_clearInt
0002314a                _GPIO_statusBit
000231d1                _GPIO_reset
00023260                _IRQ_init
000232fa                _IRQ_clear
00023364                _IRQ_clearAll
00023374                _IRQ_config
00023407                _IRQ_getConfig
0002349a                _IRQ_disable
00023518                _IRQ_disableAll
00023526                _IRQ_enable
000235b0                _IRQ_restore
00023620                _IRQ_getArg
00023666                _IRQ_setArg
00023699                _IRQ_map
000236cb                _IRQ_setVecs
000236fc                _IRQ_test
0002376e                _IRQ_globalDisable
00023787                _IRQ_globalEnable
000237a0                _IRQ_globalRestore
000237b4                _write
000238f6                _unlink
00023929                _rename
00023982                _remove_device
000239b8                _read
00023a66                _open
00023b25                _lseek
00023b8b                _find_registered_device
00023b94                _close
00023c07                _add_device
00023cf7                _getenv
00023d72                _HOSTwrite
00023dff                _HOSTunlink
00023e69                _HOSTtime
00023ec7                _HOSTrename
00023f75                _HOSTread
00024002                _HOSTopen
000240a1                _HOSTlseek
00024156                _HOSTclose
000241c1                _HOSTclock
0002421f                _free
000242eb                _minit
00024350                _malloc
00024445                _realloc
000245f6                _max_free
00024650                _free_memory
000246a6                _chkheap
000246ae                _calloc
000246d4                _AIC3204_init
000249e1                _AIC3204_reset
000249f5                _AIC3204_waitUntilReadyToRead
00024a0a                _AIC3204_readLeft
00024a1b                _AIC3204_readRight
00024a2c                _AIC3204_waitUntilReadyToWrite
00024a41                _AIC3204_writeLeft
00024a59                _AIC3204_writeRight
00024ab3                __divd
00024fa0                __cleanup
00024ffa                _freopen
000250c3                _fopen
000250fe                __remull
0002514c                __remlli
0002517b                __mpylli
00025233                __divull
00025327                __divlli
0002535c                __addd
000255b6                __neqd
000255ea                __lssd
00025632                __leqd
0002567f                __gtrd
000256ca                __geqd
00025714                __eqld
00025748                __cmpd
000257a0                _direct_form_1
00025859                _iir_buffer_new
000258d2                _iir_buffer_store_sample
000258ff                _iir_buffer_output_sample
00025943                _fputs
00025a78                _puts
00025aa6                __mpyd
00025bf2                _I2S0receive
00025d1d                _USBSTK5505_I2S_init
00025d76                _USBSTK5505_I2S_readLeft
00025da8                _USBSTK5505_I2S_writeLeft
00025dd5                _USBSTK5505_I2S_readRight
00025df6                _USBSTK5505_I2S_writeRight
00025e12                _USBSTK5505_I2S_close
00025e24                _setvbuf
00025f0a                __wrt_ok
00025f8a                __rd_ok
00025fe7                __doflush
00026050                _fflush
000260a9                _writemsg
0002615e                C$$IO$$
00026163                _fputc
00026163                _putc
000261fa                _putchar
00026209                __divul
000262aa                _USBSTK5505_I2C_init
000262df                _USBSTK5505_I2C_reset
000262ea                _USBSTK5505_I2C_write
00026310                _USBSTK5505_I2C_read
00026338                _IRQ_plug
000263c4                _ltoa
00026441                _fclose
000264bc                _USBSTK5505_GPIO_init
000264d7                _USBSTK5505_GPIO_setDirection
000264fb                _USBSTK5505_GPIO_setOutput
00026515                _USBSTK5505_GPIO_getInput
00026533                __frcmpyd
000265a9                __frcmpyd_div
0002661c                __remul
0002668e                __fixdli
0002676a                _readmsg
000267d7                _fseek
00026842                __fltlid
000268a9                _atoi
00026905                _USBSTK5505_wait
00026939                _USBSTK5505_waitusec
0002694b                _USBSTK5505_init
00026959                _printf
000269a9                _auto_init
000269f6                __args_main
00026a41                __remli
00026a8c                _fprintf
00026ad6                __divli
00026b1e                _main
00026b64                _memcpy
00026ba3                _exit
00026be1                __nassert
00026be3                __abort_msg
00026c13                __assert
00026c1e                _c_int00
00026c52                __fixdi
00026c7c                I$$UDIV
00026c7c                __divu
00026c91                I$$UMOD
00026c91                __remu
00026ca6                _memccpy
00026cc9                ___isinf
00026ce3                __subd
00026cf7                I$$LMPY
00026cf7                __mpyli
00026d0a                __register_unlock
00026d12                __register_lock
00026d1a                __nop
00026d1c                __negd
00026d2c                _remove
00026d36                _abort
00026d37                C$$EXIT
            00020000    __CIOBUF_
            00020120    ___cinit__
            00020120    cinit
0004fe00                RST
0004fe00                _VECSTART
0004ff00                _Reset
ffffffff                .bss
ffffffff                .data
ffffffff                .text
ffffffff                ___binit__
ffffffff                ___bss__
ffffffff                ___c_args__
ffffffff                ___data__
ffffffff                ___edata__
ffffffff                ___end__
ffffffff                ___etext__
ffffffff                ___pinit__
ffffffff                ___text__
ffffffff                binit
ffffffff                edata
ffffffff                end
ffffffff                etext
ffffffff                pinit

[229 symbols]
