<?xml version="1.0"?>
<link_info>
   <banner>TMS320C55x Linker Unix v4.4.1</banner>
   <copyright>Copyright (c) 1996-2012 Texas Instruments Incorporated</copyright>
   <link_time>0x59edb4dc</link_time>
   <output_file>IIR.out</output_file>
   <entry_point>
      <name>_c_int00</name>
      <address>0x26bf0</address>
   </entry_point>
   <input_file_list>
      <input_file id="fl-2">
         <path>./</path>
         <kind>object</kind>
         <file>aic3204.obj</file>
         <name>aic3204.obj</name>
      </input_file>
      <input_file id="fl-3">
         <path>./</path>
         <kind>object</kind>
         <file>iir_buffer.obj</file>
         <name>iir_buffer.obj</name>
      </input_file>
      <input_file id="fl-4">
         <path>./</path>
         <kind>object</kind>
         <file>main.obj</file>
         <name>main.obj</name>
      </input_file>
      <input_file id="fl-1d">
         <path>/opt/ti/ccsv7/tools/compiler/c5500_4.4.1/lib/</path>
         <kind>archive</kind>
         <file>rts55x.lib</file>
         <name>assert.obj</name>
      </input_file>
      <input_file id="fl-1e">
         <path>/opt/ti/ccsv7/tools/compiler/c5500_4.4.1/lib/</path>
         <kind>archive</kind>
         <file>rts55x.lib</file>
         <name>boot.obj</name>
      </input_file>
      <input_file id="fl-1f">
         <path>/opt/ti/ccsv7/tools/compiler/c5500_4.4.1/lib/</path>
         <kind>archive</kind>
         <file>rts55x.lib</file>
         <name>defs.obj</name>
      </input_file>
      <input_file id="fl-20">
         <path>/opt/ti/ccsv7/tools/compiler/c5500_4.4.1/lib/</path>
         <kind>archive</kind>
         <file>rts55x.lib</file>
         <name>exit.obj</name>
      </input_file>
      <input_file id="fl-21">
         <path>/opt/ti/ccsv7/tools/compiler/c5500_4.4.1/lib/</path>
         <kind>archive</kind>
         <file>rts55x.lib</file>
         <name>fflush.obj</name>
      </input_file>
      <input_file id="fl-22">
         <path>/opt/ti/ccsv7/tools/compiler/c5500_4.4.1/lib/</path>
         <kind>archive</kind>
         <file>rts55x.lib</file>
         <name>fprintf.obj</name>
      </input_file>
      <input_file id="fl-23">
         <path>/opt/ti/ccsv7/tools/compiler/c5500_4.4.1/lib/</path>
         <kind>archive</kind>
         <file>rts55x.lib</file>
         <name>fputc.obj</name>
      </input_file>
      <input_file id="fl-24">
         <path>/opt/ti/ccsv7/tools/compiler/c5500_4.4.1/lib/</path>
         <kind>archive</kind>
         <file>rts55x.lib</file>
         <name>fputs.obj</name>
      </input_file>
      <input_file id="fl-25">
         <path>/opt/ti/ccsv7/tools/compiler/c5500_4.4.1/lib/</path>
         <kind>archive</kind>
         <file>rts55x.lib</file>
         <name>lmpy.obj</name>
      </input_file>
      <input_file id="fl-26">
         <path>/opt/ti/ccsv7/tools/compiler/c5500_4.4.1/lib/</path>
         <kind>archive</kind>
         <file>rts55x.lib</file>
         <name>lowlev.obj</name>
      </input_file>
      <input_file id="fl-27">
         <path>/opt/ti/ccsv7/tools/compiler/c5500_4.4.1/lib/</path>
         <kind>archive</kind>
         <file>rts55x.lib</file>
         <name>memcpy.obj</name>
      </input_file>
      <input_file id="fl-28">
         <path>/opt/ti/ccsv7/tools/compiler/c5500_4.4.1/lib/</path>
         <kind>archive</kind>
         <file>rts55x.lib</file>
         <name>memory.obj</name>
      </input_file>
      <input_file id="fl-29">
         <path>/opt/ti/ccsv7/tools/compiler/c5500_4.4.1/lib/</path>
         <kind>archive</kind>
         <file>rts55x.lib</file>
         <name>printf.obj</name>
      </input_file>
      <input_file id="fl-2a">
         <path>/opt/ti/ccsv7/tools/compiler/c5500_4.4.1/lib/</path>
         <kind>archive</kind>
         <file>rts55x.lib</file>
         <name>trgdrv.obj</name>
      </input_file>
      <input_file id="fl-2b">
         <path>/opt/ti/ccsv7/tools/compiler/c5500_4.4.1/lib/</path>
         <kind>archive</kind>
         <file>rts55x.lib</file>
         <name>trgmsg.obj</name>
      </input_file>
      <input_file id="fl-2c">
         <path>/opt/ti/ccsv7/tools/compiler/c5500_4.4.1/lib/</path>
         <kind>archive</kind>
         <file>rts55x.lib</file>
         <name>vectors.obj</name>
      </input_file>
      <input_file id="fl-2d">
         <path>/opt/ti/ccsv7/tools/compiler/c5500_4.4.1/lib/</path>
         <kind>archive</kind>
         <file>rts55x.lib</file>
         <name>_io_perm.obj</name>
      </input_file>
      <input_file id="fl-2e">
         <path>/opt/ti/ccsv7/tools/compiler/c5500_4.4.1/lib/</path>
         <kind>archive</kind>
         <file>rts55x.lib</file>
         <name>_lock.obj</name>
      </input_file>
      <input_file id="fl-2f">
         <path>/opt/ti/ccsv7/tools/compiler/c5500_4.4.1/lib/</path>
         <kind>archive</kind>
         <file>rts55x.lib</file>
         <name>_printfi.obj</name>
      </input_file>
      <input_file id="fl-30">
         <path>/opt/ti/ccsv7/tools/compiler/c5500_4.4.1/lib/</path>
         <kind>archive</kind>
         <file>rts55x.lib</file>
         <name>args_main.obj</name>
      </input_file>
      <input_file id="fl-31">
         <path>/opt/ti/ccsv7/tools/compiler/c5500_4.4.1/lib/</path>
         <kind>archive</kind>
         <file>rts55x.lib</file>
         <name>atoi.obj</name>
      </input_file>
      <input_file id="fl-32">
         <path>/opt/ti/ccsv7/tools/compiler/c5500_4.4.1/lib/</path>
         <kind>archive</kind>
         <file>rts55x.lib</file>
         <name>autoinit.obj</name>
      </input_file>
      <input_file id="fl-33">
         <path>/opt/ti/ccsv7/tools/compiler/c5500_4.4.1/lib/</path>
         <kind>archive</kind>
         <file>rts55x.lib</file>
         <name>cmpd.obj</name>
      </input_file>
      <input_file id="fl-34">
         <path>/opt/ti/ccsv7/tools/compiler/c5500_4.4.1/lib/</path>
         <kind>archive</kind>
         <file>rts55x.lib</file>
         <name>ctype.obj</name>
      </input_file>
      <input_file id="fl-35">
         <path>/opt/ti/ccsv7/tools/compiler/c5500_4.4.1/lib/</path>
         <kind>archive</kind>
         <file>rts55x.lib</file>
         <name>divd.obj</name>
      </input_file>
      <input_file id="fl-36">
         <path>/opt/ti/ccsv7/tools/compiler/c5500_4.4.1/lib/</path>
         <kind>archive</kind>
         <file>rts55x.lib</file>
         <name>divul.obj</name>
      </input_file>
      <input_file id="fl-37">
         <path>/opt/ti/ccsv7/tools/compiler/c5500_4.4.1/lib/</path>
         <kind>archive</kind>
         <file>rts55x.lib</file>
         <name>fixdi.obj</name>
      </input_file>
      <input_file id="fl-38">
         <path>/opt/ti/ccsv7/tools/compiler/c5500_4.4.1/lib/</path>
         <kind>archive</kind>
         <file>rts55x.lib</file>
         <name>fixdli.obj</name>
      </input_file>
      <input_file id="fl-39">
         <path>/opt/ti/ccsv7/tools/compiler/c5500_4.4.1/lib/</path>
         <kind>archive</kind>
         <file>rts55x.lib</file>
         <name>fltlid.obj</name>
      </input_file>
      <input_file id="fl-3a">
         <path>/opt/ti/ccsv7/tools/compiler/c5500_4.4.1/lib/</path>
         <kind>archive</kind>
         <file>rts55x.lib</file>
         <name>frcmpyd_div.obj</name>
      </input_file>
      <input_file id="fl-3b">
         <path>/opt/ti/ccsv7/tools/compiler/c5500_4.4.1/lib/</path>
         <kind>archive</kind>
         <file>rts55x.lib</file>
         <name>fseek.obj</name>
      </input_file>
      <input_file id="fl-3c">
         <path>/opt/ti/ccsv7/tools/compiler/c5500_4.4.1/lib/</path>
         <kind>archive</kind>
         <file>rts55x.lib</file>
         <name>isinf.obj</name>
      </input_file>
      <input_file id="fl-3d">
         <path>/opt/ti/ccsv7/tools/compiler/c5500_4.4.1/lib/</path>
         <kind>archive</kind>
         <file>rts55x.lib</file>
         <name>llmpy.obj</name>
      </input_file>
      <input_file id="fl-3e">
         <path>/opt/ti/ccsv7/tools/compiler/c5500_4.4.1/lib/</path>
         <kind>archive</kind>
         <file>rts55x.lib</file>
         <name>ltoa.obj</name>
      </input_file>
      <input_file id="fl-3f">
         <path>/opt/ti/ccsv7/tools/compiler/c5500_4.4.1/lib/</path>
         <kind>archive</kind>
         <file>rts55x.lib</file>
         <name>memccpy.obj</name>
      </input_file>
      <input_file id="fl-40">
         <path>/opt/ti/ccsv7/tools/compiler/c5500_4.4.1/lib/</path>
         <kind>archive</kind>
         <file>rts55x.lib</file>
         <name>mpyd.obj</name>
      </input_file>
      <input_file id="fl-41">
         <path>/opt/ti/ccsv7/tools/compiler/c5500_4.4.1/lib/</path>
         <kind>archive</kind>
         <file>rts55x.lib</file>
         <name>negd.obj</name>
      </input_file>
      <input_file id="fl-42">
         <path>/opt/ti/ccsv7/tools/compiler/c5500_4.4.1/lib/</path>
         <kind>archive</kind>
         <file>rts55x.lib</file>
         <name>remli.obj</name>
      </input_file>
      <input_file id="fl-43">
         <path>/opt/ti/ccsv7/tools/compiler/c5500_4.4.1/lib/</path>
         <kind>archive</kind>
         <file>rts55x.lib</file>
         <name>remul.obj</name>
      </input_file>
      <input_file id="fl-44">
         <path>/opt/ti/ccsv7/tools/compiler/c5500_4.4.1/lib/</path>
         <kind>archive</kind>
         <file>rts55x.lib</file>
         <name>setvbuf.obj</name>
      </input_file>
      <input_file id="fl-45">
         <path>/opt/ti/ccsv7/tools/compiler/c5500_4.4.1/lib/</path>
         <kind>archive</kind>
         <file>rts55x.lib</file>
         <name>subd.obj</name>
      </input_file>
      <input_file id="fl-46">
         <path>/opt/ti/ccsv7/tools/compiler/c5500_4.4.1/lib/</path>
         <kind>archive</kind>
         <file>rts55x.lib</file>
         <name>udiv.obj</name>
      </input_file>
      <input_file id="fl-47">
         <path>/opt/ti/ccsv7/tools/compiler/c5500_4.4.1/lib/</path>
         <kind>archive</kind>
         <file>rts55x.lib</file>
         <name>addd.obj</name>
      </input_file>
      <input_file id="fl-48">
         <path>/opt/ti/ccsv7/tools/compiler/c5500_4.4.1/lib/</path>
         <kind>archive</kind>
         <file>rts55x.lib</file>
         <name>divli.obj</name>
      </input_file>
      <input_file id="fl-49">
         <path>/opt/ti/ccsv7/tools/compiler/c5500_4.4.1/lib/</path>
         <kind>archive</kind>
         <file>rts55x.lib</file>
         <name>fopen.obj</name>
      </input_file>
      <input_file id="fl-4a">
         <path>/opt/ti/ccsv7/tools/compiler/c5500_4.4.1/lib/</path>
         <kind>archive</kind>
         <file>rts55x.lib</file>
         <name>frcmpyd.obj</name>
      </input_file>
      <input_file id="fl-4b">
         <path>/opt/ti/ccsv7/tools/compiler/c5500_4.4.1/lib/</path>
         <kind>archive</kind>
         <file>rts55x.lib</file>
         <name>fclose.obj</name>
      </input_file>
      <input_file id="fl-4c">
         <path>/opt/ti/ccsv7/tools/compiler/c5500_4.4.1/lib/</path>
         <kind>archive</kind>
         <file>rts55x.lib</file>
         <name>remove.obj</name>
      </input_file>
      <input_file id="fl-4d">
         <path>/home/roy/Downloads/usbstk5505_v2/</path>
         <kind>archive</kind>
         <file>usbstk5505bsl.lib</file>
         <name>usbstk5505.obj</name>
      </input_file>
      <input_file id="fl-4e">
         <path>/home/roy/Downloads/usbstk5505_v2/</path>
         <kind>archive</kind>
         <file>usbstk5505bsl.lib</file>
         <name>usbstk5505_gpio.obj</name>
      </input_file>
      <input_file id="fl-4f">
         <path>/home/roy/Downloads/usbstk5505_v2/</path>
         <kind>archive</kind>
         <file>usbstk5505bsl.lib</file>
         <name>usbstk5505_i2c.obj</name>
      </input_file>
      <input_file id="fl-50">
         <path>/home/roy/Downloads/usbstk5505_v2/</path>
         <kind>archive</kind>
         <file>usbstk5505bsl.lib</file>
         <name>usbstk5505_i2s.obj</name>
      </input_file>
      <input_file id="fl-51">
         <path>/home/roy/Downloads/usbstk5505_v2/c55xx_csl/ccs_v4.0_examples/cslVC5505/Debug/</path>
         <kind>archive</kind>
         <file>cslVC5505.lib</file>
         <name>vectors.obj</name>
      </input_file>
      <input_file id="fl-52">
         <path>/home/roy/Downloads/usbstk5505_v2/c55xx_csl/ccs_v4.0_examples/cslVC5505/Debug/</path>
         <kind>archive</kind>
         <file>cslVC5505.lib</file>
         <name>csl_irqplug.obj</name>
      </input_file>
      <input_file id="fl-53">
         <path>/home/roy/Downloads/usbstk5505_v2/c55xx_csl/ccs_v4.0_examples/cslVC5505/Debug/</path>
         <kind>archive</kind>
         <file>cslVC5505.lib</file>
         <name>csl_intc.obj</name>
      </input_file>
      <input_file id="fl-54">
         <path>/home/roy/Downloads/usbstk5505_v2/c55xx_csl/ccs_v4.0_examples/cslVC5505/Debug/</path>
         <kind>archive</kind>
         <file>cslVC5505.lib</file>
         <name>csl_i2s.obj</name>
      </input_file>
      <input_file id="fl-55">
         <path>/home/roy/Downloads/usbstk5505_v2/c55xx_csl/ccs_v4.0_examples/cslVC5505/Debug/</path>
         <kind>archive</kind>
         <file>cslVC5505.lib</file>
         <name>csl_i2c.obj</name>
      </input_file>
      <input_file id="fl-56">
         <path>/home/roy/Downloads/usbstk5505_v2/c55xx_csl/ccs_v4.0_examples/cslVC5505/Debug/</path>
         <kind>archive</kind>
         <file>cslVC5505.lib</file>
         <name>csl_gpio.obj</name>
      </input_file>
   </input_file_list>
   <object_component_list>
      <object_component id="oc-7b">
         <name>.text</name>
         <load_address>0x20000</load_address>
         <run_address>0x20000</run_address>
         <size>0x15a4</size>
         <input_file_ref idref="fl-2f"/>
      </object_component>
      <object_component id="oc-122">
         <name>.text</name>
         <load_address>0x215a4</load_address>
         <run_address>0x215a4</run_address>
         <size>0xc3c</size>
         <input_file_ref idref="fl-55"/>
      </object_component>
      <object_component id="oc-11b">
         <name>.text</name>
         <load_address>0x221e0</load_address>
         <run_address>0x221e0</run_address>
         <size>0x9f3</size>
         <input_file_ref idref="fl-54"/>
      </object_component>
      <object_component id="oc-128">
         <name>.text</name>
         <load_address>0x22bd3</load_address>
         <run_address>0x22bd3</run_address>
         <size>0x68d</size>
         <input_file_ref idref="fl-56"/>
      </object_component>
      <object_component id="oc-115">
         <name>.text</name>
         <load_address>0x23260</load_address>
         <run_address>0x23260</run_address>
         <size>0x554</size>
         <input_file_ref idref="fl-53"/>
      </object_component>
      <object_component id="oc-4d">
         <name>.text</name>
         <load_address>0x237b4</load_address>
         <run_address>0x237b4</run_address>
         <size>0x543</size>
         <input_file_ref idref="fl-26"/>
      </object_component>
      <object_component id="oc-62">
         <name>.text</name>
         <load_address>0x23cf7</load_address>
         <run_address>0x23cf7</run_address>
         <size>0x528</size>
         <input_file_ref idref="fl-2a"/>
      </object_component>
      <object_component id="oc-57">
         <name>.text</name>
         <load_address>0x2421f</load_address>
         <run_address>0x2421f</run_address>
         <size>0x4b5</size>
         <input_file_ref idref="fl-28"/>
      </object_component>
      <object_component id="oc-12">
         <name>.text</name>
         <load_address>0x246d4</load_address>
         <run_address>0x246d4</run_address>
         <size>0x3df</size>
         <input_file_ref idref="fl-2"/>
      </object_component>
      <object_component id="oc-93">
         <name>.text</name>
         <load_address>0x24ab3</load_address>
         <run_address>0x24ab3</run_address>
         <size>0x3cc</size>
         <input_file_ref idref="fl-35"/>
      </object_component>
      <object_component id="oc-e4">
         <name>.text</name>
         <load_address>0x24e7f</load_address>
         <run_address>0x24e7f</run_address>
         <size>0x27f</size>
         <input_file_ref idref="fl-49"/>
      </object_component>
      <object_component id="oc-b4">
         <name>.text</name>
         <load_address>0x250fe</load_address>
         <run_address>0x250fe</run_address>
         <size>0x25e</size>
         <input_file_ref idref="fl-3d"/>
      </object_component>
      <object_component id="oc-dc">
         <name>.text</name>
         <load_address>0x2535c</load_address>
         <run_address>0x2535c</run_address>
         <size>0x25a</size>
         <input_file_ref idref="fl-47"/>
      </object_component>
      <object_component id="oc-8d">
         <name>.text</name>
         <load_address>0x255b6</load_address>
         <run_address>0x255b6</run_address>
         <size>0x1ea</size>
         <input_file_ref idref="fl-33"/>
      </object_component>
      <object_component id="oc-18">
         <name>.text</name>
         <load_address>0x257a0</load_address>
         <run_address>0x257a0</run_address>
         <size>0x173</size>
         <input_file_ref idref="fl-3"/>
      </object_component>
      <object_component id="oc-44">
         <name>.text</name>
         <load_address>0x25913</load_address>
         <run_address>0x25913</run_address>
         <size>0x163</size>
         <input_file_ref idref="fl-24"/>
      </object_component>
      <object_component id="oc-c0">
         <name>.text</name>
         <load_address>0x25a76</load_address>
         <run_address>0x25a76</run_address>
         <size>0x14c</size>
         <input_file_ref idref="fl-40"/>
      </object_component>
      <object_component id="oc-20">
         <name>.text:retain</name>
         <load_address>0x25bc2</load_address>
         <run_address>0x25bc2</run_address>
         <size>0x12b</size>
         <input_file_ref idref="fl-4"/>
      </object_component>
      <object_component id="oc-106">
         <name>.text</name>
         <load_address>0x25ced</load_address>
         <run_address>0x25ced</run_address>
         <size>0x107</size>
         <input_file_ref idref="fl-50"/>
      </object_component>
      <object_component id="oc-d0">
         <name>.text</name>
         <load_address>0x25df4</load_address>
         <run_address>0x25df4</run_address>
         <size>0xe6</size>
         <input_file_ref idref="fl-44"/>
      </object_component>
      <object_component id="oc-71">
         <name>.text</name>
         <load_address>0x25eda</load_address>
         <run_address>0x25eda</run_address>
         <size>0xdd</size>
         <input_file_ref idref="fl-2d"/>
      </object_component>
      <object_component id="oc-38">
         <name>.text</name>
         <load_address>0x25fb7</load_address>
         <run_address>0x25fb7</run_address>
         <size>0xc2</size>
         <input_file_ref idref="fl-21"/>
      </object_component>
      <object_component id="oc-6a">
         <name>.text:CIO_breakpoint</name>
         <load_address>0x26079</load_address>
         <run_address>0x26079</run_address>
         <size>0xba</size>
         <input_file_ref idref="fl-2b"/>
      </object_component>
      <object_component id="oc-40">
         <name>.text</name>
         <load_address>0x26133</load_address>
         <run_address>0x26133</run_address>
         <size>0xa6</size>
         <input_file_ref idref="fl-23"/>
      </object_component>
      <object_component id="oc-97">
         <name>.text</name>
         <load_address>0x261d9</load_address>
         <run_address>0x261d9</run_address>
         <size>0xa1</size>
         <input_file_ref idref="fl-36"/>
      </object_component>
      <object_component id="oc-101">
         <name>.text</name>
         <load_address>0x2627a</load_address>
         <run_address>0x2627a</run_address>
         <size>0x8e</size>
         <input_file_ref idref="fl-4f"/>
      </object_component>
      <object_component id="oc-111">
         <name>.text</name>
         <load_address>0x26308</load_address>
         <run_address>0x26308</run_address>
         <size>0x8c</size>
         <input_file_ref idref="fl-52"/>
      </object_component>
      <object_component id="oc-b8">
         <name>.text</name>
         <load_address>0x26394</load_address>
         <run_address>0x26394</run_address>
         <size>0x7d</size>
         <input_file_ref idref="fl-3e"/>
      </object_component>
      <object_component id="oc-ee">
         <name>.text</name>
         <load_address>0x26411</load_address>
         <run_address>0x26411</run_address>
         <size>0x7b</size>
         <input_file_ref idref="fl-4b"/>
      </object_component>
      <object_component id="oc-fb">
         <name>.text</name>
         <load_address>0x2648c</load_address>
         <run_address>0x2648c</run_address>
         <size>0x77</size>
         <input_file_ref idref="fl-4e"/>
      </object_component>
      <object_component id="oc-ea">
         <name>.text</name>
         <load_address>0x26503</load_address>
         <run_address>0x26503</run_address>
         <size>0x76</size>
         <input_file_ref idref="fl-4a"/>
      </object_component>
      <object_component id="oc-a8">
         <name>.text</name>
         <load_address>0x26579</load_address>
         <run_address>0x26579</run_address>
         <size>0x73</size>
         <input_file_ref idref="fl-3a"/>
      </object_component>
      <object_component id="oc-cc">
         <name>.text</name>
         <load_address>0x265ec</load_address>
         <run_address>0x265ec</run_address>
         <size>0x72</size>
         <input_file_ref idref="fl-43"/>
      </object_component>
      <object_component id="oc-9f">
         <name>.text</name>
         <load_address>0x2665e</load_address>
         <run_address>0x2665e</run_address>
         <size>0x6f</size>
         <input_file_ref idref="fl-38"/>
      </object_component>
      <object_component id="oc-10c">
         <name>.text</name>
         <load_address>0x266cd</load_address>
         <run_address>0x266cd</run_address>
         <size>0x6d</size>
         <input_file_ref idref="fl-51"/>
      </object_component>
      <object_component id="oc-67">
         <name>.text</name>
         <load_address>0x2673a</load_address>
         <run_address>0x2673a</run_address>
         <size>0x6d</size>
         <input_file_ref idref="fl-2b"/>
      </object_component>
      <object_component id="oc-ac">
         <name>.text</name>
         <load_address>0x267a7</load_address>
         <run_address>0x267a7</run_address>
         <size>0x6b</size>
         <input_file_ref idref="fl-3b"/>
      </object_component>
      <object_component id="oc-a3">
         <name>.text</name>
         <load_address>0x26812</load_address>
         <run_address>0x26812</run_address>
         <size>0x67</size>
         <input_file_ref idref="fl-39"/>
      </object_component>
      <object_component id="oc-85">
         <name>.text</name>
         <load_address>0x26879</load_address>
         <run_address>0x26879</run_address>
         <size>0x5c</size>
         <input_file_ref idref="fl-31"/>
      </object_component>
      <object_component id="oc-f6">
         <name>.text</name>
         <load_address>0x268d5</load_address>
         <run_address>0x268d5</run_address>
         <size>0x54</size>
         <input_file_ref idref="fl-4d"/>
      </object_component>
      <object_component id="oc-5e">
         <name>.text</name>
         <load_address>0x26929</load_address>
         <run_address>0x26929</run_address>
         <size>0x50</size>
         <input_file_ref idref="fl-29"/>
      </object_component>
      <object_component id="oc-89">
         <name>.text</name>
         <load_address>0x26979</load_address>
         <run_address>0x26979</run_address>
         <size>0x4d</size>
         <input_file_ref idref="fl-32"/>
      </object_component>
      <object_component id="oc-81">
         <name>.text</name>
         <load_address>0x269c6</load_address>
         <run_address>0x269c6</run_address>
         <size>0x4b</size>
         <input_file_ref idref="fl-30"/>
      </object_component>
      <object_component id="oc-c8">
         <name>.text</name>
         <load_address>0x26a11</load_address>
         <run_address>0x26a11</run_address>
         <size>0x4b</size>
         <input_file_ref idref="fl-42"/>
      </object_component>
      <object_component id="oc-3c">
         <name>.text</name>
         <load_address>0x26a5c</load_address>
         <run_address>0x26a5c</run_address>
         <size>0x4a</size>
         <input_file_ref idref="fl-22"/>
      </object_component>
      <object_component id="oc-1d">
         <name>.text</name>
         <load_address>0x26aa6</load_address>
         <run_address>0x26aa6</run_address>
         <size>0x48</size>
         <input_file_ref idref="fl-4"/>
      </object_component>
      <object_component id="oc-e0">
         <name>.text</name>
         <load_address>0x26aee</load_address>
         <run_address>0x26aee</run_address>
         <size>0x48</size>
         <input_file_ref idref="fl-48"/>
      </object_component>
      <object_component id="oc-53">
         <name>.text</name>
         <load_address>0x26b36</load_address>
         <run_address>0x26b36</run_address>
         <size>0x3f</size>
         <input_file_ref idref="fl-27"/>
      </object_component>
      <object_component id="oc-31">
         <name>.text</name>
         <load_address>0x26b75</load_address>
         <run_address>0x26b75</run_address>
         <size>0x3e</size>
         <input_file_ref idref="fl-20"/>
      </object_component>
      <object_component id="oc-24">
         <name>.text</name>
         <load_address>0x26bb3</load_address>
         <run_address>0x26bb3</run_address>
         <size>0x3d</size>
         <input_file_ref idref="fl-1d"/>
      </object_component>
      <object_component id="oc-10">
         <name>.text</name>
         <load_address>0x26bf0</load_address>
         <run_address>0x26bf0</run_address>
         <size>0x34</size>
         <input_file_ref idref="fl-1e"/>
      </object_component>
      <object_component id="oc-9b">
         <name>.text</name>
         <load_address>0x26c24</load_address>
         <run_address>0x26c24</run_address>
         <size>0x2a</size>
         <input_file_ref idref="fl-37"/>
      </object_component>
      <object_component id="oc-d8">
         <name>.text</name>
         <load_address>0x26c4e</load_address>
         <run_address>0x26c4e</run_address>
         <size>0x2a</size>
         <input_file_ref idref="fl-46"/>
      </object_component>
      <object_component id="oc-bc">
         <name>.text</name>
         <load_address>0x26c78</load_address>
         <run_address>0x26c78</run_address>
         <size>0x23</size>
         <input_file_ref idref="fl-3f"/>
      </object_component>
      <object_component id="oc-b0">
         <name>.text</name>
         <load_address>0x26c9b</load_address>
         <run_address>0x26c9b</run_address>
         <size>0x1a</size>
         <input_file_ref idref="fl-3c"/>
      </object_component>
      <object_component id="oc-d4">
         <name>.text</name>
         <load_address>0x26cb5</load_address>
         <run_address>0x26cb5</run_address>
         <size>0x14</size>
         <input_file_ref idref="fl-45"/>
      </object_component>
      <object_component id="oc-49">
         <name>.text</name>
         <load_address>0x26cc9</load_address>
         <run_address>0x26cc9</run_address>
         <size>0x13</size>
         <input_file_ref idref="fl-25"/>
      </object_component>
      <object_component id="oc-75">
         <name>.text</name>
         <load_address>0x26cdc</load_address>
         <run_address>0x26cdc</run_address>
         <size>0x12</size>
         <input_file_ref idref="fl-2e"/>
      </object_component>
      <object_component id="oc-c4">
         <name>.text</name>
         <load_address>0x26cee</load_address>
         <run_address>0x26cee</run_address>
         <size>0x10</size>
         <input_file_ref idref="fl-41"/>
      </object_component>
      <object_component id="oc-f2">
         <name>.text</name>
         <load_address>0x26cfe</load_address>
         <run_address>0x26cfe</run_address>
         <size>0xa</size>
         <input_file_ref idref="fl-4c"/>
      </object_component>
      <object_component id="oc-35">
         <name>.text:CIO_breakpoint</name>
         <load_address>0x26d08</load_address>
         <run_address>0x26d08</run_address>
         <size>0x7</size>
         <input_file_ref idref="fl-20"/>
      </object_component>
      <object_component id="oc-6d">
         <name>.text</name>
         <load_address>0x26d0f</load_address>
         <run_address>0x26d0f</run_address>
         <size>0x2</size>
         <input_file_ref idref="fl-2c"/>
      </object_component>
      <object_component id="oc-29">
         <name>.stack</name>
         <uninitialized>true</uninitialized>
         <run_address>0xc0</run_address>
         <size>0x0</size>
         <input_file_ref idref="fl-1e"/>
      </object_component>
      <object_component id="oc-149">
         <name>.stack</name>
         <uninitialized>true</uninitialized>
         <run_address>0xc0</run_address>
         <size>0x0</size>
      </object_component>
      <object_component id="oc-12d">
         <name>.sysstack</name>
         <uninitialized>true</uninitialized>
         <run_address>0x20c0</run_address>
         <size>0x0</size>
         <input_file_ref idref="fl-1e"/>
      </object_component>
      <object_component id="oc-14b">
         <name>.sysstack</name>
         <uninitialized>true</uninitialized>
         <run_address>0x20c0</run_address>
         <size>0x0</size>
      </object_component>
      <object_component id="oc-2d">
         <name>.bss</name>
         <uninitialized>true</uninitialized>
         <run_address>0x5880</run_address>
         <size>0x232</size>
         <input_file_ref idref="fl-1f"/>
      </object_component>
      <object_component id="oc-63">
         <name>.bss</name>
         <uninitialized>true</uninitialized>
         <run_address>0x5ab2</run_address>
         <size>0x1a0</size>
         <input_file_ref idref="fl-2a"/>
      </object_component>
      <object_component id="oc-e5">
         <name>.bss</name>
         <uninitialized>true</uninitialized>
         <run_address>0x5c52</run_address>
         <size>0x2</size>
         <input_file_ref idref="fl-49"/>
      </object_component>
      <object_component id="oc-116">
         <name>.bss</name>
         <uninitialized>true</uninitialized>
         <run_address>0x5c54</run_address>
         <size>0x108</size>
         <input_file_ref idref="fl-53"/>
      </object_component>
      <object_component id="oc-4e">
         <name>.bss</name>
         <uninitialized>true</uninitialized>
         <run_address>0x5d5c</run_address>
         <size>0xe2</size>
         <input_file_ref idref="fl-26"/>
      </object_component>
      <object_component id="oc-11c">
         <name>.bss</name>
         <uninitialized>true</uninitialized>
         <run_address>0x5e3e</run_address>
         <size>0x54</size>
         <input_file_ref idref="fl-54"/>
      </object_component>
      <object_component id="oc-123">
         <name>.bss</name>
         <uninitialized>true</uninitialized>
         <run_address>0x5e94</run_address>
         <size>0x24</size>
         <input_file_ref idref="fl-55"/>
      </object_component>
      <object_component id="oc-58">
         <name>.bss</name>
         <uninitialized>true</uninitialized>
         <run_address>0x5eb8</run_address>
         <size>0xc</size>
         <input_file_ref idref="fl-28"/>
      </object_component>
      <object_component id="oc-76">
         <name>.bss</name>
         <uninitialized>true</uninitialized>
         <run_address>0x5ec4</run_address>
         <size>0x8</size>
         <input_file_ref idref="fl-2e"/>
      </object_component>
      <object_component id="oc-32">
         <name>.bss</name>
         <uninitialized>true</uninitialized>
         <run_address>0x5ecc</run_address>
         <size>0x8</size>
         <input_file_ref idref="fl-20"/>
      </object_component>
      <object_component id="oc-fc">
         <name>.bss</name>
         <uninitialized>true</uninitialized>
         <run_address>0x5ed4</run_address>
         <size>0x8</size>
         <input_file_ref idref="fl-4e"/>
      </object_component>
      <object_component id="oc-1e">
         <name>.bss</name>
         <uninitialized>true</uninitialized>
         <run_address>0x5edc</run_address>
         <size>0x4</size>
         <input_file_ref idref="fl-4"/>
      </object_component>
      <object_component id="oc-107">
         <name>.bss</name>
         <uninitialized>true</uninitialized>
         <run_address>0x5ee0</run_address>
         <size>0x4</size>
         <input_file_ref idref="fl-50"/>
      </object_component>
      <object_component id="oc-14">
         <name>.const:.string</name>
         <load_address>0x50c0</load_address>
         <run_address>0x50c0</run_address>
         <size>0x530</size>
         <input_file_ref idref="fl-2"/>
      </object_component>
      <object_component id="oc-130">
         <name>.const:__ctypes_</name>
         <load_address>0x55f0</load_address>
         <run_address>0x55f0</run_address>
         <size>0x202</size>
         <input_file_ref idref="fl-34"/>
      </object_component>
      <object_component id="oc-7e">
         <name>.const:.string</name>
         <load_address>0x57f4</load_address>
         <run_address>0x57f4</run_address>
         <size>0x48</size>
         <input_file_ref idref="fl-2f"/>
      </object_component>
      <object_component id="oc-7d">
         <name>.const</name>
         <load_address>0x583c</load_address>
         <run_address>0x583c</run_address>
         <size>0x18</size>
         <input_file_ref idref="fl-2f"/>
      </object_component>
      <object_component id="oc-131">
         <name>.const:_initial_approx$1</name>
         <load_address>0x5854</load_address>
         <run_address>0x5854</run_address>
         <size>0x10</size>
         <input_file_ref idref="fl-35"/>
      </object_component>
      <object_component id="oc-26">
         <name>.const:.string</name>
         <load_address>0x5864</load_address>
         <run_address>0x5864</run_address>
         <size>0x6</size>
         <input_file_ref idref="fl-1d"/>
      </object_component>
      <object_component id="oc-12f">
         <name>.const:_DEN</name>
         <load_address>0x586a</load_address>
         <run_address>0x586a</run_address>
         <size>0x6</size>
         <input_file_ref idref="fl-4"/>
      </object_component>
      <object_component id="oc-12e">
         <name>.const:_NUM</name>
         <load_address>0x5870</load_address>
         <run_address>0x5870</run_address>
         <size>0x6</size>
         <input_file_ref idref="fl-4"/>
      </object_component>
      <object_component id="oc-46">
         <name>.const:.string</name>
         <load_address>0x5878</load_address>
         <run_address>0x5878</run_address>
         <size>0x4</size>
         <input_file_ref idref="fl-24"/>
      </object_component>
      <object_component id="oc-a5">
         <name>.const</name>
         <load_address>0x587c</load_address>
         <run_address>0x587c</run_address>
         <size>0x4</size>
         <input_file_ref idref="fl-39"/>
      </object_component>
      <object_component id="oc-5b">
         <name>.sysmem</name>
         <uninitialized>true</uninitialized>
         <run_address>0x30c0</run_address>
         <size>0x0</size>
         <input_file_ref idref="fl-28"/>
      </object_component>
      <object_component id="oc-14a">
         <name>.sysmem</name>
         <uninitialized>true</uninitialized>
         <run_address>0x30c0</run_address>
         <size>0x0</size>
      </object_component>
      <object_component id="oc-50">
         <name>.cinit</name>
         <load_address>0x40240</load_address>
         <run_address>0x40240</run_address>
         <size>0x5a</size>
         <input_file_ref idref="fl-26"/>
      </object_component>
      <object_component id="oc-2f">
         <name>.cinit</name>
         <load_address>0x4029a</load_address>
         <run_address>0x4029a</run_address>
         <size>0x54</size>
         <input_file_ref idref="fl-1f"/>
      </object_component>
      <object_component id="oc-78">
         <name>.cinit</name>
         <load_address>0x402ee</load_address>
         <run_address>0x402ee</run_address>
         <size>0x14</size>
         <input_file_ref idref="fl-2e"/>
      </object_component>
      <object_component id="oc-34">
         <name>.cinit</name>
         <load_address>0x40302</load_address>
         <run_address>0x40302</run_address>
         <size>0x14</size>
         <input_file_ref idref="fl-20"/>
      </object_component>
      <object_component id="oc-11e">
         <name>.cinit</name>
         <load_address>0x40316</load_address>
         <run_address>0x40316</run_address>
         <size>0x10</size>
         <input_file_ref idref="fl-54"/>
      </object_component>
      <object_component id="oc-e7">
         <name>.cinit</name>
         <load_address>0x40326</load_address>
         <run_address>0x40326</run_address>
         <size>0x8</size>
         <input_file_ref idref="fl-49"/>
      </object_component>
      <object_component id="oc-5a">
         <name>.cinit</name>
         <load_address>0x4032e</load_address>
         <run_address>0x4032e</run_address>
         <size>0x8</size>
         <input_file_ref idref="fl-28"/>
      </object_component>
      <object_component id="oc-69">
         <name>.cio</name>
         <uninitialized>true</uninitialized>
         <run_address>0x40000</run_address>
         <size>0x240</size>
         <input_file_ref idref="fl-2b"/>
      </object_component>
      <object_component id="oc-10d">
         <name>vectors</name>
         <load_address>0x4fe00</load_address>
         <run_address>0x4fe00</run_address>
         <size>0x100</size>
         <input_file_ref idref="fl-51"/>
      </object_component>
      <object_component id="oc-11">
         <name>vectors</name>
         <load_address>0x4ff00</load_address>
         <run_address>0x4ff00</run_address>
         <size>0x100</size>
         <input_file_ref idref="fl-2c"/>
      </object_component>
      <object_component id="oc-13">
         <name>.debug_info</name>
         <load_address>0x0</load_address>
         <run_address>0x0</run_address>
         <size>0x1dac</size>
         <input_file_ref idref="fl-2"/>
      </object_component>
      <object_component id="oc-19">
         <name>.debug_info</name>
         <load_address>0x1dac</load_address>
         <run_address>0x1dac</run_address>
         <size>0x9e2</size>
         <input_file_ref idref="fl-3"/>
      </object_component>
      <object_component id="oc-1f">
         <name>.debug_info</name>
         <load_address>0x278e</load_address>
         <run_address>0x278e</run_address>
         <size>0x9a3</size>
         <input_file_ref idref="fl-4"/>
      </object_component>
      <object_component id="oc-25">
         <name>.debug_info</name>
         <load_address>0x3131</load_address>
         <run_address>0x3131</run_address>
         <size>0x702</size>
         <input_file_ref idref="fl-1d"/>
      </object_component>
      <object_component id="oc-2a">
         <name>.debug_info</name>
         <load_address>0x3833</load_address>
         <run_address>0x3833</run_address>
         <size>0xe8</size>
         <input_file_ref idref="fl-1e"/>
      </object_component>
      <object_component id="oc-2e">
         <name>.debug_info</name>
         <load_address>0x391b</load_address>
         <run_address>0x391b</run_address>
         <size>0x57e</size>
         <input_file_ref idref="fl-1f"/>
      </object_component>
      <object_component id="oc-33">
         <name>.debug_info</name>
         <load_address>0x3e99</load_address>
         <run_address>0x3e99</run_address>
         <size>0x5fb</size>
         <input_file_ref idref="fl-20"/>
      </object_component>
      <object_component id="oc-39">
         <name>.debug_info</name>
         <load_address>0x4494</load_address>
         <run_address>0x4494</run_address>
         <size>0x706</size>
         <input_file_ref idref="fl-21"/>
      </object_component>
      <object_component id="oc-3d">
         <name>.debug_info</name>
         <load_address>0x4b9a</load_address>
         <run_address>0x4b9a</run_address>
         <size>0x763</size>
         <input_file_ref idref="fl-22"/>
      </object_component>
      <object_component id="oc-41">
         <name>.debug_info</name>
         <load_address>0x52fd</load_address>
         <run_address>0x52fd</run_address>
         <size>0x6aa</size>
         <input_file_ref idref="fl-23"/>
      </object_component>
      <object_component id="oc-45">
         <name>.debug_info</name>
         <load_address>0x59a7</load_address>
         <run_address>0x59a7</run_address>
         <size>0x942</size>
         <input_file_ref idref="fl-24"/>
      </object_component>
      <object_component id="oc-4a">
         <name>.debug_info</name>
         <load_address>0x62e9</load_address>
         <run_address>0x62e9</run_address>
         <size>0xbd</size>
         <input_file_ref idref="fl-25"/>
      </object_component>
      <object_component id="oc-4f">
         <name>.debug_info</name>
         <load_address>0x63a6</load_address>
         <run_address>0x63a6</run_address>
         <size>0x144b</size>
         <input_file_ref idref="fl-26"/>
      </object_component>
      <object_component id="oc-54">
         <name>.debug_info</name>
         <load_address>0x77f1</load_address>
         <run_address>0x77f1</run_address>
         <size>0xd1</size>
         <input_file_ref idref="fl-27"/>
      </object_component>
      <object_component id="oc-59">
         <name>.debug_info</name>
         <load_address>0x78c2</load_address>
         <run_address>0x78c2</run_address>
         <size>0xb97</size>
         <input_file_ref idref="fl-28"/>
      </object_component>
      <object_component id="oc-5f">
         <name>.debug_info</name>
         <load_address>0x8459</load_address>
         <run_address>0x8459</run_address>
         <size>0x76c</size>
         <input_file_ref idref="fl-29"/>
      </object_component>
      <object_component id="oc-64">
         <name>.debug_info</name>
         <load_address>0x8bc5</load_address>
         <run_address>0x8bc5</run_address>
         <size>0xed4</size>
         <input_file_ref idref="fl-2a"/>
      </object_component>
      <object_component id="oc-68">
         <name>.debug_info</name>
         <load_address>0x9a99</load_address>
         <run_address>0x9a99</run_address>
         <size>0x744</size>
         <input_file_ref idref="fl-2b"/>
      </object_component>
      <object_component id="oc-6e">
         <name>.debug_info</name>
         <load_address>0xa1dd</load_address>
         <run_address>0xa1dd</run_address>
         <size>0xbc</size>
         <input_file_ref idref="fl-2c"/>
      </object_component>
      <object_component id="oc-72">
         <name>.debug_info</name>
         <load_address>0xa299</load_address>
         <run_address>0xa299</run_address>
         <size>0x662</size>
         <input_file_ref idref="fl-2d"/>
      </object_component>
      <object_component id="oc-77">
         <name>.debug_info</name>
         <load_address>0xa8fb</load_address>
         <run_address>0xa8fb</run_address>
         <size>0x5bc</size>
         <input_file_ref idref="fl-2e"/>
      </object_component>
      <object_component id="oc-7c">
         <name>.debug_info</name>
         <load_address>0xaeb7</load_address>
         <run_address>0xaeb7</run_address>
         <size>0x27bd</size>
         <input_file_ref idref="fl-2f"/>
      </object_component>
      <object_component id="oc-82">
         <name>.debug_info</name>
         <load_address>0xd674</load_address>
         <run_address>0xd674</run_address>
         <size>0x586</size>
         <input_file_ref idref="fl-30"/>
      </object_component>
      <object_component id="oc-86">
         <name>.debug_info</name>
         <load_address>0xdbfa</load_address>
         <run_address>0xdbfa</run_address>
         <size>0x5a4</size>
         <input_file_ref idref="fl-31"/>
      </object_component>
      <object_component id="oc-8a">
         <name>.debug_info</name>
         <load_address>0xe19e</load_address>
         <run_address>0xe19e</run_address>
         <size>0xcd</size>
         <input_file_ref idref="fl-32"/>
      </object_component>
      <object_component id="oc-8e">
         <name>.debug_info</name>
         <load_address>0xe26b</load_address>
         <run_address>0xe26b</run_address>
         <size>0x81f</size>
         <input_file_ref idref="fl-33"/>
      </object_component>
      <object_component id="oc-91">
         <name>.debug_info</name>
         <load_address>0xea8a</load_address>
         <run_address>0xea8a</run_address>
         <size>0x498</size>
         <input_file_ref idref="fl-34"/>
      </object_component>
      <object_component id="oc-94">
         <name>.debug_info</name>
         <load_address>0xef22</load_address>
         <run_address>0xef22</run_address>
         <size>0x7e8</size>
         <input_file_ref idref="fl-35"/>
      </object_component>
      <object_component id="oc-98">
         <name>.debug_info</name>
         <load_address>0xf70a</load_address>
         <run_address>0xf70a</run_address>
         <size>0x534</size>
         <input_file_ref idref="fl-36"/>
      </object_component>
      <object_component id="oc-9c">
         <name>.debug_info</name>
         <load_address>0xfc3e</load_address>
         <run_address>0xfc3e</run_address>
         <size>0x4cf</size>
         <input_file_ref idref="fl-37"/>
      </object_component>
      <object_component id="oc-a0">
         <name>.debug_info</name>
         <load_address>0x1010d</load_address>
         <run_address>0x1010d</run_address>
         <size>0x534</size>
         <input_file_ref idref="fl-38"/>
      </object_component>
      <object_component id="oc-a4">
         <name>.debug_info</name>
         <load_address>0x10641</load_address>
         <run_address>0x10641</run_address>
         <size>0x549</size>
         <input_file_ref idref="fl-39"/>
      </object_component>
      <object_component id="oc-a9">
         <name>.debug_info</name>
         <load_address>0x10b8a</load_address>
         <run_address>0x10b8a</run_address>
         <size>0x53e</size>
         <input_file_ref idref="fl-3a"/>
      </object_component>
      <object_component id="oc-ad">
         <name>.debug_info</name>
         <load_address>0x110c8</load_address>
         <run_address>0x110c8</run_address>
         <size>0x5f7</size>
         <input_file_ref idref="fl-3b"/>
      </object_component>
      <object_component id="oc-b1">
         <name>.debug_info</name>
         <load_address>0x116bf</load_address>
         <run_address>0x116bf</run_address>
         <size>0x680</size>
         <input_file_ref idref="fl-3c"/>
      </object_component>
      <object_component id="oc-b5">
         <name>.debug_info</name>
         <load_address>0x11d3f</load_address>
         <run_address>0x11d3f</run_address>
         <size>0x7d4</size>
         <input_file_ref idref="fl-3d"/>
      </object_component>
      <object_component id="oc-b9">
         <name>.debug_info</name>
         <load_address>0x12513</load_address>
         <run_address>0x12513</run_address>
         <size>0x5ad</size>
         <input_file_ref idref="fl-3e"/>
      </object_component>
      <object_component id="oc-bd">
         <name>.debug_info</name>
         <load_address>0x12ac0</load_address>
         <run_address>0x12ac0</run_address>
         <size>0x574</size>
         <input_file_ref idref="fl-3f"/>
      </object_component>
      <object_component id="oc-c1">
         <name>.debug_info</name>
         <load_address>0x13034</load_address>
         <run_address>0x13034</run_address>
         <size>0x55b</size>
         <input_file_ref idref="fl-40"/>
      </object_component>
      <object_component id="oc-c5">
         <name>.debug_info</name>
         <load_address>0x1358f</load_address>
         <run_address>0x1358f</run_address>
         <size>0x4b7</size>
         <input_file_ref idref="fl-41"/>
      </object_component>
      <object_component id="oc-c9">
         <name>.debug_info</name>
         <load_address>0x13a46</load_address>
         <run_address>0x13a46</run_address>
         <size>0x4f2</size>
         <input_file_ref idref="fl-42"/>
      </object_component>
      <object_component id="oc-cd">
         <name>.debug_info</name>
         <load_address>0x13f38</load_address>
         <run_address>0x13f38</run_address>
         <size>0x534</size>
         <input_file_ref idref="fl-43"/>
      </object_component>
      <object_component id="oc-d1">
         <name>.debug_info</name>
         <load_address>0x1446c</load_address>
         <run_address>0x1446c</run_address>
         <size>0x64a</size>
         <input_file_ref idref="fl-44"/>
      </object_component>
      <object_component id="oc-d5">
         <name>.debug_info</name>
         <load_address>0x14ab6</load_address>
         <run_address>0x14ab6</run_address>
         <size>0x4de</size>
         <input_file_ref idref="fl-45"/>
      </object_component>
      <object_component id="oc-d9">
         <name>.debug_info</name>
         <load_address>0x14f94</load_address>
         <run_address>0x14f94</run_address>
         <size>0xef</size>
         <input_file_ref idref="fl-46"/>
      </object_component>
      <object_component id="oc-dd">
         <name>.debug_info</name>
         <load_address>0x15083</load_address>
         <run_address>0x15083</run_address>
         <size>0x5ab</size>
         <input_file_ref idref="fl-47"/>
      </object_component>
      <object_component id="oc-e1">
         <name>.debug_info</name>
         <load_address>0x1562e</load_address>
         <run_address>0x1562e</run_address>
         <size>0x4f2</size>
         <input_file_ref idref="fl-48"/>
      </object_component>
      <object_component id="oc-e6">
         <name>.debug_info</name>
         <load_address>0x15b20</load_address>
         <run_address>0x15b20</run_address>
         <size>0xa1c</size>
         <input_file_ref idref="fl-49"/>
      </object_component>
      <object_component id="oc-eb">
         <name>.debug_info</name>
         <load_address>0x1653c</load_address>
         <run_address>0x1653c</run_address>
         <size>0x4d2</size>
         <input_file_ref idref="fl-4a"/>
      </object_component>
      <object_component id="oc-ef">
         <name>.debug_info</name>
         <load_address>0x16a0e</load_address>
         <run_address>0x16a0e</run_address>
         <size>0x64f</size>
         <input_file_ref idref="fl-4b"/>
      </object_component>
      <object_component id="oc-f3">
         <name>.debug_info</name>
         <load_address>0x1705d</load_address>
         <run_address>0x1705d</run_address>
         <size>0x510</size>
         <input_file_ref idref="fl-4c"/>
      </object_component>
      <object_component id="oc-f7">
         <name>.debug_info</name>
         <load_address>0x1756d</load_address>
         <run_address>0x1756d</run_address>
         <size>0xc6b</size>
         <input_file_ref idref="fl-4d"/>
      </object_component>
      <object_component id="oc-fd">
         <name>.debug_info</name>
         <load_address>0x181d8</load_address>
         <run_address>0x181d8</run_address>
         <size>0xf02</size>
         <input_file_ref idref="fl-4e"/>
      </object_component>
      <object_component id="oc-102">
         <name>.debug_info</name>
         <load_address>0x190da</load_address>
         <run_address>0x190da</run_address>
         <size>0xa45</size>
         <input_file_ref idref="fl-4f"/>
      </object_component>
      <object_component id="oc-108">
         <name>.debug_info</name>
         <load_address>0x19b1f</load_address>
         <run_address>0x19b1f</run_address>
         <size>0x14ef</size>
         <input_file_ref idref="fl-50"/>
      </object_component>
      <object_component id="oc-10e">
         <name>.debug_info</name>
         <load_address>0x1b00e</load_address>
         <run_address>0x1b00e</run_address>
         <size>0x1a8</size>
         <input_file_ref idref="fl-51"/>
      </object_component>
      <object_component id="oc-112">
         <name>.debug_info</name>
         <load_address>0x1b1b6</load_address>
         <run_address>0x1b1b6</run_address>
         <size>0x191</size>
         <input_file_ref idref="fl-52"/>
      </object_component>
      <object_component id="oc-117">
         <name>.debug_info</name>
         <load_address>0x1b347</load_address>
         <run_address>0x1b347</run_address>
         <size>0x6fa2</size>
         <input_file_ref idref="fl-53"/>
      </object_component>
      <object_component id="oc-11d">
         <name>.debug_info</name>
         <load_address>0x222e9</load_address>
         <run_address>0x222e9</run_address>
         <size>0x713f</size>
         <input_file_ref idref="fl-54"/>
      </object_component>
      <object_component id="oc-124">
         <name>.debug_info</name>
         <load_address>0x29428</load_address>
         <run_address>0x29428</run_address>
         <size>0x745d</size>
         <input_file_ref idref="fl-55"/>
      </object_component>
      <object_component id="oc-129">
         <name>.debug_info</name>
         <load_address>0x30885</load_address>
         <run_address>0x30885</run_address>
         <size>0x6d22</size>
         <input_file_ref idref="fl-56"/>
      </object_component>
      <object_component id="oc-153">
         <name>.debug_info</name>
         <load_address>0x375a7</load_address>
         <run_address>0x375a7</run_address>
         <size>0x70</size>
      </object_component>
      <object_component id="oc-15">
         <name>.debug_frame</name>
         <load_address>0x0</load_address>
         <run_address>0x0</run_address>
         <size>0x1c0</size>
         <input_file_ref idref="fl-2"/>
      </object_component>
      <object_component id="oc-1a">
         <name>.debug_frame</name>
         <load_address>0x1c0</load_address>
         <run_address>0x1c0</run_address>
         <size>0x11e</size>
         <input_file_ref idref="fl-3"/>
      </object_component>
      <object_component id="oc-21">
         <name>.debug_frame</name>
         <load_address>0x2de</load_address>
         <run_address>0x2de</run_address>
         <size>0x277</size>
         <input_file_ref idref="fl-4"/>
      </object_component>
      <object_component id="oc-f8">
         <name>.debug_frame</name>
         <load_address>0x555</load_address>
         <run_address>0x555</run_address>
         <size>0x116</size>
         <input_file_ref idref="fl-4d"/>
      </object_component>
      <object_component id="oc-fe">
         <name>.debug_frame</name>
         <load_address>0x66b</load_address>
         <run_address>0x66b</run_address>
         <size>0x138</size>
         <input_file_ref idref="fl-4e"/>
      </object_component>
      <object_component id="oc-103">
         <name>.debug_frame</name>
         <load_address>0x7a3</load_address>
         <run_address>0x7a3</run_address>
         <size>0x138</size>
         <input_file_ref idref="fl-4f"/>
      </object_component>
      <object_component id="oc-109">
         <name>.debug_frame</name>
         <load_address>0x8db</load_address>
         <run_address>0x8db</run_address>
         <size>0x171</size>
         <input_file_ref idref="fl-50"/>
      </object_component>
      <object_component id="oc-118">
         <name>.debug_frame</name>
         <load_address>0xa4c</load_address>
         <run_address>0xa4c</run_address>
         <size>0x2a1</size>
         <input_file_ref idref="fl-53"/>
      </object_component>
      <object_component id="oc-11f">
         <name>.debug_frame</name>
         <load_address>0xced</load_address>
         <run_address>0xced</run_address>
         <size>0x197</size>
         <input_file_ref idref="fl-54"/>
      </object_component>
      <object_component id="oc-125">
         <name>.debug_frame</name>
         <load_address>0xe84</load_address>
         <run_address>0xe84</run_address>
         <size>0x1ef</size>
         <input_file_ref idref="fl-55"/>
      </object_component>
      <object_component id="oc-12a">
         <name>.debug_frame</name>
         <load_address>0x1073</load_address>
         <run_address>0x1073</run_address>
         <size>0x224</size>
         <input_file_ref idref="fl-56"/>
      </object_component>
      <object_component id="oc-16">
         <name>.debug_line</name>
         <load_address>0x0</load_address>
         <run_address>0x0</run_address>
         <size>0x1be</size>
         <input_file_ref idref="fl-2"/>
      </object_component>
      <object_component id="oc-1b">
         <name>.debug_line</name>
         <load_address>0x1be</load_address>
         <run_address>0x1be</run_address>
         <size>0xd7</size>
         <input_file_ref idref="fl-3"/>
      </object_component>
      <object_component id="oc-22">
         <name>.debug_line</name>
         <load_address>0x295</load_address>
         <run_address>0x295</run_address>
         <size>0x67</size>
         <input_file_ref idref="fl-4"/>
      </object_component>
      <object_component id="oc-27">
         <name>.debug_line</name>
         <load_address>0x2fc</load_address>
         <run_address>0x2fc</run_address>
         <size>0x5f</size>
         <input_file_ref idref="fl-1d"/>
      </object_component>
      <object_component id="oc-2b">
         <name>.debug_line</name>
         <load_address>0x35b</load_address>
         <run_address>0x35b</run_address>
         <size>0x54</size>
         <input_file_ref idref="fl-1e"/>
      </object_component>
      <object_component id="oc-36">
         <name>.debug_line</name>
         <load_address>0x3af</load_address>
         <run_address>0x3af</run_address>
         <size>0x51</size>
         <input_file_ref idref="fl-20"/>
      </object_component>
      <object_component id="oc-3a">
         <name>.debug_line</name>
         <load_address>0x400</load_address>
         <run_address>0x400</run_address>
         <size>0x5b</size>
         <input_file_ref idref="fl-21"/>
      </object_component>
      <object_component id="oc-3e">
         <name>.debug_line</name>
         <load_address>0x45b</load_address>
         <run_address>0x45b</run_address>
         <size>0x6a</size>
         <input_file_ref idref="fl-22"/>
      </object_component>
      <object_component id="oc-42">
         <name>.debug_line</name>
         <load_address>0x4c5</load_address>
         <run_address>0x4c5</run_address>
         <size>0x56</size>
         <input_file_ref idref="fl-23"/>
      </object_component>
      <object_component id="oc-47">
         <name>.debug_line</name>
         <load_address>0x51b</load_address>
         <run_address>0x51b</run_address>
         <size>0xa8</size>
         <input_file_ref idref="fl-24"/>
      </object_component>
      <object_component id="oc-4b">
         <name>.debug_line</name>
         <load_address>0x5c3</load_address>
         <run_address>0x5c3</run_address>
         <size>0x3c</size>
         <input_file_ref idref="fl-25"/>
      </object_component>
      <object_component id="oc-51">
         <name>.debug_line</name>
         <load_address>0x5ff</load_address>
         <run_address>0x5ff</run_address>
         <size>0x1b0</size>
         <input_file_ref idref="fl-26"/>
      </object_component>
      <object_component id="oc-55">
         <name>.debug_line</name>
         <load_address>0x7af</load_address>
         <run_address>0x7af</run_address>
         <size>0x4d</size>
         <input_file_ref idref="fl-27"/>
      </object_component>
      <object_component id="oc-5c">
         <name>.debug_line</name>
         <load_address>0x7fc</load_address>
         <run_address>0x7fc</run_address>
         <size>0x112</size>
         <input_file_ref idref="fl-28"/>
      </object_component>
      <object_component id="oc-60">
         <name>.debug_line</name>
         <load_address>0x90e</load_address>
         <run_address>0x90e</run_address>
         <size>0x69</size>
         <input_file_ref idref="fl-29"/>
      </object_component>
      <object_component id="oc-65">
         <name>.debug_line</name>
         <load_address>0x977</load_address>
         <run_address>0x977</run_address>
         <size>0x15d</size>
         <input_file_ref idref="fl-2a"/>
      </object_component>
      <object_component id="oc-6b">
         <name>.debug_line</name>
         <load_address>0xad4</load_address>
         <run_address>0xad4</run_address>
         <size>0x6a</size>
         <input_file_ref idref="fl-2b"/>
      </object_component>
      <object_component id="oc-6f">
         <name>.debug_line</name>
         <load_address>0xb3e</load_address>
         <run_address>0xb3e</run_address>
         <size>0x37</size>
         <input_file_ref idref="fl-2c"/>
      </object_component>
      <object_component id="oc-73">
         <name>.debug_line</name>
         <load_address>0xb75</load_address>
         <run_address>0xb75</run_address>
         <size>0x57</size>
         <input_file_ref idref="fl-2d"/>
      </object_component>
      <object_component id="oc-79">
         <name>.debug_line</name>
         <load_address>0xbcc</load_address>
         <run_address>0xbcc</run_address>
         <size>0x57</size>
         <input_file_ref idref="fl-2e"/>
      </object_component>
      <object_component id="oc-7f">
         <name>.debug_line</name>
         <load_address>0xc23</load_address>
         <run_address>0xc23</run_address>
         <size>0x328</size>
         <input_file_ref idref="fl-2f"/>
      </object_component>
      <object_component id="oc-83">
         <name>.debug_line</name>
         <load_address>0xf4b</load_address>
         <run_address>0xf4b</run_address>
         <size>0x41</size>
         <input_file_ref idref="fl-30"/>
      </object_component>
      <object_component id="oc-87">
         <name>.debug_line</name>
         <load_address>0xf8c</load_address>
         <run_address>0xf8c</run_address>
         <size>0x46</size>
         <input_file_ref idref="fl-31"/>
      </object_component>
      <object_component id="oc-8b">
         <name>.debug_line</name>
         <load_address>0xfd2</load_address>
         <run_address>0xfd2</run_address>
         <size>0x55</size>
         <input_file_ref idref="fl-32"/>
      </object_component>
      <object_component id="oc-8f">
         <name>.debug_line</name>
         <load_address>0x1027</load_address>
         <run_address>0x1027</run_address>
         <size>0xad</size>
         <input_file_ref idref="fl-33"/>
      </object_component>
      <object_component id="oc-95">
         <name>.debug_line</name>
         <load_address>0x10d4</load_address>
         <run_address>0x10d4</run_address>
         <size>0x5b</size>
         <input_file_ref idref="fl-35"/>
      </object_component>
      <object_component id="oc-99">
         <name>.debug_line</name>
         <load_address>0x112f</load_address>
         <run_address>0x112f</run_address>
         <size>0x44</size>
         <input_file_ref idref="fl-36"/>
      </object_component>
      <object_component id="oc-9d">
         <name>.debug_line</name>
         <load_address>0x1173</load_address>
         <run_address>0x1173</run_address>
         <size>0x3d</size>
         <input_file_ref idref="fl-37"/>
      </object_component>
      <object_component id="oc-a1">
         <name>.debug_line</name>
         <load_address>0x11b0</load_address>
         <run_address>0x11b0</run_address>
         <size>0x3d</size>
         <input_file_ref idref="fl-38"/>
      </object_component>
      <object_component id="oc-a6">
         <name>.debug_line</name>
         <load_address>0x11ed</load_address>
         <run_address>0x11ed</run_address>
         <size>0x44</size>
         <input_file_ref idref="fl-39"/>
      </object_component>
      <object_component id="oc-aa">
         <name>.debug_line</name>
         <load_address>0x1231</load_address>
         <run_address>0x1231</run_address>
         <size>0x40</size>
         <input_file_ref idref="fl-3a"/>
      </object_component>
      <object_component id="oc-ae">
         <name>.debug_line</name>
         <load_address>0x1271</load_address>
         <run_address>0x1271</run_address>
         <size>0x3c</size>
         <input_file_ref idref="fl-3b"/>
      </object_component>
      <object_component id="oc-b2">
         <name>.debug_line</name>
         <load_address>0x12ad</load_address>
         <run_address>0x12ad</run_address>
         <size>0x38</size>
         <input_file_ref idref="fl-3c"/>
      </object_component>
      <object_component id="oc-b6">
         <name>.debug_line</name>
         <load_address>0x12e5</load_address>
         <run_address>0x12e5</run_address>
         <size>0xa8</size>
         <input_file_ref idref="fl-3d"/>
      </object_component>
      <object_component id="oc-ba">
         <name>.debug_line</name>
         <load_address>0x138d</load_address>
         <run_address>0x138d</run_address>
         <size>0x40</size>
         <input_file_ref idref="fl-3e"/>
      </object_component>
      <object_component id="oc-be">
         <name>.debug_line</name>
         <load_address>0x13cd</load_address>
         <run_address>0x13cd</run_address>
         <size>0x3c</size>
         <input_file_ref idref="fl-3f"/>
      </object_component>
      <object_component id="oc-c2">
         <name>.debug_line</name>
         <load_address>0x1409</load_address>
         <run_address>0x1409</run_address>
         <size>0x3c</size>
         <input_file_ref idref="fl-40"/>
      </object_component>
      <object_component id="oc-c6">
         <name>.debug_line</name>
         <load_address>0x1445</load_address>
         <run_address>0x1445</run_address>
         <size>0x37</size>
         <input_file_ref idref="fl-41"/>
      </object_component>
      <object_component id="oc-ca">
         <name>.debug_line</name>
         <load_address>0x147c</load_address>
         <run_address>0x147c</run_address>
         <size>0x3c</size>
         <input_file_ref idref="fl-42"/>
      </object_component>
      <object_component id="oc-ce">
         <name>.debug_line</name>
         <load_address>0x14b8</load_address>
         <run_address>0x14b8</run_address>
         <size>0x44</size>
         <input_file_ref idref="fl-43"/>
      </object_component>
      <object_component id="oc-d2">
         <name>.debug_line</name>
         <load_address>0x14fc</load_address>
         <run_address>0x14fc</run_address>
         <size>0x3f</size>
         <input_file_ref idref="fl-44"/>
      </object_component>
      <object_component id="oc-d6">
         <name>.debug_line</name>
         <load_address>0x153b</load_address>
         <run_address>0x153b</run_address>
         <size>0x37</size>
         <input_file_ref idref="fl-45"/>
      </object_component>
      <object_component id="oc-da">
         <name>.debug_line</name>
         <load_address>0x1572</load_address>
         <run_address>0x1572</run_address>
         <size>0x58</size>
         <input_file_ref idref="fl-46"/>
      </object_component>
      <object_component id="oc-de">
         <name>.debug_line</name>
         <load_address>0x15ca</load_address>
         <run_address>0x15ca</run_address>
         <size>0x5c</size>
         <input_file_ref idref="fl-47"/>
      </object_component>
      <object_component id="oc-e2">
         <name>.debug_line</name>
         <load_address>0x1626</load_address>
         <run_address>0x1626</run_address>
         <size>0x3c</size>
         <input_file_ref idref="fl-48"/>
      </object_component>
      <object_component id="oc-e8">
         <name>.debug_line</name>
         <load_address>0x1662</load_address>
         <run_address>0x1662</run_address>
         <size>0xd7</size>
         <input_file_ref idref="fl-49"/>
      </object_component>
      <object_component id="oc-ec">
         <name>.debug_line</name>
         <load_address>0x1739</load_address>
         <run_address>0x1739</run_address>
         <size>0x3a</size>
         <input_file_ref idref="fl-4a"/>
      </object_component>
      <object_component id="oc-f0">
         <name>.debug_line</name>
         <load_address>0x1773</load_address>
         <run_address>0x1773</run_address>
         <size>0x3d</size>
         <input_file_ref idref="fl-4b"/>
      </object_component>
      <object_component id="oc-f4">
         <name>.debug_line</name>
         <load_address>0x17b0</load_address>
         <run_address>0x17b0</run_address>
         <size>0x39</size>
         <input_file_ref idref="fl-4c"/>
      </object_component>
      <object_component id="oc-f9">
         <name>.debug_line</name>
         <load_address>0x17e9</load_address>
         <run_address>0x17e9</run_address>
         <size>0x86</size>
         <input_file_ref idref="fl-4d"/>
      </object_component>
      <object_component id="oc-ff">
         <name>.debug_line</name>
         <load_address>0x186f</load_address>
         <run_address>0x186f</run_address>
         <size>0xa3</size>
         <input_file_ref idref="fl-4e"/>
      </object_component>
      <object_component id="oc-104">
         <name>.debug_line</name>
         <load_address>0x1912</load_address>
         <run_address>0x1912</run_address>
         <size>0xab</size>
         <input_file_ref idref="fl-4f"/>
      </object_component>
      <object_component id="oc-10a">
         <name>.debug_line</name>
         <load_address>0x19bd</load_address>
         <run_address>0x19bd</run_address>
         <size>0xea</size>
         <input_file_ref idref="fl-50"/>
      </object_component>
      <object_component id="oc-10f">
         <name>.debug_line</name>
         <load_address>0x1aa7</load_address>
         <run_address>0x1aa7</run_address>
         <size>0xa9</size>
         <input_file_ref idref="fl-51"/>
      </object_component>
      <object_component id="oc-113">
         <name>.debug_line</name>
         <load_address>0x1b50</load_address>
         <run_address>0x1b50</run_address>
         <size>0xac</size>
         <input_file_ref idref="fl-52"/>
      </object_component>
      <object_component id="oc-119">
         <name>.debug_line</name>
         <load_address>0x1bfc</load_address>
         <run_address>0x1bfc</run_address>
         <size>0x850</size>
         <input_file_ref idref="fl-53"/>
      </object_component>
      <object_component id="oc-120">
         <name>.debug_line</name>
         <load_address>0x244c</load_address>
         <run_address>0x244c</run_address>
         <size>0x960</size>
         <input_file_ref idref="fl-54"/>
      </object_component>
      <object_component id="oc-126">
         <name>.debug_line</name>
         <load_address>0x2dac</load_address>
         <run_address>0x2dac</run_address>
         <size>0x981</size>
         <input_file_ref idref="fl-55"/>
      </object_component>
      <object_component id="oc-12b">
         <name>.debug_line</name>
         <load_address>0x372d</load_address>
         <run_address>0x372d</run_address>
         <size>0x7dc</size>
         <input_file_ref idref="fl-56"/>
      </object_component>
      <object_component id="oc-17">
         <name>.debug_abbrev</name>
         <load_address>0x0</load_address>
         <run_address>0x0</run_address>
         <size>0x1b1</size>
         <input_file_ref idref="fl-2"/>
      </object_component>
      <object_component id="oc-1c">
         <name>.debug_abbrev</name>
         <load_address>0x1b1</load_address>
         <run_address>0x1b1</run_address>
         <size>0x139</size>
         <input_file_ref idref="fl-3"/>
      </object_component>
      <object_component id="oc-23">
         <name>.debug_abbrev</name>
         <load_address>0x2ea</load_address>
         <run_address>0x2ea</run_address>
         <size>0x165</size>
         <input_file_ref idref="fl-4"/>
      </object_component>
      <object_component id="oc-28">
         <name>.debug_abbrev</name>
         <load_address>0x44f</load_address>
         <run_address>0x44f</run_address>
         <size>0x114</size>
         <input_file_ref idref="fl-1d"/>
      </object_component>
      <object_component id="oc-2c">
         <name>.debug_abbrev</name>
         <load_address>0x563</load_address>
         <run_address>0x563</run_address>
         <size>0x3a</size>
         <input_file_ref idref="fl-1e"/>
      </object_component>
      <object_component id="oc-30">
         <name>.debug_abbrev</name>
         <load_address>0x59d</load_address>
         <run_address>0x59d</run_address>
         <size>0x83</size>
         <input_file_ref idref="fl-1f"/>
      </object_component>
      <object_component id="oc-37">
         <name>.debug_abbrev</name>
         <load_address>0x620</load_address>
         <run_address>0x620</run_address>
         <size>0xf7</size>
         <input_file_ref idref="fl-20"/>
      </object_component>
      <object_component id="oc-3b">
         <name>.debug_abbrev</name>
         <load_address>0x717</load_address>
         <run_address>0x717</run_address>
         <size>0x136</size>
         <input_file_ref idref="fl-21"/>
      </object_component>
      <object_component id="oc-3f">
         <name>.debug_abbrev</name>
         <load_address>0x84d</load_address>
         <run_address>0x84d</run_address>
         <size>0x123</size>
         <input_file_ref idref="fl-22"/>
      </object_component>
      <object_component id="oc-43">
         <name>.debug_abbrev</name>
         <load_address>0x970</load_address>
         <run_address>0x970</run_address>
         <size>0x103</size>
         <input_file_ref idref="fl-23"/>
      </object_component>
      <object_component id="oc-48">
         <name>.debug_abbrev</name>
         <load_address>0xa73</load_address>
         <run_address>0xa73</run_address>
         <size>0x140</size>
         <input_file_ref idref="fl-24"/>
      </object_component>
      <object_component id="oc-4c">
         <name>.debug_abbrev</name>
         <load_address>0xbb3</load_address>
         <run_address>0xbb3</run_address>
         <size>0x38</size>
         <input_file_ref idref="fl-25"/>
      </object_component>
      <object_component id="oc-52">
         <name>.debug_abbrev</name>
         <load_address>0xbeb</load_address>
         <run_address>0xbeb</run_address>
         <size>0x225</size>
         <input_file_ref idref="fl-26"/>
      </object_component>
      <object_component id="oc-56">
         <name>.debug_abbrev</name>
         <load_address>0xe10</load_address>
         <run_address>0xe10</run_address>
         <size>0x38</size>
         <input_file_ref idref="fl-27"/>
      </object_component>
      <object_component id="oc-5d">
         <name>.debug_abbrev</name>
         <load_address>0xe48</load_address>
         <run_address>0xe48</run_address>
         <size>0x1de</size>
         <input_file_ref idref="fl-28"/>
      </object_component>
      <object_component id="oc-61">
         <name>.debug_abbrev</name>
         <load_address>0x1026</load_address>
         <run_address>0x1026</run_address>
         <size>0x145</size>
         <input_file_ref idref="fl-29"/>
      </object_component>
      <object_component id="oc-66">
         <name>.debug_abbrev</name>
         <load_address>0x116b</load_address>
         <run_address>0x116b</run_address>
         <size>0x15a</size>
         <input_file_ref idref="fl-2a"/>
      </object_component>
      <object_component id="oc-6c">
         <name>.debug_abbrev</name>
         <load_address>0x12c5</load_address>
         <run_address>0x12c5</run_address>
         <size>0xde</size>
         <input_file_ref idref="fl-2b"/>
      </object_component>
      <object_component id="oc-70">
         <name>.debug_abbrev</name>
         <load_address>0x13a3</load_address>
         <run_address>0x13a3</run_address>
         <size>0x26</size>
         <input_file_ref idref="fl-2c"/>
      </object_component>
      <object_component id="oc-74">
         <name>.debug_abbrev</name>
         <load_address>0x13c9</load_address>
         <run_address>0x13c9</run_address>
         <size>0xd1</size>
         <input_file_ref idref="fl-2d"/>
      </object_component>
      <object_component id="oc-7a">
         <name>.debug_abbrev</name>
         <load_address>0x149a</load_address>
         <run_address>0x149a</run_address>
         <size>0x9f</size>
         <input_file_ref idref="fl-2e"/>
      </object_component>
      <object_component id="oc-80">
         <name>.debug_abbrev</name>
         <load_address>0x1539</load_address>
         <run_address>0x1539</run_address>
         <size>0x1f8</size>
         <input_file_ref idref="fl-2f"/>
      </object_component>
      <object_component id="oc-84">
         <name>.debug_abbrev</name>
         <load_address>0x1731</load_address>
         <run_address>0x1731</run_address>
         <size>0xec</size>
         <input_file_ref idref="fl-30"/>
      </object_component>
      <object_component id="oc-88">
         <name>.debug_abbrev</name>
         <load_address>0x181d</load_address>
         <run_address>0x181d</run_address>
         <size>0xd5</size>
         <input_file_ref idref="fl-31"/>
      </object_component>
      <object_component id="oc-8c">
         <name>.debug_abbrev</name>
         <load_address>0x18f2</load_address>
         <run_address>0x18f2</run_address>
         <size>0x44</size>
         <input_file_ref idref="fl-32"/>
      </object_component>
      <object_component id="oc-90">
         <name>.debug_abbrev</name>
         <load_address>0x1936</load_address>
         <run_address>0x1936</run_address>
         <size>0xb7</size>
         <input_file_ref idref="fl-33"/>
      </object_component>
      <object_component id="oc-92">
         <name>.debug_abbrev</name>
         <load_address>0x19ed</load_address>
         <run_address>0x19ed</run_address>
         <size>0x68</size>
         <input_file_ref idref="fl-34"/>
      </object_component>
      <object_component id="oc-96">
         <name>.debug_abbrev</name>
         <load_address>0x1a55</load_address>
         <run_address>0x1a55</run_address>
         <size>0x112</size>
         <input_file_ref idref="fl-35"/>
      </object_component>
      <object_component id="oc-9a">
         <name>.debug_abbrev</name>
         <load_address>0x1b67</load_address>
         <run_address>0x1b67</run_address>
         <size>0xb5</size>
         <input_file_ref idref="fl-36"/>
      </object_component>
      <object_component id="oc-9e">
         <name>.debug_abbrev</name>
         <load_address>0x1c1c</load_address>
         <run_address>0x1c1c</run_address>
         <size>0x8f</size>
         <input_file_ref idref="fl-37"/>
      </object_component>
      <object_component id="oc-a2">
         <name>.debug_abbrev</name>
         <load_address>0x1cab</load_address>
         <run_address>0x1cab</run_address>
         <size>0xb7</size>
         <input_file_ref idref="fl-38"/>
      </object_component>
      <object_component id="oc-a7">
         <name>.debug_abbrev</name>
         <load_address>0x1d62</load_address>
         <run_address>0x1d62</run_address>
         <size>0xc2</size>
         <input_file_ref idref="fl-39"/>
      </object_component>
[...]
         <value>0x26079</value>
         <object_component_ref idref="oc-6a"/>
      </symbol>
      <symbol id="sm-1ab">
         <name>_Reset</name>
         <value>0x4ff00</value>
         <object_component_ref idref="oc-11"/>
      </symbol>
      <symbol id="sm-1b5">
         <name>__rd_ok</name>
         <value>0x25f5a</value>
         <object_component_ref idref="oc-71"/>
      </symbol>
      <symbol id="sm-1b6">
         <name>__wrt_ok</name>
         <value>0x25eda</value>
         <object_component_ref idref="oc-71"/>
      </symbol>
      <symbol id="sm-1c4">
         <name>__unlock</name>
         <value>0x5ec8</value>
         <object_component_ref idref="oc-76"/>
      </symbol>
      <symbol id="sm-1c5">
         <name>__lock</name>
         <value>0x5ec4</value>
         <object_component_ref idref="oc-76"/>
      </symbol>
      <symbol id="sm-1c6">
         <name>__register_lock</name>
         <value>0x26ce4</value>
         <object_component_ref idref="oc-75"/>
      </symbol>
      <symbol id="sm-1c7">
         <name>__nop</name>
         <value>0x26cec</value>
         <object_component_ref idref="oc-75"/>
      </symbol>
      <symbol id="sm-1c8">
         <name>__register_unlock</name>
         <value>0x26cdc</value>
         <object_component_ref idref="oc-75"/>
      </symbol>
      <symbol id="sm-1da">
         <name>__printfi</name>
         <value>0x21362</value>
         <object_component_ref idref="oc-7b"/>
      </symbol>
      <symbol id="sm-1e4">
         <name>__args_main</name>
         <value>0x269c6</value>
         <object_component_ref idref="oc-81"/>
      </symbol>
      <symbol id="sm-1e5">
         <name>__TI_args_main</name>
         <value>0x1</value>
      </symbol>
      <symbol id="sm-1ef">
         <name>_atoi</name>
         <value>0x26879</value>
         <object_component_ref idref="oc-85"/>
      </symbol>
      <symbol id="sm-1f7">
         <name>_auto_init</name>
         <value>0x26979</value>
         <object_component_ref idref="oc-89"/>
      </symbol>
      <symbol id="sm-201">
         <name>__eqld</name>
         <value>0x25714</value>
         <object_component_ref idref="oc-8d"/>
      </symbol>
      <symbol id="sm-202">
         <name>__cmpd</name>
         <value>0x25748</value>
         <object_component_ref idref="oc-8d"/>
      </symbol>
      <symbol id="sm-203">
         <name>__neqd</name>
         <value>0x255b6</value>
         <object_component_ref idref="oc-8d"/>
      </symbol>
      <symbol id="sm-204">
         <name>__gtrd</name>
         <value>0x2567f</value>
         <object_component_ref idref="oc-8d"/>
      </symbol>
      <symbol id="sm-205">
         <name>__geqd</name>
         <value>0x256ca</value>
         <object_component_ref idref="oc-8d"/>
      </symbol>
      <symbol id="sm-206">
         <name>__leqd</name>
         <value>0x25632</value>
         <object_component_ref idref="oc-8d"/>
      </symbol>
      <symbol id="sm-207">
         <name>__lssd</name>
         <value>0x255ea</value>
         <object_component_ref idref="oc-8d"/>
      </symbol>
      <symbol id="sm-20f">
         <name>__ctypes_</name>
         <value>0x55f0</value>
         <object_component_ref idref="oc-130"/>
      </symbol>
      <symbol id="sm-21b">
         <name>__divd</name>
         <value>0x24ab3</value>
         <object_component_ref idref="oc-93"/>
      </symbol>
      <symbol id="sm-226">
         <name>__divul</name>
         <value>0x261d9</value>
         <object_component_ref idref="oc-97"/>
      </symbol>
      <symbol id="sm-230">
         <name>__fixdi</name>
         <value>0x26c24</value>
         <object_component_ref idref="oc-9b"/>
      </symbol>
      <symbol id="sm-23a">
         <name>__fixdli</name>
         <value>0x2665e</value>
         <object_component_ref idref="oc-9f"/>
      </symbol>
      <symbol id="sm-246">
         <name>__fltlid</name>
         <value>0x26812</value>
         <object_component_ref idref="oc-a3"/>
      </symbol>
      <symbol id="sm-250">
         <name>__frcmpyd_div</name>
         <value>0x26579</value>
         <object_component_ref idref="oc-a8"/>
      </symbol>
      <symbol id="sm-25a">
         <name>_fseek</name>
         <value>0x267a7</value>
         <object_component_ref idref="oc-ac"/>
      </symbol>
      <symbol id="sm-264">
         <name>___isinf</name>
         <value>0x26c9b</value>
         <object_component_ref idref="oc-b0"/>
      </symbol>
      <symbol id="sm-26e">
         <name>__divull</name>
         <value>0x25233</value>
         <object_component_ref idref="oc-b4"/>
      </symbol>
      <symbol id="sm-26f">
         <name>__mpylli</name>
         <value>0x2517b</value>
         <object_component_ref idref="oc-b4"/>
      </symbol>
      <symbol id="sm-270">
         <name>__remlli</name>
         <value>0x2514c</value>
         <object_component_ref idref="oc-b4"/>
      </symbol>
      <symbol id="sm-271">
         <name>__divlli</name>
         <value>0x25327</value>
         <object_component_ref idref="oc-b4"/>
      </symbol>
      <symbol id="sm-272">
         <name>__remull</name>
         <value>0x250fe</value>
         <object_component_ref idref="oc-b4"/>
      </symbol>
      <symbol id="sm-27c">
         <name>_ltoa</name>
         <value>0x26394</value>
         <object_component_ref idref="oc-b8"/>
      </symbol>
      <symbol id="sm-287">
         <name>_memccpy</name>
         <value>0x26c78</value>
         <object_component_ref idref="oc-bc"/>
      </symbol>
      <symbol id="sm-291">
         <name>__mpyd</name>
         <value>0x25a76</value>
         <object_component_ref idref="oc-c0"/>
      </symbol>
      <symbol id="sm-29b">
         <name>__negd</name>
         <value>0x26cee</value>
         <object_component_ref idref="oc-c4"/>
      </symbol>
      <symbol id="sm-2a5">
         <name>__remli</name>
         <value>0x26a11</value>
         <object_component_ref idref="oc-c8"/>
      </symbol>
      <symbol id="sm-2b0">
         <name>__remul</name>
         <value>0x265ec</value>
         <object_component_ref idref="oc-cc"/>
      </symbol>
      <symbol id="sm-2ba">
         <name>_setvbuf</name>
         <value>0x25df4</value>
         <object_component_ref idref="oc-d0"/>
      </symbol>
      <symbol id="sm-2c4">
         <name>__subd</name>
         <value>0x26cb5</value>
         <object_component_ref idref="oc-d4"/>
      </symbol>
      <symbol id="sm-2cc">
         <name>__remu</name>
         <value>0x26c63</value>
         <object_component_ref idref="oc-d8"/>
      </symbol>
      <symbol id="sm-2cd">
         <name>__divu</name>
         <value>0x26c4e</value>
         <object_component_ref idref="oc-d8"/>
      </symbol>
      <symbol id="sm-2ce">
         <name>I$$UMOD</name>
         <value>0x26c63</value>
         <object_component_ref idref="oc-d8"/>
      </symbol>
      <symbol id="sm-2cf">
         <name>I$$UDIV</name>
         <value>0x26c4e</value>
         <object_component_ref idref="oc-d8"/>
      </symbol>
      <symbol id="sm-2d9">
         <name>__addd</name>
         <value>0x2535c</value>
         <object_component_ref idref="oc-dc"/>
      </symbol>
      <symbol id="sm-2e3">
         <name>__divli</name>
         <value>0x26aee</value>
         <object_component_ref idref="oc-e0"/>
      </symbol>
      <symbol id="sm-2f2">
         <name>__cleanup</name>
         <value>0x24fa0</value>
         <object_component_ref idref="oc-e4"/>
      </symbol>
      <symbol id="sm-2f3">
         <name>_fopen</name>
         <value>0x250c3</value>
         <object_component_ref idref="oc-e4"/>
      </symbol>
      <symbol id="sm-2f4">
         <name>_freopen</name>
         <value>0x24ffa</value>
         <object_component_ref idref="oc-e4"/>
      </symbol>
      <symbol id="sm-2fe">
         <name>__frcmpyd</name>
         <value>0x26503</value>
         <object_component_ref idref="oc-ea"/>
      </symbol>
      <symbol id="sm-308">
         <name>_fclose</name>
         <value>0x26411</value>
         <object_component_ref idref="oc-ee"/>
      </symbol>
      <symbol id="sm-312">
         <name>_remove</name>
         <value>0x26cfe</value>
         <object_component_ref idref="oc-f2"/>
      </symbol>
      <symbol id="sm-320">
         <name>_USBSTK5505_waitusec</name>
         <value>0x26909</value>
         <object_component_ref idref="oc-f6"/>
      </symbol>
      <symbol id="sm-321">
         <name>_USBSTK5505_wait</name>
         <value>0x268d5</value>
         <object_component_ref idref="oc-f6"/>
      </symbol>
      <symbol id="sm-322">
         <name>_USBSTK5505_init</name>
         <value>0x2691b</value>
         <object_component_ref idref="oc-f6"/>
      </symbol>
      <symbol id="sm-32e">
         <name>_USBSTK5505_GPIO_setOutput</name>
         <value>0x264cb</value>
         <object_component_ref idref="oc-fb"/>
      </symbol>
      <symbol id="sm-32f">
         <name>_USBSTK5505_GPIO_init</name>
         <value>0x2648c</value>
         <object_component_ref idref="oc-fb"/>
      </symbol>
      <symbol id="sm-330">
         <name>_USBSTK5505_GPIO_setDirection</name>
         <value>0x264a7</value>
         <object_component_ref idref="oc-fb"/>
      </symbol>
      <symbol id="sm-331">
         <name>_USBSTK5505_GPIO_getInput</name>
         <value>0x264e5</value>
         <object_component_ref idref="oc-fb"/>
      </symbol>
      <symbol id="sm-332">
         <name>_GpioObj</name>
         <value>0x5ed4</value>
         <object_component_ref idref="oc-fc"/>
      </symbol>
      <symbol id="sm-333">
         <name>_hGpio</name>
         <value>0x5ed8</value>
         <object_component_ref idref="oc-fc"/>
      </symbol>
      <symbol id="sm-33d">
         <name>_USBSTK5505_I2C_reset</name>
         <value>0x262af</value>
         <object_component_ref idref="oc-101"/>
      </symbol>
      <symbol id="sm-33e">
         <name>_USBSTK5505_I2C_read</name>
         <value>0x262e0</value>
         <object_component_ref idref="oc-101"/>
      </symbol>
      <symbol id="sm-33f">
         <name>_USBSTK5505_I2C_write</name>
         <value>0x262ba</value>
         <object_component_ref idref="oc-101"/>
      </symbol>
      <symbol id="sm-340">
         <name>_USBSTK5505_I2C_init</name>
         <value>0x2627a</value>
         <object_component_ref idref="oc-101"/>
      </symbol>
      <symbol id="sm-354">
         <name>_USBSTK5505_I2S_writeRight</name>
         <value>0x25dc6</value>
         <object_component_ref idref="oc-106"/>
      </symbol>
      <symbol id="sm-355">
         <name>_USBSTK5505_I2S_readLeft</name>
         <value>0x25d46</value>
         <object_component_ref idref="oc-106"/>
      </symbol>
      <symbol id="sm-356">
         <name>_USBSTK5505_I2S_readRight</name>
         <value>0x25da5</value>
         <object_component_ref idref="oc-106"/>
      </symbol>
      <symbol id="sm-357">
         <name>_USBSTK5505_I2S_close</name>
         <value>0x25de2</value>
         <object_component_ref idref="oc-106"/>
      </symbol>
      <symbol id="sm-358">
         <name>_USBSTK5505_I2S_writeLeft</name>
         <value>0x25d78</value>
         <object_component_ref idref="oc-106"/>
      </symbol>
      <symbol id="sm-359">
         <name>_USBSTK5505_I2S_init</name>
         <value>0x25ced</value>
         <object_component_ref idref="oc-106"/>
      </symbol>
      <symbol id="sm-35a">
         <name>_hI2s</name>
         <value>0x5ee0</value>
         <object_component_ref idref="oc-107"/>
      </symbol>
      <symbol id="sm-3a4">
         <name>RST</name>
         <value>0x4fe00</value>
         <object_component_ref idref="oc-10d"/>
      </symbol>
      <symbol id="sm-3a5">
         <name>_VECSTART</name>
         <value>0x4fe00</value>
         <object_component_ref idref="oc-10d"/>
      </symbol>
      <symbol id="sm-3b0">
         <name>_IRQ_plug</name>
         <value>0x26308</value>
         <object_component_ref idref="oc-111"/>
      </symbol>
      <symbol id="sm-3eb">
         <name>_IRQ_getConfig</name>
         <value>0x23407</value>
         <object_component_ref idref="oc-115"/>
      </symbol>
      <symbol id="sm-3ec">
         <name>_IRQ_clearAll</name>
         <value>0x23364</value>
         <object_component_ref idref="oc-115"/>
      </symbol>
      <symbol id="sm-3ed">
         <name>_IRQ_globalEnable</name>
         <value>0x23787</value>
         <object_component_ref idref="oc-115"/>
      </symbol>
      <symbol id="sm-3ee">
         <name>_IRQ_getArg</name>
         <value>0x23620</value>
         <object_component_ref idref="oc-115"/>
      </symbol>
      <symbol id="sm-3ef">
         <name>_IRQ_restore</name>
         <value>0x235b0</value>
         <object_component_ref idref="oc-115"/>
      </symbol>
      <symbol id="sm-3f0">
         <name>_IRQ_map</name>
         <value>0x23699</value>
         <object_component_ref idref="oc-115"/>
      </symbol>
      <symbol id="sm-3f1">
         <name>_IRQ_config</name>
         <value>0x23374</value>
         <object_component_ref idref="oc-115"/>
      </symbol>
      <symbol id="sm-3f2">
         <name>_IRQ_disable</name>
         <value>0x2349a</value>
         <object_component_ref idref="oc-115"/>
      </symbol>
      <symbol id="sm-3f3">
         <name>_IRQ_test</name>
         <value>0x236fc</value>
         <object_component_ref idref="oc-115"/>
      </symbol>
      <symbol id="sm-3f4">
         <name>_IRQ_enable</name>
         <value>0x23526</value>
         <object_component_ref idref="oc-115"/>
      </symbol>
      <symbol id="sm-3f5">
         <name>_IRQ_globalRestore</name>
         <value>0x237a0</value>
         <object_component_ref idref="oc-115"/>
      </symbol>
      <symbol id="sm-3f6">
         <name>_IRQ_setVecs</name>
         <value>0x236cb</value>
         <object_component_ref idref="oc-115"/>
      </symbol>
      <symbol id="sm-3f7">
         <name>_IRQ_globalDisable</name>
         <value>0x2376e</value>
         <object_component_ref idref="oc-115"/>
      </symbol>
      <symbol id="sm-3f8">
         <name>_IRQ_disableAll</name>
         <value>0x23518</value>
         <object_component_ref idref="oc-115"/>
      </symbol>
      <symbol id="sm-3f9">
         <name>_IRQ_init</name>
         <value>0x23260</value>
         <object_component_ref idref="oc-115"/>
      </symbol>
      <symbol id="sm-3fa">
         <name>_IRQ_setArg</name>
         <value>0x23666</value>
         <object_component_ref idref="oc-115"/>
      </symbol>
      <symbol id="sm-3fb">
         <name>_IRQ_clear</name>
         <value>0x232fa</value>
         <object_component_ref idref="oc-115"/>
      </symbol>
      <symbol id="sm-4a0">
         <name>_I2S_write</name>
         <value>0x22981</value>
         <object_component_ref idref="oc-11b"/>
      </symbol>
      <symbol id="sm-4a1">
         <name>_I2S_read</name>
         <value>0x226c7</value>
         <object_component_ref idref="oc-11b"/>
      </symbol>
      <symbol id="sm-4a2">
         <name>_I2S_close</name>
         <value>0x22615</value>
         <object_component_ref idref="oc-11b"/>
      </symbol>
      <symbol id="sm-4a3">
         <name>_ouError</name>
         <value>0x5e90</value>
         <object_component_ref idref="oc-11c"/>
      </symbol>
      <symbol id="sm-4a4">
         <name>_I2S_reset</name>
         <value>0x22ad7</value>
         <object_component_ref idref="oc-11b"/>
      </symbol>
      <symbol id="sm-4a5">
         <name>_I2S_setup</name>
         <value>0x22327</value>
         <object_component_ref idref="oc-11b"/>
      </symbol>
      <symbol id="sm-4a6">
         <name>_fsError</name>
         <value>0x5e8e</value>
         <object_component_ref idref="oc-11c"/>
      </symbol>
      <symbol id="sm-4a7">
         <name>_I2S_open</name>
         <value>0x221e0</value>
         <object_component_ref idref="oc-11b"/>
      </symbol>
      <symbol id="sm-4a8">
         <name>_I2S_transEnable</name>
         <value>0x22b88</value>
         <object_component_ref idref="oc-11b"/>
      </symbol>
      <symbol id="sm-525">
         <name>_I2C_eventEnable</name>
         <value>0x21ee4</value>
         <object_component_ref idref="oc-122"/>
      </symbol>
      <symbol id="sm-526">
         <name>_I2C_setCallback</name>
         <value>0x22137</value>
         <object_component_ref idref="oc-122"/>
      </symbol>
      <symbol id="sm-527">
         <name>_I2C_init</name>
         <value>0x215a4</value>
         <object_component_ref idref="oc-122"/>
      </symbol>
      <symbol id="sm-528">
         <name>_I2C_config</name>
         <value>0x2164d</value>
         <object_component_ref idref="oc-122"/>
      </symbol>
      <symbol id="sm-529">
         <name>_gI2cObj</name>
         <value>0x5e94</value>
         <object_component_ref idref="oc-123"/>
      </symbol>
      <symbol id="sm-52a">
         <name>_I2C_getConfig</name>
         <value>0x217b2</value>
         <object_component_ref idref="oc-122"/>
      </symbol>
      <symbol id="sm-52b">
         <name>_I2C_setup</name>
         <value>0x21888</value>
         <object_component_ref idref="oc-122"/>
      </symbol>
      <symbol id="sm-52c">
         <name>_I2C_write</name>
         <value>0x21a82</value>
         <object_component_ref idref="oc-122"/>
      </symbol>
      <symbol id="sm-52d">
         <name>_I2C_read</name>
         <value>0x21cc6</value>
         <object_component_ref idref="oc-122"/>
      </symbol>
      <symbol id="sm-52e">
         <name>_I2C_eventDisable</name>
         <value>0x22018</value>
         <object_component_ref idref="oc-122"/>
      </symbol>
      <symbol id="sm-52f">
         <name>_I2C_getEventId</name>
         <value>0x221c4</value>
         <object_component_ref idref="oc-122"/>
      </symbol>
      <symbol id="sm-530">
         <name>_i2cHandle</name>
         <value>0x5eb4</value>
         <object_component_ref idref="oc-123"/>
      </symbol>
      <symbol id="sm-575">
         <name>_GPIO_write</name>
         <value>0x22dcb</value>
         <object_component_ref idref="oc-128"/>
      </symbol>
      <symbol id="sm-576">
         <name>_GPIO_read</name>
         <value>0x22d48</value>
         <object_component_ref idref="oc-128"/>
      </symbol>
      <symbol id="sm-577">
         <name>_GPIO_close</name>
         <value>0x22c17</value>
         <object_component_ref idref="oc-128"/>
      </symbol>
      <symbol id="sm-578">
         <name>_GPIO_enableInt</name>
         <value>0x23034</value>
         <object_component_ref idref="oc-128"/>
      </symbol>
      <symbol id="sm-579">
         <name>_GPIO_clearInt</name>
         <value>0x230be</value>
         <object_component_ref idref="oc-128"/>
      </symbol>
      <symbol id="sm-57a">
         <name>_GPIO_statusBit</name>
         <value>0x2314a</value>
         <object_component_ref idref="oc-128"/>
      </symbol>
      <symbol id="sm-57b">
         <name>_GPIO_configBit</name>
         <value>0x22e6e</value>
         <object_component_ref idref="oc-128"/>
      </symbol>
      <symbol id="sm-57c">
         <name>_GPIO_reset</name>
         <value>0x231d1</value>
         <object_component_ref idref="oc-128"/>
      </symbol>
      <symbol id="sm-57d">
         <name>_GPIO_getConfig</name>
         <value>0x22cc0</value>
         <object_component_ref idref="oc-128"/>
      </symbol>
      <symbol id="sm-57e">
         <name>_GPIO_disableInt</name>
         <value>0x22fb6</value>
         <object_component_ref idref="oc-128"/>
      </symbol>
      <symbol id="sm-57f">
         <name>_GPIO_config</name>
         <value>0x22c3b</value>
         <object_component_ref idref="oc-128"/>
      </symbol>
      <symbol id="sm-580">
         <name>_GPIO_open</name>
         <value>0x22bd3</value>
         <object_component_ref idref="oc-128"/>
      </symbol>
   </symbol_table>
</link_info>
