******************************************************************************
              TMS320C55x Linker Unix v4.4.1                    
******************************************************************************
>> Linked Mon Oct  9 11:37:05 2017

OUTPUT FILE NAME:   <FIR.out>
ENTRY POINT SYMBOL: "_c_int00"  address: 00026b31


MEMORY CONFIGURATION

         name            origin    length      used     unused   attr    fill
                        (bytes)   (bytes)    (bytes)   (bytes)
----------------------  --------  ---------  --------  --------  ----  --------
PAGE 0:
  MMR                   00000000   000000c0  00000000  000000c0  RWIX
  DARAM0                000000c0   0000ff40  00005edc  0000a064  RWIX
  SARAM0                00010000   00010000  00000000  00010000  RWIX
  SARAM1                00020000   00020000  00006c53  000193ad  RWIX
  SARAM2                00040000   0000fe00  00000338  0000fac8  RWIX
  VECS                  0004fe00   00000200  00000200  00000000  RWIX
  PDROM                 00ff8000   00008000  00000000  00008000  R IX

PAGE 2:
  IOPORT                00000000   00020000  00000000  00020000  RWI 


SECTION ALLOCATION MAP
(Addresses surrounded by []'s are displayed for convenience only!)

output                                                          attributes/
section   page  orgn(bytes) orgn(words) len(bytes) len(words)   input sections
--------  ----  ----------- ----------- ---------- ----------   --------------
.pinit       0   [ 00040000 ]  00020000          *   00000000   UNINITIALIZED

.stack       0   [ 000000c0 ]  00000060          *   00001000   UNINITIALIZED
                 [ 000000c0 ]  00000060          *   00001000   --HOLE--

.data        0   [ 000000c0 ]  00000060          *   00000000   UNINITIALIZED

.sysstack 
*            0   [ 000020c0 ]  00001060          *   00000800   UNINITIALIZED
                 [ 000020c0 ]  00001060          *   00000800   --HOLE--

.sysmem      0   [ 000030c0 ]  00001860          *   00001000   UNINITIALIZED
                 [ 000030c0 ]  00001860          *   00001000   --HOLE--

.const.1     0   [ 000050c0 ]  00002860          *   00000439   
                 [ 000050c0 ]  00002860          *   00000298   aic3204.obj (.const:.string)
                 [ 000055f0 ]  00002af8          *   00000101   rts55x.lib : ctype.obj (.const:__ctypes_)
                 [ 000057f2 ]  00002bf9          *   00000065   main.obj (.const:_COEFFICIENTS)
                 [ 000058bc ]  00002c5e          *   00000024   rts55x.lib : _printfi.obj (.const:.string)
                 [ 00005904 ]  00002c82          *   0000000c              : _printfi.obj (.const)
                 [ 0000591c ]  00002c8e          *   00000008              : divd.obj (.const:_initial_approx$1)
                 [ 0000592c ]  00002c96          *   00000003              : assert.obj (.const:.string)

.const.2     0   [ 00005934 ]  00002c9a          *   00000004   
                 [ 00005934 ]  00002c9a          *   00000002   rts55x.lib : fputs.obj (.const:.string)
                 [ 00005938 ]  00002c9c          *   00000002              : fltlid.obj (.const)

.bss.1       0   [ 0000593c ]  00002c9e          *   00000309   UNINITIALIZED
                 [ 0000593c ]  00002c9e          *   00000119   rts55x.lib : defs.obj (.bss)
                 [ 00005b6e ]  00002db7          *   000000d0              : trgdrv.obj (.bss)
                 [ 00005d0e ]  00002e87          *   00000001              : fopen.obj (.bss)
                 [ 00005d10 ]  00002e88          *   00000084   cslVC5505.lib : csl_intc.obj (.bss)
                 [ 00005e18 ]  00002f0c          *   00000071   rts55x.lib : lowlev.obj (.bss)
                 [ 00005efa ]  00002f7d          *   0000002a   cslVC5505.lib : csl_i2s.obj (.bss)

.bss.2       0   [ 00005f50 ]  00002fa8          *   00000028   UNINITIALIZED
                 [ 00005f50 ]  00002fa8          *   00000012   cslVC5505.lib : csl_i2c.obj (.bss)
                 [ 00005f74 ]  00002fba          *   00000006   rts55x.lib : memory.obj (.bss)
                 [ 00005f80 ]  00002fc0          *   00000004              : _lock.obj (.bss)
                 [ 00005f88 ]  00002fc4          *   00000004              : exit.obj (.bss)
                 [ 00005f90 ]  00002fc8          *   00000004   usbstk5505bsl.lib : usbstk5505_gpio.obj (.bss)
                 [ 00005f98 ]  00002fcc          *   00000002   main.obj (.bss)
                 [ 00005f9c ]  00002fce          *   00000002   usbstk5505bsl.lib : usbstk5505_i2s.obj (.bss)

.text        0     00020000  [ 00010000 ] 00006c53          *   
                   00020000  [ 00010000 ] 000015a4          *   rts55x.lib : _printfi.obj (.text)
                   000215a4  [ 00010ad2 ] 00000c3c          *   cslVC5505.lib : csl_i2c.obj (.text)
                   000221e0  [ 000110f0 ] 000009f3          *                 : csl_i2s.obj (.text)
                   00022bd3  [ 000115e9+] 0000068d          *                 : csl_gpio.obj (.text)
                   00023260  [ 00011930 ] 00000554          *                 : csl_intc.obj (.text)
                   000237b4  [ 00011bda ] 00000543          *   rts55x.lib : lowlev.obj (.text)
                   00023cf7  [ 00011e7b+] 00000528          *              : trgdrv.obj (.text)
                   0002421f  [ 0001210f+] 000004b5          *              : memory.obj (.text)
                   000246d4  [ 0001236a ] 000003df          *   aic3204.obj (.text)
                   00024ab3  [ 00012559+] 000003cc          *   rts55x.lib : divd.obj (.text)
                   00024e7f  [ 0001273f+] 0000027f          *              : fopen.obj (.text)
                   000250fe  [ 0001287f ] 0000025e          *              : llmpy.obj (.text)
                   0002535c  [ 000129ae ] 0000025a          *              : addd.obj (.text)
                   000255b6  [ 00012adb ] 000001ea          *              : cmpd.obj (.text)
                   000257a0  [ 00012bd0 ] 00000163          *              : fputs.obj (.text)
                   00025903  [ 00012c81+] 0000014c          *              : mpyd.obj (.text)
                   00025a4f  [ 00012d27+] 00000125          *   main.obj (.text:retain)
                   00025b74  [ 00012dba ] 00000107          *   usbstk5505bsl.lib : usbstk5505_i2s.obj (.text)
                   00025c7b  [ 00012e3d+] 000000e6          *   rts55x.lib : setvbuf.obj (.text)
                   00025d61  [ 00012eb0+] 000000dd          *              : _io_perm.obj (.text)
                   00025e3e  [ 00012f1f ] 000000c2          *              : fflush.obj (.text)
                   00025f00  [ 00012f80 ] 000000bc          *   fir_buffer.obj (.text)
                   00025fbc  [ 00012fde ] 000000ba          *   rts55x.lib : trgmsg.obj (.text:CIO_breakpoint)
                   00026076  [ 0001303b ] 000000a6          *              : fputc.obj (.text)
                   0002611c  [ 0001308e ] 000000a1          *              : divul.obj (.text)
                   000261bd  [ 000130de+] 0000008e          *   usbstk5505bsl.lib : usbstk5505_i2c.obj (.text)
                   0002624b  [ 00013125+] 0000008c          *   cslVC5505.lib : csl_irqplug.obj (.text)
                   000262d7  [ 0001316b+] 0000007d          *   rts55x.lib : ltoa.obj (.text)
                   00026354  [ 000131aa ] 0000007b          *              : fclose.obj (.text)
                   000263cf  [ 000131e7+] 00000077          *   usbstk5505bsl.lib : usbstk5505_gpio.obj (.text)
                   00026446  [ 00013223 ] 00000076          *   rts55x.lib : frcmpyd.obj (.text)
                   000264bc  [ 0001325e ] 00000073          *              : frcmpyd_div.obj (.text)
                   0002652f  [ 00013297+] 00000072          *              : remul.obj (.text)
                   000265a1  [ 000132d0+] 0000006f          *              : fixdli.obj (.text)
                   00026610  [ 00013308 ] 0000006d          *   cslVC5505.lib : vectors.obj (.text)
                   0002667d  [ 0001333e+] 0000006d          *   rts55x.lib : trgmsg.obj (.text)
                   000266ea  [ 00013375 ] 0000006b          *              : fseek.obj (.text)
                   00026755  [ 000133aa+] 00000067          *              : fltlid.obj (.text)
                   000267bc  [ 000133de ] 0000005c          *              : atoi.obj (.text)
                   00026818  [ 0001340c ] 00000054          *   usbstk5505bsl.lib : usbstk5505.obj (.text)
                   0002686c  [ 00013436 ] 00000050          *   rts55x.lib : printf.obj (.text)
                   000268bc  [ 0001345e ] 0000004d          *              : autoinit.obj (.text)
                   00026909  [ 00013484+] 0000004b          *              : args_main.obj (.text)
                   00026954  [ 000134aa ] 0000004b          *              : remli.obj (.text)
                   0002699f  [ 000134cf+] 0000004a          *              : fprintf.obj (.text)
                   000269e9  [ 000134f4+] 00000048          *              : divli.obj (.text)
                   00026a31  [ 00013518+] 00000046          *   main.obj (.text)
                   00026a77  [ 0001353b+] 0000003f          *   rts55x.lib : memcpy.obj (.text)
                   00026ab6  [ 0001355b ] 0000003e          *              : exit.obj (.text)
                   00026af4  [ 0001357a ] 0000003d          *              : assert.obj (.text)
                   00026b31  [ 00013598+] 00000034          *              : boot.obj (.text)
                   00026b65  [ 000135b2+] 0000002a          *              : fixdi.obj (.text)
                   00026b8f  [ 000135c7+] 0000002a          *              : udiv.obj (.text)
                   00026bb9  [ 000135dc+] 00000023          *              : memccpy.obj (.text)
                   00026bdc  [ 000135ee ] 0000001a          *              : isinf.obj (.text)
                   00026bf6  [ 000135fb ] 00000014          *              : subd.obj (.text)
                   00026c0a  [ 00013605 ] 00000013          *              : lmpy.obj (.text)
                   00026c1d  [ 0001360e+] 00000012          *              : _lock.obj (.text)
                   00026c2f  [ 00013617+] 00000010          *              : negd.obj (.text)
                   00026c3f  [ 0001361f+] 0000000a          *              : remove.obj (.text)
                   00026c49  [ 00013624+] 00000007          *              : exit.obj (.text:CIO_breakpoint)
                   00026c50  [ 00013628 ] 00000002          *              : vectors.obj (.text)
                   00026c52  [ 00013629 ] 00000001          *   --HOLE-- [fill = 20]

.cio         0   [ 00040000 ]  00020000          *   00000120   UNINITIALIZED
                 [ 00040000 ]  00020000          *   00000120   rts55x.lib : trgmsg.obj (.cio)

.cinit       0   [ 00040240 ]  00020120          *   0000007c   
                 [ 00040240 ]  00020120          *   0000002d   rts55x.lib : lowlev.obj (.cinit)
                 [ 0004029a ]  0002014d          *   0000002a              : defs.obj (.cinit)
                 [ 000402ee ]  00020177          *   0000000a              : _lock.obj (.cinit)
                 [ 00040302 ]  00020181          *   0000000a              : exit.obj (.cinit)
                 [ 00040316 ]  0002018b          *   00000008   cslVC5505.lib : csl_i2s.obj (.cinit)
                 [ 00040326 ]  00020193          *   00000004   rts55x.lib : fopen.obj (.cinit)
                 [ 0004032e ]  00020197          *   00000004              : memory.obj (.cinit)
                 [ 00040336 ]  0002019b          *   00000001   --HOLE-- [fill = 0]

vectors      0     0004fe00  [ 00027f00 ] 00000200          *   
                   0004fe00  [ 00027f00 ] 00000100          *   cslVC5505.lib : vectors.obj (vectors)
                   0004ff00  [ 00027f80 ] 00000100          *   rts55x.lib : vectors.obj (vectors)


GLOBAL SYMBOLS: SORTED ALPHABETICALLY BY Name 

abs. value/
byte addr   word addr   name
---------   ---------   ----
00000002                $TI_capability$C5500$CallingConvention
00000002                $TI_capability$C5500$MemoryModel
00000001                $TI_capability_requires_rev3
ffffffff                .bss
ffffffff                .data
ffffffff                .text
00026c4a                C$$EXIT
00026071                C$$IO$$
00026c0a                I$$LMPY
00026b8f                I$$UDIV
00026ba4                I$$UMOD
0004fe00                RST
000246d4                _AIC3204_init
00024a0a                _AIC3204_readLeft
00024a1b                _AIC3204_readRight
000249e1                _AIC3204_reset
000249f5                _AIC3204_waitUntilReadyToRead
00024a2c                _AIC3204_waitUntilReadyToWrite
00024a41                _AIC3204_writeLeft
00024a59                _AIC3204_writeRight
            00002bf9    _COEFFICIENTS
000230be                _GPIO_clearInt
00022c17                _GPIO_close
00022c3b                _GPIO_config
00022e6e                _GPIO_configBit
00022fb6                _GPIO_disableInt
00023034                _GPIO_enableInt
00022cc0                _GPIO_getConfig
00022bd3                _GPIO_open
00022d48                _GPIO_read
000231d1                _GPIO_reset
0002314a                _GPIO_statusBit
00022dcb                _GPIO_write
            00002fc8    _GpioObj
000241c1                _HOSTclock
00024156                _HOSTclose
000240a1                _HOSTlseek
00024002                _HOSTopen
00023f75                _HOSTread
00023ec7                _HOSTrename
00023e69                _HOSTtime
00023dff                _HOSTunlink
00023d72                _HOSTwrite
0002164d                _I2C_config
00022018                _I2C_eventDisable
00021ee4                _I2C_eventEnable
000217b2                _I2C_getConfig
000221c4                _I2C_getEventId
000215a4                _I2C_init
00021cc6                _I2C_read
00022137                _I2C_setCallback
00021888                _I2C_setup
00021a82                _I2C_write
00025a4f                _I2S0receive
00022615                _I2S_close
000221e0                _I2S_open
000226c7                _I2S_read
00022ad7                _I2S_reset
00022327                _I2S_setup
00022b88                _I2S_transEnable
00022981                _I2S_write
000232fa                _IRQ_clear
00023364                _IRQ_clearAll
00023374                _IRQ_config
0002349a                _IRQ_disable
00023518                _IRQ_disableAll
00023526                _IRQ_enable
00023620                _IRQ_getArg
00023407                _IRQ_getConfig
0002376e                _IRQ_globalDisable
00023787                _IRQ_globalEnable
000237a0                _IRQ_globalRestore
00023260                _IRQ_init
00023699                _IRQ_map
0002624b                _IRQ_plug
000235b0                _IRQ_restore
00023666                _IRQ_setArg
000236cb                _IRQ_setVecs
000236fc                _IRQ_test
0004ff00                _Reset
00026428                _USBSTK5505_GPIO_getInput
000263cf                _USBSTK5505_GPIO_init
000263ea                _USBSTK5505_GPIO_setDirection
0002640e                _USBSTK5505_GPIO_setOutput
000261bd                _USBSTK5505_I2C_init
00026223                _USBSTK5505_I2C_read
000261f2                _USBSTK5505_I2C_reset
000261fd                _USBSTK5505_I2C_write
00025c69                _USBSTK5505_I2S_close
00025b74                _USBSTK5505_I2S_init
00025bcd                _USBSTK5505_I2S_readLeft
00025c2c                _USBSTK5505_I2S_readRight
00025bff                _USBSTK5505_I2S_writeLeft
00025c4d                _USBSTK5505_I2S_writeRight
0002685e                _USBSTK5505_init
00026818                _USBSTK5505_wait
0002684c                _USBSTK5505_waitusec
0004fe00                _VECSTART
            00020000    __CIOBUF_
            00001060    __STACK_END
00002000                __STACK_SIZE
00002000                __SYSMEM_SIZE
00001000                __SYSSTACK_SIZE
00000001                __TI_args_main
ffffffff                ___binit__
ffffffff                ___bss__
ffffffff                ___c_args__
            00020120    ___cinit__
ffffffff                ___data__
ffffffff                ___edata__
ffffffff                ___end__
ffffffff                ___etext__
00026bdc                ___isinf
ffffffff                ___pinit__
ffffffff                ___text__
00026af6                __abort_msg
0002535c                __addd
00026909                __args_main
00026b26                __assert
00024fa0                __cleanup
            00002fc4    __cleanup_ptr
00025748                __cmpd
            00002af8    __ctypes_
00024ab3                __divd
000269e9                __divli
00025327                __divlli
00026b8f                __divu
0002611c                __divul
00025233                __divull
00025e3e                __doflush
            00002fc6    __dtors_ptr
00025714                __eqld
00026b65                __fixdi
000265a1                __fixdli
00026755                __fltlid
00026446                __frcmpyd
000264bc                __frcmpyd_div
            00002db6    __ft_end
            00002c9e    __ftable
000256ca                __geqd
0002567f                __gtrd
00025632                __leqd
            00002fc0    __lock
000255ea                __lssd
00025903                __mpyd
00026c0a                __mpyli
0002517b                __mpylli
00026af4                __nassert
00026c2f                __negd
000255b6                __neqd
00026c2d                __nop
00021362                __printfi
00025de1                __rd_ok
00026c25                __register_lock
00026c1d                __register_unlock
00026954                __remli
0002514c                __remlli
00026ba4                __remu
0002652f                __remul
000250fe                __remull
            00000060    __stack
00026bf6                __subd
            00001860    __sys_memory
            00001060    __sysstack
            00002d16    __tmpnams
            00002fc2    __unlock
00025d61                __wrt_ok
00026c49                _abort
00023c07                _add_device
000267bc                _atoi
000268bc                _auto_init
            00002fcc    _buffer
00026b31                _c_int00
000246ae                _calloc
000246a6                _chkheap
00023b94                _close
00026ab6                _exit
00026354                _fclose
00025ea7                _fflush
00023b8b                _find_registered_device
00025f00                _fir_buffer_new
00025f5a                _fir_buffer_output_sample
00025f2d                _fir_buffer_store_sample
000250c3                _fopen
0002699f                _fprintf
00026076                _fputc
000257a0                _fputs
0002421f                _free
00024650                _free_memory
00024ffa                _freopen
            00002fa5    _fsError
000266ea                _fseek
            00002fa8    _gI2cObj
00023cf7                _getenv
            00002fca    _hGpio
            00002fce    _hI2s
            00002fb8    _i2cHandle
00023b25                _lseek
000262d7                _ltoa
00026a31                _main
00024350                _malloc
000245f6                _max_free
00026bb9                _memccpy
00026a77                _memcpy
000242eb                _minit
00023a66                _open
            00002fa6    _ouError
0002686c                _printf
00026076                _putc
0002610d                _putchar
000258d5                _puts
000239b8                _read
0002667d                _readmsg
00024445                _realloc
00026c3f                _remove
00023982                _remove_device
00023929                _rename
00025c7b                _setvbuf
000238f6                _unlink
000237b4                _write
00025fbc                _writemsg
ffffffff                binit
            00020120    cinit
ffffffff                edata
ffffffff                end
ffffffff                etext
ffffffff                pinit


GLOBAL SYMBOLS: SORTED BY Symbol Address 

abs. value/
byte addr   word addr   name
---------   ---------   ----
00000001                $TI_capability_requires_rev3
00000001                __TI_args_main
00000002                $TI_capability$C5500$CallingConvention
00000002                $TI_capability$C5500$MemoryModel
            00000060    __stack
00001000                __SYSSTACK_SIZE
00002000                __STACK_SIZE
00002000                __SYSMEM_SIZE
            00001060    __STACK_END
            00001060    __sysstack
            00001860    __sys_memory
            00002af8    __ctypes_
            00002bf9    _COEFFICIENTS
            00002c9e    __ftable
            00002d16    __tmpnams
            00002db6    __ft_end
            00002fa5    _fsError
            00002fa6    _ouError
            00002fa8    _gI2cObj
            00002fb8    _i2cHandle
            00002fc0    __lock
            00002fc2    __unlock
            00002fc4    __cleanup_ptr
            00002fc6    __dtors_ptr
            00002fc8    _GpioObj
            00002fca    _hGpio
            00002fcc    _buffer
            00002fce    _hI2s
00021362                __printfi
000215a4                _I2C_init
0002164d                _I2C_config
000217b2                _I2C_getConfig
00021888                _I2C_setup
00021a82                _I2C_write
00021cc6                _I2C_read
00021ee4                _I2C_eventEnable
00022018                _I2C_eventDisable
00022137                _I2C_setCallback
000221c4                _I2C_getEventId
000221e0                _I2S_open
00022327                _I2S_setup
00022615                _I2S_close
000226c7                _I2S_read
00022981                _I2S_write
00022ad7                _I2S_reset
00022b88                _I2S_transEnable
00022bd3                _GPIO_open
00022c17                _GPIO_close
00022c3b                _GPIO_config
00022cc0                _GPIO_getConfig
00022d48                _GPIO_read
00022dcb                _GPIO_write
00022e6e                _GPIO_configBit
00022fb6                _GPIO_disableInt
00023034                _GPIO_enableInt
000230be                _GPIO_clearInt
0002314a                _GPIO_statusBit
000231d1                _GPIO_reset
00023260                _IRQ_init
000232fa                _IRQ_clear
00023364                _IRQ_clearAll
00023374                _IRQ_config
00023407                _IRQ_getConfig
0002349a                _IRQ_disable
00023518                _IRQ_disableAll
00023526                _IRQ_enable
000235b0                _IRQ_restore
00023620                _IRQ_getArg
00023666                _IRQ_setArg
00023699                _IRQ_map
000236cb                _IRQ_setVecs
000236fc                _IRQ_test
0002376e                _IRQ_globalDisable
00023787                _IRQ_globalEnable
000237a0                _IRQ_globalRestore
000237b4                _write
000238f6                _unlink
00023929                _rename
00023982                _remove_device
000239b8                _read
00023a66                _open
00023b25                _lseek
00023b8b                _find_registered_device
00023b94                _close
00023c07                _add_device
00023cf7                _getenv
00023d72                _HOSTwrite
00023dff                _HOSTunlink
00023e69                _HOSTtime
00023ec7                _HOSTrename
00023f75                _HOSTread
00024002                _HOSTopen
000240a1                _HOSTlseek
00024156                _HOSTclose
000241c1                _HOSTclock
0002421f                _free
000242eb                _minit
00024350                _malloc
00024445                _realloc
000245f6                _max_free
00024650                _free_memory
000246a6                _chkheap
000246ae                _calloc
000246d4                _AIC3204_init
000249e1                _AIC3204_reset
000249f5                _AIC3204_waitUntilReadyToRead
00024a0a                _AIC3204_readLeft
00024a1b                _AIC3204_readRight
00024a2c                _AIC3204_waitUntilReadyToWrite
00024a41                _AIC3204_writeLeft
00024a59                _AIC3204_writeRight
00024ab3                __divd
00024fa0                __cleanup
00024ffa                _freopen
000250c3                _fopen
000250fe                __remull
0002514c                __remlli
0002517b                __mpylli
00025233                __divull
00025327                __divlli
0002535c                __addd
000255b6                __neqd
000255ea                __lssd
00025632                __leqd
0002567f                __gtrd
000256ca                __geqd
00025714                __eqld
00025748                __cmpd
000257a0                _fputs
000258d5                _puts
00025903                __mpyd
00025a4f                _I2S0receive
00025b74                _USBSTK5505_I2S_init
00025bcd                _USBSTK5505_I2S_readLeft
00025bff                _USBSTK5505_I2S_writeLeft
00025c2c                _USBSTK5505_I2S_readRight
00025c4d                _USBSTK5505_I2S_writeRight
00025c69                _USBSTK5505_I2S_close
00025c7b                _setvbuf
00025d61                __wrt_ok
00025de1                __rd_ok
00025e3e                __doflush
00025ea7                _fflush
00025f00                _fir_buffer_new
00025f2d                _fir_buffer_store_sample
00025f5a                _fir_buffer_output_sample
00025fbc                _writemsg
00026071                C$$IO$$
00026076                _fputc
00026076                _putc
0002610d                _putchar
0002611c                __divul
000261bd                _USBSTK5505_I2C_init
000261f2                _USBSTK5505_I2C_reset
000261fd                _USBSTK5505_I2C_write
00026223                _USBSTK5505_I2C_read
0002624b                _IRQ_plug
000262d7                _ltoa
00026354                _fclose
000263cf                _USBSTK5505_GPIO_init
000263ea                _USBSTK5505_GPIO_setDirection
0002640e                _USBSTK5505_GPIO_setOutput
00026428                _USBSTK5505_GPIO_getInput
00026446                __frcmpyd
000264bc                __frcmpyd_div
0002652f                __remul
000265a1                __fixdli
0002667d                _readmsg
000266ea                _fseek
00026755                __fltlid
000267bc                _atoi
00026818                _USBSTK5505_wait
0002684c                _USBSTK5505_waitusec
0002685e                _USBSTK5505_init
0002686c                _printf
000268bc                _auto_init
00026909                __args_main
00026954                __remli
0002699f                _fprintf
000269e9                __divli
00026a31                _main
00026a77                _memcpy
00026ab6                _exit
00026af4                __nassert
00026af6                __abort_msg
00026b26                __assert
00026b31                _c_int00
00026b65                __fixdi
00026b8f                I$$UDIV
00026b8f                __divu
00026ba4                I$$UMOD
00026ba4                __remu
00026bb9                _memccpy
00026bdc                ___isinf
00026bf6                __subd
00026c0a                I$$LMPY
00026c0a                __mpyli
00026c1d                __register_unlock
00026c25                __register_lock
00026c2d                __nop
00026c2f                __negd
00026c3f                _remove
00026c49                _abort
00026c4a                C$$EXIT
            00020000    __CIOBUF_
            00020120    ___cinit__
            00020120    cinit
0004fe00                RST
0004fe00                _VECSTART
0004ff00                _Reset
ffffffff                .bss
ffffffff                .data
ffffffff                .text
ffffffff                ___binit__
ffffffff                ___bss__
ffffffff                ___c_args__
ffffffff                ___data__
ffffffff                ___edata__
ffffffff                ___end__
ffffffff                ___etext__
ffffffff                ___pinit__
ffffffff                ___text__
ffffffff                binit
ffffffff                edata
ffffffff                end
ffffffff                etext
ffffffff                pinit

[227 symbols]
