<?xml version="1.0"?>
<link_info>
   <banner>TMS320C55x Linker Unix v4.4.1</banner>
   <copyright>Copyright (c) 1996-2012 Texas Instruments Incorporated</copyright>
   <link_time>0x59d217a9</link_time>
   <output_file>FIR.out</output_file>
   <entry_point>
      <name>_c_int00</name>
      <address>0x26ac0</address>
   </entry_point>
   <input_file_list>
      <input_file id="fl-2">
         <path>./</path>
         <kind>object</kind>
         <file>aic3204.obj</file>
         <name>aic3204.obj</name>
      </input_file>
      <input_file id="fl-3">
         <path>./</path>
         <kind>object</kind>
         <file>main.obj</file>
         <name>main.obj</name>
      </input_file>
      <input_file id="fl-1c">
         <path>/opt/ti/ccsv7/tools/compiler/c5500_4.4.1/lib/</path>
         <kind>archive</kind>
         <file>rts55x.lib</file>
         <name>assert.obj</name>
      </input_file>
      <input_file id="fl-1d">
         <path>/opt/ti/ccsv7/tools/compiler/c5500_4.4.1/lib/</path>
         <kind>archive</kind>
         <file>rts55x.lib</file>
         <name>boot.obj</name>
      </input_file>
      <input_file id="fl-1e">
         <path>/opt/ti/ccsv7/tools/compiler/c5500_4.4.1/lib/</path>
         <kind>archive</kind>
         <file>rts55x.lib</file>
         <name>defs.obj</name>
      </input_file>
      <input_file id="fl-1f">
         <path>/opt/ti/ccsv7/tools/compiler/c5500_4.4.1/lib/</path>
         <kind>archive</kind>
         <file>rts55x.lib</file>
         <name>exit.obj</name>
      </input_file>
      <input_file id="fl-20">
         <path>/opt/ti/ccsv7/tools/compiler/c5500_4.4.1/lib/</path>
         <kind>archive</kind>
         <file>rts55x.lib</file>
         <name>fflush.obj</name>
      </input_file>
      <input_file id="fl-21">
         <path>/opt/ti/ccsv7/tools/compiler/c5500_4.4.1/lib/</path>
         <kind>archive</kind>
         <file>rts55x.lib</file>
         <name>fprintf.obj</name>
      </input_file>
      <input_file id="fl-22">
         <path>/opt/ti/ccsv7/tools/compiler/c5500_4.4.1/lib/</path>
         <kind>archive</kind>
         <file>rts55x.lib</file>
         <name>fputc.obj</name>
      </input_file>
      <input_file id="fl-23">
         <path>/opt/ti/ccsv7/tools/compiler/c5500_4.4.1/lib/</path>
         <kind>archive</kind>
         <file>rts55x.lib</file>
         <name>fputs.obj</name>
      </input_file>
      <input_file id="fl-24">
         <path>/opt/ti/ccsv7/tools/compiler/c5500_4.4.1/lib/</path>
         <kind>archive</kind>
         <file>rts55x.lib</file>
         <name>lowlev.obj</name>
      </input_file>
      <input_file id="fl-25">
         <path>/opt/ti/ccsv7/tools/compiler/c5500_4.4.1/lib/</path>
         <kind>archive</kind>
         <file>rts55x.lib</file>
         <name>memcpy.obj</name>
      </input_file>
      <input_file id="fl-26">
         <path>/opt/ti/ccsv7/tools/compiler/c5500_4.4.1/lib/</path>
         <kind>archive</kind>
         <file>rts55x.lib</file>
         <name>printf.obj</name>
      </input_file>
      <input_file id="fl-27">
         <path>/opt/ti/ccsv7/tools/compiler/c5500_4.4.1/lib/</path>
         <kind>archive</kind>
         <file>rts55x.lib</file>
         <name>trgdrv.obj</name>
      </input_file>
      <input_file id="fl-28">
         <path>/opt/ti/ccsv7/tools/compiler/c5500_4.4.1/lib/</path>
         <kind>archive</kind>
         <file>rts55x.lib</file>
         <name>trgmsg.obj</name>
      </input_file>
      <input_file id="fl-29">
         <path>/opt/ti/ccsv7/tools/compiler/c5500_4.4.1/lib/</path>
         <kind>archive</kind>
         <file>rts55x.lib</file>
         <name>vectors.obj</name>
      </input_file>
      <input_file id="fl-2a">
         <path>/opt/ti/ccsv7/tools/compiler/c5500_4.4.1/lib/</path>
         <kind>archive</kind>
         <file>rts55x.lib</file>
         <name>_io_perm.obj</name>
      </input_file>
      <input_file id="fl-2b">
         <path>/opt/ti/ccsv7/tools/compiler/c5500_4.4.1/lib/</path>
         <kind>archive</kind>
         <file>rts55x.lib</file>
         <name>_lock.obj</name>
      </input_file>
      <input_file id="fl-2c">
         <path>/opt/ti/ccsv7/tools/compiler/c5500_4.4.1/lib/</path>
         <kind>archive</kind>
         <file>rts55x.lib</file>
         <name>_printfi.obj</name>
      </input_file>
      <input_file id="fl-2d">
         <path>/opt/ti/ccsv7/tools/compiler/c5500_4.4.1/lib/</path>
         <kind>archive</kind>
         <file>rts55x.lib</file>
         <name>args_main.obj</name>
      </input_file>
      <input_file id="fl-2e">
         <path>/opt/ti/ccsv7/tools/compiler/c5500_4.4.1/lib/</path>
         <kind>archive</kind>
         <file>rts55x.lib</file>
         <name>atoi.obj</name>
      </input_file>
      <input_file id="fl-2f">
         <path>/opt/ti/ccsv7/tools/compiler/c5500_4.4.1/lib/</path>
         <kind>archive</kind>
         <file>rts55x.lib</file>
         <name>autoinit.obj</name>
      </input_file>
      <input_file id="fl-30">
         <path>/opt/ti/ccsv7/tools/compiler/c5500_4.4.1/lib/</path>
         <kind>archive</kind>
         <file>rts55x.lib</file>
         <name>cmpd.obj</name>
      </input_file>
      <input_file id="fl-31">
         <path>/opt/ti/ccsv7/tools/compiler/c5500_4.4.1/lib/</path>
         <kind>archive</kind>
         <file>rts55x.lib</file>
         <name>ctype.obj</name>
      </input_file>
      <input_file id="fl-32">
         <path>/opt/ti/ccsv7/tools/compiler/c5500_4.4.1/lib/</path>
         <kind>archive</kind>
         <file>rts55x.lib</file>
         <name>divd.obj</name>
      </input_file>
      <input_file id="fl-33">
         <path>/opt/ti/ccsv7/tools/compiler/c5500_4.4.1/lib/</path>
         <kind>archive</kind>
         <file>rts55x.lib</file>
         <name>divul.obj</name>
      </input_file>
      <input_file id="fl-34">
         <path>/opt/ti/ccsv7/tools/compiler/c5500_4.4.1/lib/</path>
         <kind>archive</kind>
         <file>rts55x.lib</file>
         <name>fixdi.obj</name>
      </input_file>
      <input_file id="fl-35">
         <path>/opt/ti/ccsv7/tools/compiler/c5500_4.4.1/lib/</path>
         <kind>archive</kind>
         <file>rts55x.lib</file>
         <name>fixdli.obj</name>
      </input_file>
      <input_file id="fl-36">
         <path>/opt/ti/ccsv7/tools/compiler/c5500_4.4.1/lib/</path>
         <kind>archive</kind>
         <file>rts55x.lib</file>
         <name>fltlid.obj</name>
      </input_file>
      <input_file id="fl-37">
         <path>/opt/ti/ccsv7/tools/compiler/c5500_4.4.1/lib/</path>
         <kind>archive</kind>
         <file>rts55x.lib</file>
         <name>frcmpyd_div.obj</name>
      </input_file>
      <input_file id="fl-38">
         <path>/opt/ti/ccsv7/tools/compiler/c5500_4.4.1/lib/</path>
         <kind>archive</kind>
         <file>rts55x.lib</file>
         <name>fseek.obj</name>
      </input_file>
      <input_file id="fl-39">
         <path>/opt/ti/ccsv7/tools/compiler/c5500_4.4.1/lib/</path>
         <kind>archive</kind>
         <file>rts55x.lib</file>
         <name>isinf.obj</name>
      </input_file>
      <input_file id="fl-3a">
         <path>/opt/ti/ccsv7/tools/compiler/c5500_4.4.1/lib/</path>
         <kind>archive</kind>
         <file>rts55x.lib</file>
         <name>llmpy.obj</name>
      </input_file>
      <input_file id="fl-3b">
         <path>/opt/ti/ccsv7/tools/compiler/c5500_4.4.1/lib/</path>
         <kind>archive</kind>
         <file>rts55x.lib</file>
         <name>lmpy.obj</name>
      </input_file>
      <input_file id="fl-3c">
         <path>/opt/ti/ccsv7/tools/compiler/c5500_4.4.1/lib/</path>
         <kind>archive</kind>
         <file>rts55x.lib</file>
         <name>ltoa.obj</name>
      </input_file>
      <input_file id="fl-3d">
         <path>/opt/ti/ccsv7/tools/compiler/c5500_4.4.1/lib/</path>
         <kind>archive</kind>
         <file>rts55x.lib</file>
         <name>memccpy.obj</name>
      </input_file>
      <input_file id="fl-3e">
         <path>/opt/ti/ccsv7/tools/compiler/c5500_4.4.1/lib/</path>
         <kind>archive</kind>
         <file>rts55x.lib</file>
         <name>mpyd.obj</name>
      </input_file>
      <input_file id="fl-3f">
         <path>/opt/ti/ccsv7/tools/compiler/c5500_4.4.1/lib/</path>
         <kind>archive</kind>
         <file>rts55x.lib</file>
         <name>negd.obj</name>
      </input_file>
      <input_file id="fl-40">
         <path>/opt/ti/ccsv7/tools/compiler/c5500_4.4.1/lib/</path>
         <kind>archive</kind>
         <file>rts55x.lib</file>
         <name>remli.obj</name>
      </input_file>
      <input_file id="fl-41">
         <path>/opt/ti/ccsv7/tools/compiler/c5500_4.4.1/lib/</path>
         <kind>archive</kind>
         <file>rts55x.lib</file>
         <name>remul.obj</name>
      </input_file>
      <input_file id="fl-42">
         <path>/opt/ti/ccsv7/tools/compiler/c5500_4.4.1/lib/</path>
         <kind>archive</kind>
         <file>rts55x.lib</file>
         <name>setvbuf.obj</name>
      </input_file>
      <input_file id="fl-43">
         <path>/opt/ti/ccsv7/tools/compiler/c5500_4.4.1/lib/</path>
         <kind>archive</kind>
         <file>rts55x.lib</file>
         <name>subd.obj</name>
      </input_file>
      <input_file id="fl-44">
         <path>/opt/ti/ccsv7/tools/compiler/c5500_4.4.1/lib/</path>
         <kind>archive</kind>
         <file>rts55x.lib</file>
         <name>udiv.obj</name>
      </input_file>
      <input_file id="fl-45">
         <path>/opt/ti/ccsv7/tools/compiler/c5500_4.4.1/lib/</path>
         <kind>archive</kind>
         <file>rts55x.lib</file>
         <name>addd.obj</name>
      </input_file>
      <input_file id="fl-46">
         <path>/opt/ti/ccsv7/tools/compiler/c5500_4.4.1/lib/</path>
         <kind>archive</kind>
         <file>rts55x.lib</file>
         <name>divli.obj</name>
      </input_file>
      <input_file id="fl-47">
         <path>/opt/ti/ccsv7/tools/compiler/c5500_4.4.1/lib/</path>
         <kind>archive</kind>
         <file>rts55x.lib</file>
         <name>fopen.obj</name>
      </input_file>
      <input_file id="fl-48">
         <path>/opt/ti/ccsv7/tools/compiler/c5500_4.4.1/lib/</path>
         <kind>archive</kind>
         <file>rts55x.lib</file>
         <name>frcmpyd.obj</name>
      </input_file>
      <input_file id="fl-49">
         <path>/opt/ti/ccsv7/tools/compiler/c5500_4.4.1/lib/</path>
         <kind>archive</kind>
         <file>rts55x.lib</file>
         <name>memory.obj</name>
      </input_file>
      <input_file id="fl-4a">
         <path>/opt/ti/ccsv7/tools/compiler/c5500_4.4.1/lib/</path>
         <kind>archive</kind>
         <file>rts55x.lib</file>
         <name>fclose.obj</name>
      </input_file>
      <input_file id="fl-4b">
         <path>/opt/ti/ccsv7/tools/compiler/c5500_4.4.1/lib/</path>
         <kind>archive</kind>
         <file>rts55x.lib</file>
         <name>remove.obj</name>
      </input_file>
      <input_file id="fl-4c">
         <path>/home/roy/Downloads/usbstk5505_v2/</path>
         <kind>archive</kind>
         <file>usbstk5505bsl.lib</file>
         <name>usbstk5505.obj</name>
      </input_file>
      <input_file id="fl-4d">
         <path>/home/roy/Downloads/usbstk5505_v2/</path>
         <kind>archive</kind>
         <file>usbstk5505bsl.lib</file>
         <name>usbstk5505_gpio.obj</name>
      </input_file>
      <input_file id="fl-4e">
         <path>/home/roy/Downloads/usbstk5505_v2/</path>
         <kind>archive</kind>
         <file>usbstk5505bsl.lib</file>
         <name>usbstk5505_i2c.obj</name>
      </input_file>
      <input_file id="fl-4f">
         <path>/home/roy/Downloads/usbstk5505_v2/</path>
         <kind>archive</kind>
         <file>usbstk5505bsl.lib</file>
         <name>usbstk5505_i2s.obj</name>
      </input_file>
      <input_file id="fl-50">
         <path>/home/roy/Downloads/usbstk5505_v2/c55xx_csl/ccs_v4.0_examples/cslVC5505/Debug/</path>
         <kind>archive</kind>
         <file>cslVC5505.lib</file>
         <name>vectors.obj</name>
      </input_file>
      <input_file id="fl-51">
         <path>/home/roy/Downloads/usbstk5505_v2/c55xx_csl/ccs_v4.0_examples/cslVC5505/Debug/</path>
         <kind>archive</kind>
         <file>cslVC5505.lib</file>
         <name>csl_irqplug.obj</name>
      </input_file>
      <input_file id="fl-52">
         <path>/home/roy/Downloads/usbstk5505_v2/c55xx_csl/ccs_v4.0_examples/cslVC5505/Debug/</path>
         <kind>archive</kind>
         <file>cslVC5505.lib</file>
         <name>csl_intc.obj</name>
      </input_file>
      <input_file id="fl-53">
         <path>/home/roy/Downloads/usbstk5505_v2/c55xx_csl/ccs_v4.0_examples/cslVC5505/Debug/</path>
         <kind>archive</kind>
         <file>cslVC5505.lib</file>
         <name>csl_i2s.obj</name>
      </input_file>
      <input_file id="fl-54">
         <path>/home/roy/Downloads/usbstk5505_v2/c55xx_csl/ccs_v4.0_examples/cslVC5505/Debug/</path>
         <kind>archive</kind>
         <file>cslVC5505.lib</file>
         <name>csl_i2c.obj</name>
      </input_file>
      <input_file id="fl-55">
         <path>/home/roy/Downloads/usbstk5505_v2/c55xx_csl/ccs_v4.0_examples/cslVC5505/Debug/</path>
         <kind>archive</kind>
         <file>cslVC5505.lib</file>
         <name>csl_gpio.obj</name>
      </input_file>
   </input_file_list>
   <object_component_list>
      <object_component id="oc-6c">
         <name>.text</name>
         <load_address>0x20000</load_address>
         <run_address>0x20000</run_address>
         <size>0x15a4</size>
         <input_file_ref idref="fl-2c"/>
      </object_component>
      <object_component id="oc-11e">
         <name>.text</name>
         <load_address>0x215a4</load_address>
         <run_address>0x215a4</run_address>
         <size>0xc3c</size>
         <input_file_ref idref="fl-54"/>
      </object_component>
      <object_component id="oc-117">
         <name>.text</name>
         <load_address>0x221e0</load_address>
         <run_address>0x221e0</run_address>
         <size>0x9f3</size>
         <input_file_ref idref="fl-53"/>
      </object_component>
      <object_component id="oc-124">
         <name>.text</name>
         <load_address>0x22bd3</load_address>
         <run_address>0x22bd3</run_address>
         <size>0x68d</size>
         <input_file_ref idref="fl-55"/>
      </object_component>
      <object_component id="oc-111">
         <name>.text</name>
         <load_address>0x23260</load_address>
         <run_address>0x23260</run_address>
         <size>0x554</size>
         <input_file_ref idref="fl-52"/>
      </object_component>
      <object_component id="oc-45">
         <name>.text</name>
         <load_address>0x237b4</load_address>
         <run_address>0x237b4</run_address>
         <size>0x543</size>
         <input_file_ref idref="fl-24"/>
      </object_component>
      <object_component id="oc-53">
         <name>.text</name>
         <load_address>0x23cf7</load_address>
         <run_address>0x23cf7</run_address>
         <size>0x528</size>
         <input_file_ref idref="fl-27"/>
      </object_component>
      <object_component id="oc-e3">
         <name>.text</name>
         <load_address>0x2421f</load_address>
         <run_address>0x2421f</run_address>
         <size>0x4b5</size>
         <input_file_ref idref="fl-49"/>
      </object_component>
      <object_component id="oc-12">
         <name>.text</name>
         <load_address>0x246d4</load_address>
         <run_address>0x246d4</run_address>
         <size>0x3df</size>
         <input_file_ref idref="fl-2"/>
      </object_component>
      <object_component id="oc-84">
         <name>.text</name>
         <load_address>0x24ab3</load_address>
         <run_address>0x24ab3</run_address>
         <size>0x3cc</size>
         <input_file_ref idref="fl-32"/>
      </object_component>
      <object_component id="oc-d9">
         <name>.text</name>
         <load_address>0x24e7f</load_address>
         <run_address>0x24e7f</run_address>
         <size>0x27f</size>
         <input_file_ref idref="fl-47"/>
      </object_component>
      <object_component id="oc-a5">
         <name>.text</name>
         <load_address>0x250fe</load_address>
         <run_address>0x250fe</run_address>
         <size>0x25e</size>
         <input_file_ref idref="fl-3a"/>
      </object_component>
      <object_component id="oc-d1">
         <name>.text</name>
         <load_address>0x2535c</load_address>
         <run_address>0x2535c</run_address>
         <size>0x25a</size>
         <input_file_ref idref="fl-45"/>
      </object_component>
      <object_component id="oc-7e">
         <name>.text</name>
         <load_address>0x255b6</load_address>
         <run_address>0x255b6</run_address>
         <size>0x1ea</size>
         <input_file_ref idref="fl-30"/>
      </object_component>
      <object_component id="oc-1c">
         <name>.text:retain</name>
         <load_address>0x257a0</load_address>
         <run_address>0x257a0</run_address>
         <size>0x17e</size>
         <input_file_ref idref="fl-3"/>
      </object_component>
      <object_component id="oc-40">
         <name>.text</name>
         <load_address>0x2591e</load_address>
         <run_address>0x2591e</run_address>
         <size>0x163</size>
         <input_file_ref idref="fl-23"/>
      </object_component>
      <object_component id="oc-b5">
         <name>.text</name>
         <load_address>0x25a81</load_address>
         <run_address>0x25a81</run_address>
         <size>0x14c</size>
         <input_file_ref idref="fl-3e"/>
      </object_component>
      <object_component id="oc-102">
         <name>.text</name>
         <load_address>0x25bcd</load_address>
         <run_address>0x25bcd</run_address>
         <size>0x107</size>
         <input_file_ref idref="fl-4f"/>
      </object_component>
      <object_component id="oc-c5">
         <name>.text</name>
         <load_address>0x25cd4</load_address>
         <run_address>0x25cd4</run_address>
         <size>0xe6</size>
         <input_file_ref idref="fl-42"/>
      </object_component>
      <object_component id="oc-62">
         <name>.text</name>
         <load_address>0x25dba</load_address>
         <run_address>0x25dba</run_address>
         <size>0xdd</size>
         <input_file_ref idref="fl-2a"/>
      </object_component>
      <object_component id="oc-34">
         <name>.text</name>
         <load_address>0x25e97</load_address>
         <run_address>0x25e97</run_address>
         <size>0xc2</size>
         <input_file_ref idref="fl-20"/>
      </object_component>
      <object_component id="oc-5b">
         <name>.text:CIO_breakpoint</name>
         <load_address>0x25f59</load_address>
         <run_address>0x25f59</run_address>
         <size>0xba</size>
         <input_file_ref idref="fl-28"/>
      </object_component>
      <object_component id="oc-3c">
         <name>.text</name>
         <load_address>0x26013</load_address>
         <run_address>0x26013</run_address>
         <size>0xa6</size>
         <input_file_ref idref="fl-22"/>
      </object_component>
      <object_component id="oc-88">
         <name>.text</name>
         <load_address>0x260b9</load_address>
         <run_address>0x260b9</run_address>
         <size>0xa1</size>
         <input_file_ref idref="fl-33"/>
      </object_component>
      <object_component id="oc-fd">
         <name>.text</name>
         <load_address>0x2615a</load_address>
         <run_address>0x2615a</run_address>
         <size>0x8e</size>
         <input_file_ref idref="fl-4e"/>
      </object_component>
      <object_component id="oc-10d">
         <name>.text</name>
         <load_address>0x261e8</load_address>
         <run_address>0x261e8</run_address>
         <size>0x8c</size>
         <input_file_ref idref="fl-51"/>
      </object_component>
      <object_component id="oc-ad">
         <name>.text</name>
         <load_address>0x26274</load_address>
         <run_address>0x26274</run_address>
         <size>0x7d</size>
         <input_file_ref idref="fl-3c"/>
      </object_component>
      <object_component id="oc-ea">
         <name>.text</name>
         <load_address>0x262f1</load_address>
         <run_address>0x262f1</run_address>
         <size>0x7b</size>
         <input_file_ref idref="fl-4a"/>
      </object_component>
      <object_component id="oc-f7">
         <name>.text</name>
         <load_address>0x2636c</load_address>
         <run_address>0x2636c</run_address>
         <size>0x77</size>
         <input_file_ref idref="fl-4d"/>
      </object_component>
      <object_component id="oc-df">
         <name>.text</name>
         <load_address>0x263e3</load_address>
         <run_address>0x263e3</run_address>
         <size>0x76</size>
         <input_file_ref idref="fl-48"/>
      </object_component>
      <object_component id="oc-99">
         <name>.text</name>
         <load_address>0x26459</load_address>
         <run_address>0x26459</run_address>
         <size>0x73</size>
         <input_file_ref idref="fl-37"/>
      </object_component>
      <object_component id="oc-c1">
         <name>.text</name>
         <load_address>0x264cc</load_address>
         <run_address>0x264cc</run_address>
         <size>0x72</size>
         <input_file_ref idref="fl-41"/>
      </object_component>
      <object_component id="oc-90">
         <name>.text</name>
         <load_address>0x2653e</load_address>
         <run_address>0x2653e</run_address>
         <size>0x6f</size>
         <input_file_ref idref="fl-35"/>
      </object_component>
      <object_component id="oc-108">
         <name>.text</name>
         <load_address>0x265ad</load_address>
         <run_address>0x265ad</run_address>
         <size>0x6d</size>
         <input_file_ref idref="fl-50"/>
      </object_component>
      <object_component id="oc-58">
         <name>.text</name>
         <load_address>0x2661a</load_address>
         <run_address>0x2661a</run_address>
         <size>0x6d</size>
         <input_file_ref idref="fl-28"/>
      </object_component>
      <object_component id="oc-9d">
         <name>.text</name>
         <load_address>0x26687</load_address>
         <run_address>0x26687</run_address>
         <size>0x6b</size>
         <input_file_ref idref="fl-38"/>
      </object_component>
      <object_component id="oc-94">
         <name>.text</name>
         <load_address>0x266f2</load_address>
         <run_address>0x266f2</run_address>
         <size>0x67</size>
         <input_file_ref idref="fl-36"/>
      </object_component>
      <object_component id="oc-76">
         <name>.text</name>
         <load_address>0x26759</load_address>
         <run_address>0x26759</run_address>
         <size>0x5c</size>
         <input_file_ref idref="fl-2e"/>
      </object_component>
      <object_component id="oc-f2">
         <name>.text</name>
         <load_address>0x267b5</load_address>
         <run_address>0x267b5</run_address>
         <size>0x54</size>
         <input_file_ref idref="fl-4c"/>
      </object_component>
      <object_component id="oc-4f">
         <name>.text</name>
         <load_address>0x26809</load_address>
         <run_address>0x26809</run_address>
         <size>0x50</size>
         <input_file_ref idref="fl-26"/>
      </object_component>
      <object_component id="oc-7a">
         <name>.text</name>
         <load_address>0x26859</load_address>
         <run_address>0x26859</run_address>
         <size>0x4d</size>
         <input_file_ref idref="fl-2f"/>
      </object_component>
      <object_component id="oc-72">
         <name>.text</name>
         <load_address>0x268a6</load_address>
         <run_address>0x268a6</run_address>
         <size>0x4b</size>
         <input_file_ref idref="fl-2d"/>
      </object_component>
      <object_component id="oc-bd">
         <name>.text</name>
         <load_address>0x268f1</load_address>
         <run_address>0x268f1</run_address>
         <size>0x4b</size>
         <input_file_ref idref="fl-40"/>
      </object_component>
      <object_component id="oc-38">
         <name>.text</name>
         <load_address>0x2693c</load_address>
         <run_address>0x2693c</run_address>
         <size>0x4a</size>
         <input_file_ref idref="fl-21"/>
      </object_component>
      <object_component id="oc-d5">
         <name>.text</name>
         <load_address>0x26986</load_address>
         <run_address>0x26986</run_address>
         <size>0x48</size>
         <input_file_ref idref="fl-46"/>
      </object_component>
      <object_component id="oc-4b">
         <name>.text</name>
         <load_address>0x269ce</load_address>
         <run_address>0x269ce</run_address>
         <size>0x3f</size>
         <input_file_ref idref="fl-25"/>
      </object_component>
      <object_component id="oc-2d">
         <name>.text</name>
         <load_address>0x26a0d</load_address>
         <run_address>0x26a0d</run_address>
         <size>0x3e</size>
         <input_file_ref idref="fl-1f"/>
      </object_component>
      <object_component id="oc-20">
         <name>.text</name>
         <load_address>0x26a4b</load_address>
         <run_address>0x26a4b</run_address>
         <size>0x3d</size>
         <input_file_ref idref="fl-1c"/>
      </object_component>
      <object_component id="oc-18">
         <name>.text</name>
         <load_address>0x26a88</load_address>
         <run_address>0x26a88</run_address>
         <size>0x38</size>
         <input_file_ref idref="fl-3"/>
      </object_component>
      <object_component id="oc-10">
         <name>.text</name>
         <load_address>0x26ac0</load_address>
         <run_address>0x26ac0</run_address>
         <size>0x34</size>
         <input_file_ref idref="fl-1d"/>
      </object_component>
      <object_component id="oc-8c">
         <name>.text</name>
         <load_address>0x26af4</load_address>
         <run_address>0x26af4</run_address>
         <size>0x2a</size>
         <input_file_ref idref="fl-34"/>
      </object_component>
      <object_component id="oc-cd">
         <name>.text</name>
         <load_address>0x26b1e</load_address>
         <run_address>0x26b1e</run_address>
         <size>0x2a</size>
         <input_file_ref idref="fl-44"/>
      </object_component>
      <object_component id="oc-b1">
         <name>.text</name>
         <load_address>0x26b48</load_address>
         <run_address>0x26b48</run_address>
         <size>0x23</size>
         <input_file_ref idref="fl-3d"/>
      </object_component>
      <object_component id="oc-a1">
         <name>.text</name>
         <load_address>0x26b6b</load_address>
         <run_address>0x26b6b</run_address>
         <size>0x1a</size>
         <input_file_ref idref="fl-39"/>
      </object_component>
      <object_component id="oc-c9">
         <name>.text</name>
         <load_address>0x26b85</load_address>
         <run_address>0x26b85</run_address>
         <size>0x14</size>
         <input_file_ref idref="fl-43"/>
      </object_component>
      <object_component id="oc-a9">
         <name>.text</name>
         <load_address>0x26b99</load_address>
         <run_address>0x26b99</run_address>
         <size>0x13</size>
         <input_file_ref idref="fl-3b"/>
      </object_component>
      <object_component id="oc-66">
         <name>.text</name>
         <load_address>0x26bac</load_address>
         <run_address>0x26bac</run_address>
         <size>0x12</size>
         <input_file_ref idref="fl-2b"/>
      </object_component>
      <object_component id="oc-b9">
         <name>.text</name>
         <load_address>0x26bbe</load_address>
         <run_address>0x26bbe</run_address>
         <size>0x10</size>
         <input_file_ref idref="fl-3f"/>
      </object_component>
      <object_component id="oc-ee">
         <name>.text</name>
         <load_address>0x26bce</load_address>
         <run_address>0x26bce</run_address>
         <size>0xa</size>
         <input_file_ref idref="fl-4b"/>
      </object_component>
      <object_component id="oc-31">
         <name>.text:CIO_breakpoint</name>
         <load_address>0x26bd8</load_address>
         <run_address>0x26bd8</run_address>
         <size>0x7</size>
         <input_file_ref idref="fl-1f"/>
      </object_component>
      <object_component id="oc-5e">
         <name>.text</name>
         <load_address>0x26bdf</load_address>
         <run_address>0x26bdf</run_address>
         <size>0x2</size>
         <input_file_ref idref="fl-29"/>
      </object_component>
      <object_component id="oc-25">
         <name>.stack</name>
         <uninitialized>true</uninitialized>
         <run_address>0xc0</run_address>
         <size>0x0</size>
         <input_file_ref idref="fl-1d"/>
      </object_component>
      <object_component id="oc-144">
         <name>.stack</name>
         <uninitialized>true</uninitialized>
         <run_address>0xc0</run_address>
         <size>0x0</size>
      </object_component>
      <object_component id="oc-129">
         <name>.sysstack</name>
         <uninitialized>true</uninitialized>
         <run_address>0x20c0</run_address>
         <size>0x0</size>
         <input_file_ref idref="fl-1d"/>
      </object_component>
      <object_component id="oc-146">
         <name>.sysstack</name>
         <uninitialized>true</uninitialized>
         <run_address>0x20c0</run_address>
         <size>0x0</size>
      </object_component>
      <object_component id="oc-29">
         <name>.bss</name>
         <uninitialized>true</uninitialized>
         <run_address>0x58a0</run_address>
         <size>0x232</size>
         <input_file_ref idref="fl-1e"/>
      </object_component>
      <object_component id="oc-54">
         <name>.bss</name>
         <uninitialized>true</uninitialized>
         <run_address>0x5ad2</run_address>
         <size>0x1a0</size>
         <input_file_ref idref="fl-27"/>
      </object_component>
      <object_component id="oc-da">
         <name>.bss</name>
         <uninitialized>true</uninitialized>
         <run_address>0x5c72</run_address>
         <size>0x2</size>
         <input_file_ref idref="fl-47"/>
      </object_component>
      <object_component id="oc-112">
         <name>.bss</name>
         <uninitialized>true</uninitialized>
         <run_address>0x5c74</run_address>
         <size>0x108</size>
         <input_file_ref idref="fl-52"/>
      </object_component>
      <object_component id="oc-46">
         <name>.bss</name>
         <uninitialized>true</uninitialized>
         <run_address>0x5d7c</run_address>
         <size>0xe2</size>
         <input_file_ref idref="fl-24"/>
      </object_component>
      <object_component id="oc-118">
         <name>.bss</name>
         <uninitialized>true</uninitialized>
         <run_address>0x5e5e</run_address>
         <size>0x54</size>
         <input_file_ref idref="fl-53"/>
      </object_component>
      <object_component id="oc-19">
         <name>.bss</name>
         <uninitialized>true</uninitialized>
         <run_address>0x5eb2</run_address>
         <size>0x2c</size>
         <input_file_ref idref="fl-3"/>
      </object_component>
      <object_component id="oc-11f">
         <name>.bss</name>
         <uninitialized>true</uninitialized>
         <run_address>0x5ee0</run_address>
         <size>0x24</size>
         <input_file_ref idref="fl-54"/>
      </object_component>
      <object_component id="oc-e4">
         <name>.bss</name>
         <uninitialized>true</uninitialized>
         <run_address>0x5f04</run_address>
         <size>0xc</size>
         <input_file_ref idref="fl-49"/>
      </object_component>
      <object_component id="oc-67">
         <name>.bss</name>
         <uninitialized>true</uninitialized>
         <run_address>0x5f10</run_address>
         <size>0x8</size>
         <input_file_ref idref="fl-2b"/>
      </object_component>
      <object_component id="oc-2e">
         <name>.bss</name>
         <uninitialized>true</uninitialized>
         <run_address>0x5f18</run_address>
         <size>0x8</size>
         <input_file_ref idref="fl-1f"/>
      </object_component>
      <object_component id="oc-f8">
         <name>.bss</name>
         <uninitialized>true</uninitialized>
         <run_address>0x5f20</run_address>
         <size>0x8</size>
         <input_file_ref idref="fl-4d"/>
      </object_component>
      <object_component id="oc-103">
         <name>.bss</name>
         <uninitialized>true</uninitialized>
         <run_address>0x5f28</run_address>
         <size>0x4</size>
         <input_file_ref idref="fl-4f"/>
      </object_component>
      <object_component id="oc-14">
         <name>.const:.string</name>
         <load_address>0x50c0</load_address>
         <run_address>0x50c0</run_address>
         <size>0x530</size>
         <input_file_ref idref="fl-2"/>
      </object_component>
      <object_component id="oc-12b">
         <name>.const:__ctypes_</name>
         <load_address>0x55f0</load_address>
         <run_address>0x55f0</run_address>
         <size>0x202</size>
         <input_file_ref idref="fl-31"/>
      </object_component>
      <object_component id="oc-6f">
         <name>.const:.string</name>
         <load_address>0x57f4</load_address>
         <run_address>0x57f4</run_address>
         <size>0x48</size>
         <input_file_ref idref="fl-2c"/>
      </object_component>
      <object_component id="oc-12a">
         <name>.const:_COEFFICIENTS</name>
         <load_address>0x583c</load_address>
         <run_address>0x583c</run_address>
         <size>0x2a</size>
         <input_file_ref idref="fl-3"/>
      </object_component>
      <object_component id="oc-6e">
         <name>.const</name>
         <load_address>0x5868</load_address>
         <run_address>0x5868</run_address>
         <size>0x18</size>
         <input_file_ref idref="fl-2c"/>
      </object_component>
      <object_component id="oc-12c">
         <name>.const:_initial_approx$1</name>
         <load_address>0x5880</load_address>
         <run_address>0x5880</run_address>
         <size>0x10</size>
         <input_file_ref idref="fl-32"/>
      </object_component>
      <object_component id="oc-22">
         <name>.const:.string</name>
         <load_address>0x5890</load_address>
         <run_address>0x5890</run_address>
         <size>0x6</size>
         <input_file_ref idref="fl-1c"/>
      </object_component>
      <object_component id="oc-42">
         <name>.const:.string</name>
         <load_address>0x5898</load_address>
         <run_address>0x5898</run_address>
         <size>0x4</size>
         <input_file_ref idref="fl-23"/>
      </object_component>
      <object_component id="oc-96">
         <name>.const</name>
         <load_address>0x589c</load_address>
         <run_address>0x589c</run_address>
         <size>0x4</size>
         <input_file_ref idref="fl-36"/>
      </object_component>
      <object_component id="oc-e7">
         <name>.sysmem</name>
         <uninitialized>true</uninitialized>
         <run_address>0x30c0</run_address>
         <size>0x0</size>
         <input_file_ref idref="fl-49"/>
      </object_component>
      <object_component id="oc-145">
         <name>.sysmem</name>
         <uninitialized>true</uninitialized>
         <run_address>0x30c0</run_address>
         <size>0x0</size>
      </object_component>
      <object_component id="oc-48">
         <name>.cinit</name>
         <load_address>0x40240</load_address>
         <run_address>0x40240</run_address>
         <size>0x5a</size>
         <input_file_ref idref="fl-24"/>
      </object_component>
      <object_component id="oc-2b">
         <name>.cinit</name>
         <load_address>0x4029a</load_address>
         <run_address>0x4029a</run_address>
         <size>0x54</size>
         <input_file_ref idref="fl-1e"/>
      </object_component>
      <object_component id="oc-69">
         <name>.cinit</name>
         <load_address>0x402ee</load_address>
         <run_address>0x402ee</run_address>
         <size>0x14</size>
         <input_file_ref idref="fl-2b"/>
      </object_component>
      <object_component id="oc-30">
         <name>.cinit</name>
         <load_address>0x40302</load_address>
         <run_address>0x40302</run_address>
         <size>0x14</size>
         <input_file_ref idref="fl-1f"/>
      </object_component>
      <object_component id="oc-11a">
         <name>.cinit</name>
         <load_address>0x40316</load_address>
         <run_address>0x40316</run_address>
         <size>0x10</size>
         <input_file_ref idref="fl-53"/>
      </object_component>
      <object_component id="oc-1b">
         <name>.cinit</name>
         <load_address>0x40326</load_address>
         <run_address>0x40326</run_address>
         <size>0x8</size>
         <input_file_ref idref="fl-3"/>
      </object_component>
      <object_component id="oc-dc">
         <name>.cinit</name>
         <load_address>0x4032e</load_address>
         <run_address>0x4032e</run_address>
         <size>0x8</size>
         <input_file_ref idref="fl-47"/>
      </object_component>
      <object_component id="oc-e6">
         <name>.cinit</name>
         <load_address>0x40336</load_address>
         <run_address>0x40336</run_address>
         <size>0x8</size>
         <input_file_ref idref="fl-49"/>
      </object_component>
      <object_component id="oc-5a">
         <name>.cio</name>
         <uninitialized>true</uninitialized>
         <run_address>0x40000</run_address>
         <size>0x240</size>
         <input_file_ref idref="fl-28"/>
      </object_component>
      <object_component id="oc-109">
         <name>vectors</name>
         <load_address>0x4fe00</load_address>
         <run_address>0x4fe00</run_address>
         <size>0x100</size>
         <input_file_ref idref="fl-50"/>
      </object_component>
      <object_component id="oc-11">
         <name>vectors</name>
         <load_address>0x4ff00</load_address>
         <run_address>0x4ff00</run_address>
         <size>0x100</size>
         <input_file_ref idref="fl-29"/>
      </object_component>
      <object_component id="oc-13">
         <name>.debug_info</name>
         <load_address>0x0</load_address>
         <run_address>0x0</run_address>
         <size>0x1db2</size>
         <input_file_ref idref="fl-2"/>
      </object_component>
      <object_component id="oc-1a">
         <name>.debug_info</name>
         <load_address>0x1db2</load_address>
         <run_address>0x1db2</run_address>
         <size>0x8ce</size>
         <input_file_ref idref="fl-3"/>
      </object_component>
      <object_component id="oc-21">
         <name>.debug_info</name>
         <load_address>0x2680</load_address>
         <run_address>0x2680</run_address>
         <size>0x702</size>
         <input_file_ref idref="fl-1c"/>
      </object_component>
      <object_component id="oc-26">
         <name>.debug_info</name>
         <load_address>0x2d82</load_address>
         <run_address>0x2d82</run_address>
         <size>0xe8</size>
         <input_file_ref idref="fl-1d"/>
      </object_component>
      <object_component id="oc-2a">
         <name>.debug_info</name>
         <load_address>0x2e6a</load_address>
         <run_address>0x2e6a</run_address>
         <size>0x57e</size>
         <input_file_ref idref="fl-1e"/>
      </object_component>
      <object_component id="oc-2f">
         <name>.debug_info</name>
         <load_address>0x33e8</load_address>
         <run_address>0x33e8</run_address>
         <size>0x5fb</size>
         <input_file_ref idref="fl-1f"/>
      </object_component>
      <object_component id="oc-35">
         <name>.debug_info</name>
         <load_address>0x39e3</load_address>
         <run_address>0x39e3</run_address>
         <size>0x706</size>
         <input_file_ref idref="fl-20"/>
      </object_component>
      <object_component id="oc-39">
         <name>.debug_info</name>
         <load_address>0x40e9</load_address>
         <run_address>0x40e9</run_address>
         <size>0x763</size>
         <input_file_ref idref="fl-21"/>
      </object_component>
      <object_component id="oc-3d">
         <name>.debug_info</name>
         <load_address>0x484c</load_address>
         <run_address>0x484c</run_address>
         <size>0x6aa</size>
         <input_file_ref idref="fl-22"/>
      </object_component>
      <object_component id="oc-41">
         <name>.debug_info</name>
         <load_address>0x4ef6</load_address>
         <run_address>0x4ef6</run_address>
         <size>0x942</size>
         <input_file_ref idref="fl-23"/>
      </object_component>
      <object_component id="oc-47">
         <name>.debug_info</name>
         <load_address>0x5838</load_address>
         <run_address>0x5838</run_address>
         <size>0x144b</size>
         <input_file_ref idref="fl-24"/>
      </object_component>
      <object_component id="oc-4c">
         <name>.debug_info</name>
         <load_address>0x6c83</load_address>
         <run_address>0x6c83</run_address>
         <size>0xd1</size>
         <input_file_ref idref="fl-25"/>
      </object_component>
      <object_component id="oc-50">
         <name>.debug_info</name>
         <load_address>0x6d54</load_address>
         <run_address>0x6d54</run_address>
         <size>0x76c</size>
         <input_file_ref idref="fl-26"/>
      </object_component>
      <object_component id="oc-55">
         <name>.debug_info</name>
         <load_address>0x74c0</load_address>
         <run_address>0x74c0</run_address>
         <size>0xed4</size>
         <input_file_ref idref="fl-27"/>
      </object_component>
      <object_component id="oc-59">
         <name>.debug_info</name>
         <load_address>0x8394</load_address>
         <run_address>0x8394</run_address>
         <size>0x744</size>
         <input_file_ref idref="fl-28"/>
      </object_component>
      <object_component id="oc-5f">
         <name>.debug_info</name>
         <load_address>0x8ad8</load_address>
         <run_address>0x8ad8</run_address>
         <size>0xbc</size>
         <input_file_ref idref="fl-29"/>
      </object_component>
      <object_component id="oc-63">
         <name>.debug_info</name>
         <load_address>0x8b94</load_address>
         <run_address>0x8b94</run_address>
         <size>0x662</size>
         <input_file_ref idref="fl-2a"/>
      </object_component>
      <object_component id="oc-68">
         <name>.debug_info</name>
         <load_address>0x91f6</load_address>
         <run_address>0x91f6</run_address>
         <size>0x5bc</size>
         <input_file_ref idref="fl-2b"/>
      </object_component>
      <object_component id="oc-6d">
         <name>.debug_info</name>
         <load_address>0x97b2</load_address>
         <run_address>0x97b2</run_address>
         <size>0x27bd</size>
         <input_file_ref idref="fl-2c"/>
      </object_component>
      <object_component id="oc-73">
         <name>.debug_info</name>
         <load_address>0xbf6f</load_address>
         <run_address>0xbf6f</run_address>
         <size>0x586</size>
         <input_file_ref idref="fl-2d"/>
      </object_component>
      <object_component id="oc-77">
         <name>.debug_info</name>
         <load_address>0xc4f5</load_address>
         <run_address>0xc4f5</run_address>
         <size>0x5a4</size>
         <input_file_ref idref="fl-2e"/>
      </object_component>
      <object_component id="oc-7b">
         <name>.debug_info</name>
         <load_address>0xca99</load_address>
         <run_address>0xca99</run_address>
         <size>0xcd</size>
         <input_file_ref idref="fl-2f"/>
      </object_component>
      <object_component id="oc-7f">
         <name>.debug_info</name>
         <load_address>0xcb66</load_address>
         <run_address>0xcb66</run_address>
         <size>0x81f</size>
         <input_file_ref idref="fl-30"/>
      </object_component>
      <object_component id="oc-82">
         <name>.debug_info</name>
         <load_address>0xd385</load_address>
         <run_address>0xd385</run_address>
         <size>0x498</size>
         <input_file_ref idref="fl-31"/>
      </object_component>
      <object_component id="oc-85">
         <name>.debug_info</name>
         <load_address>0xd81d</load_address>
         <run_address>0xd81d</run_address>
         <size>0x7e8</size>
         <input_file_ref idref="fl-32"/>
      </object_component>
      <object_component id="oc-89">
         <name>.debug_info</name>
         <load_address>0xe005</load_address>
         <run_address>0xe005</run_address>
         <size>0x534</size>
         <input_file_ref idref="fl-33"/>
      </object_component>
      <object_component id="oc-8d">
         <name>.debug_info</name>
         <load_address>0xe539</load_address>
         <run_address>0xe539</run_address>
         <size>0x4cf</size>
         <input_file_ref idref="fl-34"/>
      </object_component>
      <object_component id="oc-91">
         <name>.debug_info</name>
         <load_address>0xea08</load_address>
         <run_address>0xea08</run_address>
         <size>0x534</size>
         <input_file_ref idref="fl-35"/>
      </object_component>
      <object_component id="oc-95">
         <name>.debug_info</name>
         <load_address>0xef3c</load_address>
         <run_address>0xef3c</run_address>
         <size>0x549</size>
         <input_file_ref idref="fl-36"/>
      </object_component>
      <object_component id="oc-9a">
         <name>.debug_info</name>
         <load_address>0xf485</load_address>
         <run_address>0xf485</run_address>
         <size>0x53e</size>
         <input_file_ref idref="fl-37"/>
      </object_component>
      <object_component id="oc-9e">
         <name>.debug_info</name>
         <load_address>0xf9c3</load_address>
         <run_address>0xf9c3</run_address>
         <size>0x5f7</size>
         <input_file_ref idref="fl-38"/>
      </object_component>
      <object_component id="oc-a2">
         <name>.debug_info</name>
         <load_address>0xffba</load_address>
         <run_address>0xffba</run_address>
         <size>0x680</size>
         <input_file_ref idref="fl-39"/>
      </object_component>
      <object_component id="oc-a6">
         <name>.debug_info</name>
         <load_address>0x1063a</load_address>
         <run_address>0x1063a</run_address>
         <size>0x7d4</size>
         <input_file_ref idref="fl-3a"/>
      </object_component>
      <object_component id="oc-aa">
         <name>.debug_info</name>
         <load_address>0x10e0e</load_address>
         <run_address>0x10e0e</run_address>
         <size>0xbd</size>
         <input_file_ref idref="fl-3b"/>
      </object_component>
      <object_component id="oc-ae">
         <name>.debug_info</name>
         <load_address>0x10ecb</load_address>
         <run_address>0x10ecb</run_address>
         <size>0x5ad</size>
         <input_file_ref idref="fl-3c"/>
      </object_component>
      <object_component id="oc-b2">
         <name>.debug_info</name>
         <load_address>0x11478</load_address>
         <run_address>0x11478</run_address>
         <size>0x574</size>
         <input_file_ref idref="fl-3d"/>
      </object_component>
      <object_component id="oc-b6">
         <name>.debug_info</name>
         <load_address>0x119ec</load_address>
         <run_address>0x119ec</run_address>
         <size>0x55b</size>
         <input_file_ref idref="fl-3e"/>
      </object_component>
      <object_component id="oc-ba">
         <name>.debug_info</name>
         <load_address>0x11f47</load_address>
         <run_address>0x11f47</run_address>
         <size>0x4b7</size>
         <input_file_ref idref="fl-3f"/>
      </object_component>
      <object_component id="oc-be">
         <name>.debug_info</name>
         <load_address>0x123fe</load_address>
         <run_address>0x123fe</run_address>
         <size>0x4f2</size>
         <input_file_ref idref="fl-40"/>
      </object_component>
      <object_component id="oc-c2">
         <name>.debug_info</name>
         <load_address>0x128f0</load_address>
         <run_address>0x128f0</run_address>
         <size>0x534</size>
         <input_file_ref idref="fl-41"/>
      </object_component>
      <object_component id="oc-c6">
         <name>.debug_info</name>
         <load_address>0x12e24</load_address>
         <run_address>0x12e24</run_address>
         <size>0x64a</size>
         <input_file_ref idref="fl-42"/>
      </object_component>
      <object_component id="oc-ca">
         <name>.debug_info</name>
         <load_address>0x1346e</load_address>
         <run_address>0x1346e</run_address>
         <size>0x4de</size>
         <input_file_ref idref="fl-43"/>
      </object_component>
      <object_component id="oc-ce">
         <name>.debug_info</name>
         <load_address>0x1394c</load_address>
         <run_address>0x1394c</run_address>
         <size>0xef</size>
         <input_file_ref idref="fl-44"/>
      </object_component>
      <object_component id="oc-d2">
         <name>.debug_info</name>
         <load_address>0x13a3b</load_address>
         <run_address>0x13a3b</run_address>
         <size>0x5ab</size>
         <input_file_ref idref="fl-45"/>
      </object_component>
      <object_component id="oc-d6">
         <name>.debug_info</name>
         <load_address>0x13fe6</load_address>
         <run_address>0x13fe6</run_address>
         <size>0x4f2</size>
         <input_file_ref idref="fl-46"/>
      </object_component>
      <object_component id="oc-db">
         <name>.debug_info</name>
         <load_address>0x144d8</load_address>
         <run_address>0x144d8</run_address>
         <size>0xa1c</size>
         <input_file_ref idref="fl-47"/>
      </object_component>
      <object_component id="oc-e0">
         <name>.debug_info</name>
         <load_address>0x14ef4</load_address>
         <run_address>0x14ef4</run_address>
         <size>0x4d2</size>
         <input_file_ref idref="fl-48"/>
      </object_component>
      <object_component id="oc-e5">
         <name>.debug_info</name>
         <load_address>0x153c6</load_address>
         <run_address>0x153c6</run_address>
         <size>0xb97</size>
         <input_file_ref idref="fl-49"/>
      </object_component>
      <object_component id="oc-eb">
         <name>.debug_info</name>
         <load_address>0x15f5d</load_address>
         <run_address>0x15f5d</run_address>
         <size>0x64f</size>
         <input_file_ref idref="fl-4a"/>
      </object_component>
      <object_component id="oc-ef">
         <name>.debug_info</name>
         <load_address>0x165ac</load_address>
         <run_address>0x165ac</run_address>
         <size>0x510</size>
         <input_file_ref idref="fl-4b"/>
      </object_component>
      <object_component id="oc-f3">
         <name>.debug_info</name>
         <load_address>0x16abc</load_address>
         <run_address>0x16abc</run_address>
         <size>0xc6b</size>
         <input_file_ref idref="fl-4c"/>
      </object_component>
      <object_component id="oc-f9">
         <name>.debug_info</name>
         <load_address>0x17727</load_address>
         <run_address>0x17727</run_address>
         <size>0xf02</size>
         <input_file_ref idref="fl-4d"/>
      </object_component>
      <object_component id="oc-fe">
         <name>.debug_info</name>
         <load_address>0x18629</load_address>
         <run_address>0x18629</run_address>
         <size>0xa45</size>
         <input_file_ref idref="fl-4e"/>
      </object_component>
      <object_component id="oc-104">
         <name>.debug_info</name>
         <load_address>0x1906e</load_address>
         <run_address>0x1906e</run_address>
         <size>0x14ef</size>
         <input_file_ref idref="fl-4f"/>
      </object_component>
      <object_component id="oc-10a">
         <name>.debug_info</name>
         <load_address>0x1a55d</load_address>
         <run_address>0x1a55d</run_address>
         <size>0x1a8</size>
         <input_file_ref idref="fl-50"/>
      </object_component>
      <object_component id="oc-10e">
         <name>.debug_info</name>
         <load_address>0x1a705</load_address>
         <run_address>0x1a705</run_address>
         <size>0x191</size>
         <input_file_ref idref="fl-51"/>
      </object_component>
      <object_component id="oc-113">
         <name>.debug_info</name>
         <load_address>0x1a896</load_address>
         <run_address>0x1a896</run_address>
         <size>0x6fa2</size>
         <input_file_ref idref="fl-52"/>
      </object_component>
      <object_component id="oc-119">
         <name>.debug_info</name>
         <load_address>0x21838</load_address>
         <run_address>0x21838</run_address>
         <size>0x713f</size>
         <input_file_ref idref="fl-53"/>
      </object_component>
      <object_component id="oc-120">
         <name>.debug_info</name>
         <load_address>0x28977</load_address>
         <run_address>0x28977</run_address>
         <size>0x745d</size>
         <input_file_ref idref="fl-54"/>
      </object_component>
      <object_component id="oc-125">
         <name>.debug_info</name>
         <load_address>0x2fdd4</load_address>
         <run_address>0x2fdd4</run_address>
         <size>0x6d22</size>
         <input_file_ref idref="fl-55"/>
      </object_component>
      <object_component id="oc-14f">
         <name>.debug_info</name>
         <load_address>0x36af6</load_address>
         <run_address>0x36af6</run_address>
         <size>0x70</size>
      </object_component>
      <object_component id="oc-15">
         <name>.debug_frame</name>
         <load_address>0x0</load_address>
         <run_address>0x0</run_address>
         <size>0x1c0</size>
         <input_file_ref idref="fl-2"/>
      </object_component>
      <object_component id="oc-1d">
         <name>.debug_frame</name>
         <load_address>0x1c0</load_address>
         <run_address>0x1c0</run_address>
         <size>0x27b</size>
         <input_file_ref idref="fl-3"/>
      </object_component>
      <object_component id="oc-f4">
         <name>.debug_frame</name>
         <load_address>0x43b</load_address>
         <run_address>0x43b</run_address>
         <size>0x116</size>
         <input_file_ref idref="fl-4c"/>
      </object_component>
      <object_component id="oc-fa">
         <name>.debug_frame</name>
         <load_address>0x551</load_address>
         <run_address>0x551</run_address>
         <size>0x138</size>
         <input_file_ref idref="fl-4d"/>
      </object_component>
      <object_component id="oc-ff">
         <name>.debug_frame</name>
         <load_address>0x689</load_address>
         <run_address>0x689</run_address>
         <size>0x138</size>
         <input_file_ref idref="fl-4e"/>
      </object_component>
      <object_component id="oc-105">
         <name>.debug_frame</name>
         <load_address>0x7c1</load_address>
         <run_address>0x7c1</run_address>
         <size>0x171</size>
         <input_file_ref idref="fl-4f"/>
      </object_component>
      <object_component id="oc-114">
         <name>.debug_frame</name>
         <load_address>0x932</load_address>
         <run_address>0x932</run_address>
         <size>0x2a1</size>
         <input_file_ref idref="fl-52"/>
      </object_component>
      <object_component id="oc-11b">
         <name>.debug_frame</name>
         <load_address>0xbd3</load_address>
         <run_address>0xbd3</run_address>
         <size>0x197</size>
         <input_file_ref idref="fl-53"/>
      </object_component>
      <object_component id="oc-121">
         <name>.debug_frame</name>
         <load_address>0xd6a</load_address>
         <run_address>0xd6a</run_address>
         <size>0x1ef</size>
         <input_file_ref idref="fl-54"/>
      </object_component>
      <object_component id="oc-126">
         <name>.debug_frame</name>
         <load_address>0xf59</load_address>
         <run_address>0xf59</run_address>
         <size>0x224</size>
         <input_file_ref idref="fl-55"/>
      </object_component>
      <object_component id="oc-16">
         <name>.debug_line</name>
         <load_address>0x0</load_address>
         <run_address>0x0</run_address>
         <size>0x1be</size>
         <input_file_ref idref="fl-2"/>
      </object_component>
      <object_component id="oc-1e">
         <name>.debug_line</name>
         <load_address>0x1be</load_address>
         <run_address>0x1be</run_address>
         <size>0x8b</size>
         <input_file_ref idref="fl-3"/>
      </object_component>
      <object_component id="oc-23">
         <name>.debug_line</name>
         <load_address>0x249</load_address>
         <run_address>0x249</run_address>
         <size>0x5f</size>
         <input_file_ref idref="fl-1c"/>
      </object_component>
      <object_component id="oc-27">
         <name>.debug_line</name>
         <load_address>0x2a8</load_address>
         <run_address>0x2a8</run_address>
         <size>0x54</size>
         <input_file_ref idref="fl-1d"/>
      </object_component>
      <object_component id="oc-32">
         <name>.debug_line</name>
         <load_address>0x2fc</load_address>
         <run_address>0x2fc</run_address>
         <size>0x51</size>
         <input_file_ref idref="fl-1f"/>
      </object_component>
      <object_component id="oc-36">
         <name>.debug_line</name>
         <load_address>0x34d</load_address>
         <run_address>0x34d</run_address>
         <size>0x5b</size>
         <input_file_ref idref="fl-20"/>
      </object_component>
      <object_component id="oc-3a">
         <name>.debug_line</name>
         <load_address>0x3a8</load_address>
         <run_address>0x3a8</run_address>
         <size>0x6a</size>
         <input_file_ref idref="fl-21"/>
      </object_component>
      <object_component id="oc-3e">
         <name>.debug_line</name>
         <load_address>0x412</load_address>
         <run_address>0x412</run_address>
         <size>0x56</size>
         <input_file_ref idref="fl-22"/>
      </object_component>
      <object_component id="oc-43">
         <name>.debug_line</name>
         <load_address>0x468</load_address>
         <run_address>0x468</run_address>
         <size>0xa8</size>
         <input_file_ref idref="fl-23"/>
      </object_component>
      <object_component id="oc-49">
         <name>.debug_line</name>
         <load_address>0x510</load_address>
         <run_address>0x510</run_address>
         <size>0x1b0</size>
         <input_file_ref idref="fl-24"/>
      </object_component>
      <object_component id="oc-4d">
         <name>.debug_line</name>
         <load_address>0x6c0</load_address>
         <run_address>0x6c0</run_address>
         <size>0x4d</size>
         <input_file_ref idref="fl-25"/>
      </object_component>
      <object_component id="oc-51">
         <name>.debug_line</name>
         <load_address>0x70d</load_address>
         <run_address>0x70d</run_address>
         <size>0x69</size>
         <input_file_ref idref="fl-26"/>
      </object_component>
      <object_component id="oc-56">
         <name>.debug_line</name>
         <load_address>0x776</load_address>
         <run_address>0x776</run_address>
         <size>0x15d</size>
         <input_file_ref idref="fl-27"/>
      </object_component>
      <object_component id="oc-5c">
         <name>.debug_line</name>
         <load_address>0x8d3</load_address>
         <run_address>0x8d3</run_address>
         <size>0x6a</size>
         <input_file_ref idref="fl-28"/>
      </object_component>
      <object_component id="oc-60">
         <name>.debug_line</name>
         <load_address>0x93d</load_address>
         <run_address>0x93d</run_address>
         <size>0x37</size>
         <input_file_ref idref="fl-29"/>
      </object_component>
      <object_component id="oc-64">
         <name>.debug_line</name>
         <load_address>0x974</load_address>
         <run_address>0x974</run_address>
         <size>0x57</size>
         <input_file_ref idref="fl-2a"/>
      </object_component>
      <object_component id="oc-6a">
         <name>.debug_line</name>
         <load_address>0x9cb</load_address>
         <run_address>0x9cb</run_address>
         <size>0x57</size>
         <input_file_ref idref="fl-2b"/>
      </object_component>
      <object_component id="oc-70">
         <name>.debug_line</name>
         <load_address>0xa22</load_address>
         <run_address>0xa22</run_address>
         <size>0x328</size>
         <input_file_ref idref="fl-2c"/>
      </object_component>
      <object_component id="oc-74">
         <name>.debug_line</name>
         <load_address>0xd4a</load_address>
         <run_address>0xd4a</run_address>
         <size>0x41</size>
         <input_file_ref idref="fl-2d"/>
      </object_component>
      <object_component id="oc-78">
         <name>.debug_line</name>
         <load_address>0xd8b</load_address>
         <run_address>0xd8b</run_address>
         <size>0x46</size>
         <input_file_ref idref="fl-2e"/>
      </object_component>
      <object_component id="oc-7c">
         <name>.debug_line</name>
         <load_address>0xdd1</load_address>
         <run_address>0xdd1</run_address>
         <size>0x55</size>
         <input_file_ref idref="fl-2f"/>
      </object_component>
      <object_component id="oc-80">
         <name>.debug_line</name>
         <load_address>0xe26</load_address>
         <run_address>0xe26</run_address>
         <size>0xad</size>
         <input_file_ref idref="fl-30"/>
      </object_component>
      <object_component id="oc-86">
         <name>.debug_line</name>
         <load_address>0xed3</load_address>
         <run_address>0xed3</run_address>
         <size>0x5b</size>
         <input_file_ref idref="fl-32"/>
      </object_component>
      <object_component id="oc-8a">
         <name>.debug_line</name>
         <load_address>0xf2e</load_address>
         <run_address>0xf2e</run_address>
         <size>0x44</size>
         <input_file_ref idref="fl-33"/>
      </object_component>
      <object_component id="oc-8e">
         <name>.debug_line</name>
         <load_address>0xf72</load_address>
         <run_address>0xf72</run_address>
         <size>0x3d</size>
         <input_file_ref idref="fl-34"/>
      </object_component>
      <object_component id="oc-92">
         <name>.debug_line</name>
         <load_address>0xfaf</load_address>
         <run_address>0xfaf</run_address>
         <size>0x3d</size>
         <input_file_ref idref="fl-35"/>
      </object_component>
      <object_component id="oc-97">
         <name>.debug_line</name>
         <load_address>0xfec</load_address>
         <run_address>0xfec</run_address>
         <size>0x44</size>
         <input_file_ref idref="fl-36"/>
      </object_component>
      <object_component id="oc-9b">
         <name>.debug_line</name>
         <load_address>0x1030</load_address>
         <run_address>0x1030</run_address>
         <size>0x40</size>
         <input_file_ref idref="fl-37"/>
      </object_component>
      <object_component id="oc-9f">
         <name>.debug_line</name>
         <load_address>0x1070</load_address>
         <run_address>0x1070</run_address>
         <size>0x3c</size>
         <input_file_ref idref="fl-38"/>
      </object_component>
      <object_component id="oc-a3">
         <name>.debug_line</name>
         <load_address>0x10ac</load_address>
         <run_address>0x10ac</run_address>
         <size>0x38</size>
         <input_file_ref idref="fl-39"/>
      </object_component>
      <object_component id="oc-a7">
         <name>.debug_line</name>
         <load_address>0x10e4</load_address>
         <run_address>0x10e4</run_address>
         <size>0xa8</size>
         <input_file_ref idref="fl-3a"/>
      </object_component>
      <object_component id="oc-ab">
         <name>.debug_line</name>
         <load_address>0x118c</load_address>
         <run_address>0x118c</run_address>
         <size>0x3c</size>
         <input_file_ref idref="fl-3b"/>
      </object_component>
      <object_component id="oc-af">
         <name>.debug_line</name>
         <load_address>0x11c8</load_address>
         <run_address>0x11c8</run_address>
         <size>0x40</size>
         <input_file_ref idref="fl-3c"/>
      </object_component>
      <object_component id="oc-b3">
         <name>.debug_line</name>
         <load_address>0x1208</load_address>
         <run_address>0x1208</run_address>
         <size>0x3c</size>
         <input_file_ref idref="fl-3d"/>
      </object_component>
      <object_component id="oc-b7">
         <name>.debug_line</name>
         <load_address>0x1244</load_address>
         <run_address>0x1244</run_address>
         <size>0x3c</size>
         <input_file_ref idref="fl-3e"/>
      </object_component>
      <object_component id="oc-bb">
         <name>.debug_line</name>
         <load_address>0x1280</load_address>
         <run_address>0x1280</run_address>
         <size>0x37</size>
         <input_file_ref idref="fl-3f"/>
      </object_component>
      <object_component id="oc-bf">
         <name>.debug_line</name>
         <load_address>0x12b7</load_address>
         <run_address>0x12b7</run_address>
         <size>0x3c</size>
         <input_file_ref idref="fl-40"/>
      </object_component>
      <object_component id="oc-c3">
         <name>.debug_line</name>
         <load_address>0x12f3</load_address>
         <run_address>0x12f3</run_address>
         <size>0x44</size>
         <input_file_ref idref="fl-41"/>
      </object_component>
      <object_component id="oc-c7">
         <name>.debug_line</name>
         <load_address>0x1337</load_address>
         <run_address>0x1337</run_address>
         <size>0x3f</size>
         <input_file_ref idref="fl-42"/>
      </object_component>
      <object_component id="oc-cb">
         <name>.debug_line</name>
         <load_address>0x1376</load_address>
         <run_address>0x1376</run_address>
         <size>0x37</size>
         <input_file_ref idref="fl-43"/>
      </object_component>
      <object_component id="oc-cf">
         <name>.debug_line</name>
         <load_address>0x13ad</load_address>
         <run_address>0x13ad</run_address>
         <size>0x58</size>
         <input_file_ref idref="fl-44"/>
      </object_component>
      <object_component id="oc-d3">
         <name>.debug_line</name>
         <load_address>0x1405</load_address>
         <run_address>0x1405</run_address>
         <size>0x5c</size>
         <input_file_ref idref="fl-45"/>
      </object_component>
      <object_component id="oc-d7">
         <name>.debug_line</name>
         <load_address>0x1461</load_address>
         <run_address>0x1461</run_address>
         <size>0x3c</size>
         <input_file_ref idref="fl-46"/>
      </object_component>
      <object_component id="oc-dd">
         <name>.debug_line</name>
         <load_address>0x149d</load_address>
         <run_address>0x149d</run_address>
         <size>0xd7</size>
         <input_file_ref idref="fl-47"/>
      </object_component>
      <object_component id="oc-e1">
         <name>.debug_line</name>
         <load_address>0x1574</load_address>
         <run_address>0x1574</run_address>
         <size>0x3a</size>
         <input_file_ref idref="fl-48"/>
      </object_component>
      <object_component id="oc-e8">
         <name>.debug_line</name>
         <load_address>0x15ae</load_address>
         <run_address>0x15ae</run_address>
         <size>0x112</size>
         <input_file_ref idref="fl-49"/>
      </object_component>
      <object_component id="oc-ec">
         <name>.debug_line</name>
         <load_address>0x16c0</load_address>
         <run_address>0x16c0</run_address>
         <size>0x3d</size>
         <input_file_ref idref="fl-4a"/>
      </object_component>
      <object_component id="oc-f0">
         <name>.debug_line</name>
         <load_address>0x16fd</load_address>
         <run_address>0x16fd</run_address>
         <size>0x39</size>
         <input_file_ref idref="fl-4b"/>
      </object_component>
      <object_component id="oc-f5">
         <name>.debug_line</name>
         <load_address>0x1736</load_address>
         <run_address>0x1736</run_address>
         <size>0x86</size>
         <input_file_ref idref="fl-4c"/>
      </object_component>
      <object_component id="oc-fb">
         <name>.debug_line</name>
         <load_address>0x17bc</load_address>
         <run_address>0x17bc</run_address>
         <size>0xa3</size>
         <input_file_ref idref="fl-4d"/>
      </object_component>
      <object_component id="oc-100">
         <name>.debug_line</name>
         <load_address>0x185f</load_address>
         <run_address>0x185f</run_address>
         <size>0xab</size>
         <input_file_ref idref="fl-4e"/>
      </object_component>
      <object_component id="oc-106">
         <name>.debug_line</name>
         <load_address>0x190a</load_address>
         <run_address>0x190a</run_address>
         <size>0xea</size>
         <input_file_ref idref="fl-4f"/>
      </object_component>
      <object_component id="oc-10b">
         <name>.debug_line</name>
         <load_address>0x19f4</load_address>
         <run_address>0x19f4</run_address>
         <size>0xa9</size>
         <input_file_ref idref="fl-50"/>
      </object_component>
      <object_component id="oc-10f">
         <name>.debug_line</name>
         <load_address>0x1a9d</load_address>
         <run_address>0x1a9d</run_address>
         <size>0xac</size>
         <input_file_ref idref="fl-51"/>
      </object_component>
      <object_component id="oc-115">
         <name>.debug_line</name>
         <load_address>0x1b49</load_address>
         <run_address>0x1b49</run_address>
         <size>0x850</size>
         <input_file_ref idref="fl-52"/>
      </object_component>
      <object_component id="oc-11c">
         <name>.debug_line</name>
         <load_address>0x2399</load_address>
         <run_address>0x2399</run_address>
         <size>0x960</size>
         <input_file_ref idref="fl-53"/>
      </object_component>
      <object_component id="oc-122">
         <name>.debug_line</name>
         <load_address>0x2cf9</load_address>
         <run_address>0x2cf9</run_address>
         <size>0x981</size>
         <input_file_ref idref="fl-54"/>
      </object_component>
      <object_component id="oc-127">
         <name>.debug_line</name>
         <load_address>0x367a</load_address>
         <run_address>0x367a</run_address>
         <size>0x7dc</size>
         <input_file_ref idref="fl-55"/>
      </object_component>
      <object_component id="oc-17">
         <name>.debug_abbrev</name>
         <load_address>0x0</load_address>
         <run_address>0x0</run_address>
         <size>0x1b1</size>
         <input_file_ref idref="fl-2"/>
      </object_component>
      <object_component id="oc-1f">
         <name>.debug_abbrev</name>
         <load_address>0x1b1</load_address>
         <run_address>0x1b1</run_address>
         <size>0x15c</size>
         <input_file_ref idref="fl-3"/>
      </object_component>
      <object_component id="oc-24">
         <name>.debug_abbrev</name>
         <load_address>0x30d</load_address>
         <run_address>0x30d</run_address>
         <size>0x114</size>
         <input_file_ref idref="fl-1c"/>
      </object_component>
      <object_component id="oc-28">
         <name>.debug_abbrev</name>
         <load_address>0x421</load_address>
         <run_address>0x421</run_address>
         <size>0x3a</size>
         <input_file_ref idref="fl-1d"/>
      </object_component>
      <object_component id="oc-2c">
         <name>.debug_abbrev</name>
         <load_address>0x45b</load_address>
         <run_address>0x45b</run_address>
         <size>0x83</size>
         <input_file_ref idref="fl-1e"/>
      </object_component>
      <object_component id="oc-33">
         <name>.debug_abbrev</name>
         <load_address>0x4de</load_address>
         <run_address>0x4de</run_address>
         <size>0xf7</size>
         <input_file_ref idref="fl-1f"/>
      </object_component>
      <object_component id="oc-37">
         <name>.debug_abbrev</name>
         <load_address>0x5d5</load_address>
         <run_address>0x5d5</run_address>
         <size>0x136</size>
         <input_file_ref idref="fl-20"/>
      </object_component>
      <object_component id="oc-3b">
         <name>.debug_abbrev</name>
         <load_address>0x70b</load_address>
         <run_address>0x70b</run_address>
         <size>0x123</size>
         <input_file_ref idref="fl-21"/>
      </object_component>
      <object_component id="oc-3f">
         <name>.debug_abbrev</name>
         <load_address>0x82e</load_address>
         <run_address>0x82e</run_address>
         <size>0x103</size>
         <input_file_ref idref="fl-22"/>
      </object_component>
      <object_component id="oc-44">
         <name>.debug_abbrev</name>
         <load_address>0x931</load_address>
         <run_address>0x931</run_address>
         <size>0x140</size>
         <input_file_ref idref="fl-23"/>
      </object_component>
      <object_component id="oc-4a">
         <name>.debug_abbrev</name>
         <load_address>0xa71</load_address>
         <run_address>0xa71</run_address>
         <size>0x225</size>
         <input_file_ref idref="fl-24"/>
      </object_component>
      <object_component id="oc-4e">
         <name>.debug_abbrev</name>
         <load_address>0xc96</load_address>
         <run_address>0xc96</run_address>
         <size>0x38</size>
         <input_file_ref idref="fl-25"/>
      </object_component>
      <object_component id="oc-52">
         <name>.debug_abbrev</name>
         <load_address>0xcce</load_address>
         <run_address>0xcce</run_address>
         <size>0x145</size>
         <input_file_ref idref="fl-26"/>
      </object_component>
      <object_component id="oc-57">
         <name>.debug_abbrev</name>
         <load_address>0xe13</load_address>
         <run_address>0xe13</run_address>
         <size>0x15a</size>
         <input_file_ref idref="fl-27"/>
      </object_component>
      <object_component id="oc-5d">
         <name>.debug_abbrev</name>
         <load_address>0xf6d</load_address>
         <run_address>0xf6d</run_address>
         <size>0xde</size>
         <input_file_ref idref="fl-28"/>
      </object_component>
      <object_component id="oc-61">
         <name>.debug_abbrev</name>
         <load_address>0x104b</load_address>
         <run_address>0x104b</run_address>
         <size>0x26</size>
         <input_file_ref idref="fl-29"/>
      </object_component>
      <object_component id="oc-65">
         <name>.debug_abbrev</name>
         <load_address>0x1071</load_address>
         <run_address>0x1071</run_address>
         <size>0xd1</size>
         <input_file_ref idref="fl-2a"/>
      </object_component>
      <object_component id="oc-6b">
         <name>.debug_abbrev</name>
         <load_address>0x1142</load_address>
         <run_address>0x1142</run_address>
         <size>0x9f</size>
         <input_file_ref idref="fl-2b"/>
      </object_component>
      <object_component id="oc-71">
         <name>.debug_abbrev</name>
         <load_address>0x11e1</load_address>
         <run_address>0x11e1</run_address>
         <size>0x1f8</size>
         <input_file_ref idref="fl-2c"/>
      </object_component>
      <object_component id="oc-75">
         <name>.debug_abbrev</name>
         <load_address>0x13d9</load_address>
         <run_address>0x13d9</run_address>
         <size>0xec</size>
         <input_file_ref idref="fl-2d"/>
      </object_component>
      <object_component id="oc-79">
         <name>.debug_abbrev</name>
         <load_address>0x14c5</load_address>
         <run_address>0x14c5</run_address>
         <size>0xd5</size>
         <input_file_ref idref="fl-2e"/>
      </object_component>
      <object_component id="oc-7d">
         <name>.debug_abbrev</name>
         <load_address>0x159a</load_address>
         <run_address>0x159a</run_address>
         <size>0x44</size>
         <input_file_ref idref="fl-2f"/>
      </object_component>
      <object_component id="oc-81">
         <name>.debug_abbrev</name>
         <load_address>0x15de</load_address>
         <run_address>0x15de</run_address>
         <size>0xb7</size>
         <input_file_ref idref="fl-30"/>
      </object_component>
      <object_component id="oc-83">
         <name>.debug_abbrev</name>
         <load_address>0x1695</load_address>
         <run_address>0x1695</run_address>
         <size>0x68</size>
         <input_file_ref idref="fl-31"/>
      </object_component>
      <object_component id="oc-87">
         <name>.debug_abbrev</name>
         <load_address>0x16fd</load_address>
         <run_address>0x16fd</run_address>
         <size>0x112</size>
         <input_file_ref idref="fl-32"/>
      </object_component>
      <object_component id="oc-8b">
         <name>.debug_abbrev</name>
         <load_address>0x180f</load_address>
         <run_address>0x180f</run_address>
         <size>0xb5</size>
         <input_file_ref idref="fl-33"/>
      </object_component>
      <object_component id="oc-8f">
         <name>.debug_abbrev</name>
         <load_address>0x18c4</load_address>
         <run_address>0x18c4</run_address>
         <size>0x8f</size>
         <input_file_ref idref="fl-34"/>
      </object_component>
      <object_component id="oc-93">
         <name>.debug_abbrev</name>
         <load_address>0x1953</load_address>
         <run_address>0x1953</run_address>
         <size>0xb7</size>
         <input_file_ref idref="fl-35"/>
      </object_component>
      <object_component id="oc-98">
         <name>.debug_abbrev</name>
         <load_address>0x1a0a</load_address>
         <run_address>0x1a0a</run_address>
         <size>0xc2</size>
         <input_file_ref idref="fl-36"/>
      </object_component>
      <object_component id="oc-9c">
         <name>.debug_abbrev</name>
         <load_address>0x1acc</load_address>
         <run_address>0x1acc</run_address>
         <size>0x9a</size>
         <input_file_ref idref="fl-37"/>
      </object_component>
      <object_component id="oc-a0">
         <name>.debug_abbrev</name>
         <load_address>0x1b66</load_address>
         <run_address>0x1b66</run_address>
         <size>0xd1</size>
         <input_file_ref idref="fl-38"/>
      </object_component>
      <object_component id="oc-a4">
         <name>.debug_abbrev</name>
         <load_address>0x1c37</load_address>
         <run_address>0x1c37</run_address>
         <size>0xd0</size>
         <input_file_ref idref="fl-39"/>
      </object_component>
      <object_component id="oc-a8">
         <name>.debug_abbrev</name>
         <load_address>0x1d07</load_address>
         <run_address>0x1d07</run_address>
         <size>0xb7</size>
         <input_file_ref idref="fl-3a"/>
      </object_component>
      <object_component id="oc-ac">
         <name>.debug_abbrev</name>
         <load_address>0x1dbe</load_address>
         <run_address>0x1dbe</run_address>
         <size>0x38</size>
         <input_file_ref idref="fl-3b"/>
      </object_component>
      <object_component id="oc-b0">
         <name>.debug_abbrev</name>
         <load_address>0x1df6</load_address>
         <run_address>0x1df6</run_address>
         <size>0xec</size>
         <input_file_ref idref="fl-3c"/>
      </object_component>
      <object_component id="oc-b4">
         <name>.debug_abbrev</name>
         <load_address>0x1ee2</load_address>
         <run_address>0x1ee2</run_address>
         <size>0xb7</size>
         <input_file_ref idref="fl-3d"/>
      </object_component>
      <object_component id="oc-b8">
         <name>.debug_abbrev</name>
         <load_address>0x1f99</load_address>
         <run_address>0x1f99</run_address>
         <size>0xdc</size>
[...]
         <name>__TI_args_main</name>
         <value>0x1</value>
      </symbol>
      <symbol id="sm-1b5">
         <name>_atoi</name>
         <value>0x26759</value>
         <object_component_ref idref="oc-76"/>
      </symbol>
      <symbol id="sm-1bd">
         <name>_auto_init</name>
         <value>0x26859</value>
         <object_component_ref idref="oc-7a"/>
      </symbol>
      <symbol id="sm-1c7">
         <name>__eqld</name>
         <value>0x25714</value>
         <object_component_ref idref="oc-7e"/>
      </symbol>
      <symbol id="sm-1c8">
         <name>__cmpd</name>
         <value>0x25748</value>
         <object_component_ref idref="oc-7e"/>
      </symbol>
      <symbol id="sm-1c9">
         <name>__neqd</name>
         <value>0x255b6</value>
         <object_component_ref idref="oc-7e"/>
      </symbol>
      <symbol id="sm-1ca">
         <name>__gtrd</name>
         <value>0x2567f</value>
         <object_component_ref idref="oc-7e"/>
      </symbol>
      <symbol id="sm-1cb">
         <name>__geqd</name>
         <value>0x256ca</value>
         <object_component_ref idref="oc-7e"/>
      </symbol>
      <symbol id="sm-1cc">
         <name>__leqd</name>
         <value>0x25632</value>
         <object_component_ref idref="oc-7e"/>
      </symbol>
      <symbol id="sm-1cd">
         <name>__lssd</name>
         <value>0x255ea</value>
         <object_component_ref idref="oc-7e"/>
      </symbol>
      <symbol id="sm-1d5">
         <name>__ctypes_</name>
         <value>0x55f0</value>
         <object_component_ref idref="oc-12b"/>
      </symbol>
      <symbol id="sm-1e1">
         <name>__divd</name>
         <value>0x24ab3</value>
         <object_component_ref idref="oc-84"/>
      </symbol>
      <symbol id="sm-1ec">
         <name>__divul</name>
         <value>0x260b9</value>
         <object_component_ref idref="oc-88"/>
      </symbol>
      <symbol id="sm-1f6">
         <name>__fixdi</name>
         <value>0x26af4</value>
         <object_component_ref idref="oc-8c"/>
      </symbol>
      <symbol id="sm-200">
         <name>__fixdli</name>
         <value>0x2653e</value>
         <object_component_ref idref="oc-90"/>
      </symbol>
      <symbol id="sm-20c">
         <name>__fltlid</name>
         <value>0x266f2</value>
         <object_component_ref idref="oc-94"/>
      </symbol>
      <symbol id="sm-216">
         <name>__frcmpyd_div</name>
         <value>0x26459</value>
         <object_component_ref idref="oc-99"/>
      </symbol>
      <symbol id="sm-220">
         <name>_fseek</name>
         <value>0x26687</value>
         <object_component_ref idref="oc-9d"/>
      </symbol>
      <symbol id="sm-22a">
         <name>___isinf</name>
         <value>0x26b6b</value>
         <object_component_ref idref="oc-a1"/>
      </symbol>
      <symbol id="sm-234">
         <name>__divull</name>
         <value>0x25233</value>
         <object_component_ref idref="oc-a5"/>
      </symbol>
      <symbol id="sm-235">
         <name>__mpylli</name>
         <value>0x2517b</value>
         <object_component_ref idref="oc-a5"/>
      </symbol>
      <symbol id="sm-236">
         <name>__remlli</name>
         <value>0x2514c</value>
         <object_component_ref idref="oc-a5"/>
      </symbol>
      <symbol id="sm-237">
         <name>__divlli</name>
         <value>0x25327</value>
         <object_component_ref idref="oc-a5"/>
      </symbol>
      <symbol id="sm-238">
         <name>__remull</name>
         <value>0x250fe</value>
         <object_component_ref idref="oc-a5"/>
      </symbol>
      <symbol id="sm-240">
         <name>__mpyli</name>
         <value>0x26b99</value>
         <object_component_ref idref="oc-a9"/>
      </symbol>
      <symbol id="sm-241">
         <name>I$$LMPY</name>
         <value>0x26b99</value>
         <object_component_ref idref="oc-a9"/>
      </symbol>
      <symbol id="sm-24b">
         <name>_ltoa</name>
         <value>0x26274</value>
         <object_component_ref idref="oc-ad"/>
      </symbol>
      <symbol id="sm-256">
         <name>_memccpy</name>
         <value>0x26b48</value>
         <object_component_ref idref="oc-b1"/>
      </symbol>
      <symbol id="sm-260">
         <name>__mpyd</name>
         <value>0x25a81</value>
         <object_component_ref idref="oc-b5"/>
      </symbol>
      <symbol id="sm-26a">
         <name>__negd</name>
         <value>0x26bbe</value>
         <object_component_ref idref="oc-b9"/>
      </symbol>
      <symbol id="sm-274">
         <name>__remli</name>
         <value>0x268f1</value>
         <object_component_ref idref="oc-bd"/>
      </symbol>
      <symbol id="sm-27f">
         <name>__remul</name>
         <value>0x264cc</value>
         <object_component_ref idref="oc-c1"/>
      </symbol>
      <symbol id="sm-289">
         <name>_setvbuf</name>
         <value>0x25cd4</value>
         <object_component_ref idref="oc-c5"/>
      </symbol>
      <symbol id="sm-293">
         <name>__subd</name>
         <value>0x26b85</value>
         <object_component_ref idref="oc-c9"/>
      </symbol>
      <symbol id="sm-29b">
         <name>__remu</name>
         <value>0x26b33</value>
         <object_component_ref idref="oc-cd"/>
      </symbol>
      <symbol id="sm-29c">
         <name>__divu</name>
         <value>0x26b1e</value>
         <object_component_ref idref="oc-cd"/>
      </symbol>
      <symbol id="sm-29d">
         <name>I$$UMOD</name>
         <value>0x26b33</value>
         <object_component_ref idref="oc-cd"/>
      </symbol>
      <symbol id="sm-29e">
         <name>I$$UDIV</name>
         <value>0x26b1e</value>
         <object_component_ref idref="oc-cd"/>
      </symbol>
      <symbol id="sm-2a8">
         <name>__addd</name>
         <value>0x2535c</value>
         <object_component_ref idref="oc-d1"/>
      </symbol>
      <symbol id="sm-2b2">
         <name>__divli</name>
         <value>0x26986</value>
         <object_component_ref idref="oc-d5"/>
      </symbol>
      <symbol id="sm-2c1">
         <name>__cleanup</name>
         <value>0x24fa0</value>
         <object_component_ref idref="oc-d9"/>
      </symbol>
      <symbol id="sm-2c2">
         <name>_fopen</name>
         <value>0x250c3</value>
         <object_component_ref idref="oc-d9"/>
      </symbol>
      <symbol id="sm-2c3">
         <name>_freopen</name>
         <value>0x24ffa</value>
         <object_component_ref idref="oc-d9"/>
      </symbol>
      <symbol id="sm-2cd">
         <name>__frcmpyd</name>
         <value>0x263e3</value>
         <object_component_ref idref="oc-df"/>
      </symbol>
      <symbol id="sm-2dd">
         <name>__sys_memory</name>
         <value>0x30c0</value>
         <object_component_ref idref="oc-e7"/>
      </symbol>
      <symbol id="sm-2de">
         <name>_chkheap</name>
         <value>0x246a6</value>
         <object_component_ref idref="oc-e3"/>
      </symbol>
      <symbol id="sm-2df">
         <name>_realloc</name>
         <value>0x24445</value>
         <object_component_ref idref="oc-e3"/>
      </symbol>
      <symbol id="sm-2e0">
         <name>_free_memory</name>
         <value>0x24650</value>
         <object_component_ref idref="oc-e3"/>
      </symbol>
      <symbol id="sm-2e1">
         <name>_max_free</name>
         <value>0x245f6</value>
         <object_component_ref idref="oc-e3"/>
      </symbol>
      <symbol id="sm-2e2">
         <name>_free</name>
         <value>0x2421f</value>
         <object_component_ref idref="oc-e3"/>
      </symbol>
      <symbol id="sm-2e3">
         <name>_calloc</name>
         <value>0x246ae</value>
         <object_component_ref idref="oc-e3"/>
      </symbol>
      <symbol id="sm-2e4">
         <name>_malloc</name>
         <value>0x24350</value>
         <object_component_ref idref="oc-e3"/>
      </symbol>
      <symbol id="sm-2e5">
         <name>_minit</name>
         <value>0x242eb</value>
         <object_component_ref idref="oc-e3"/>
      </symbol>
      <symbol id="sm-2ef">
         <name>_fclose</name>
         <value>0x262f1</value>
         <object_component_ref idref="oc-ea"/>
      </symbol>
      <symbol id="sm-2f9">
         <name>_remove</name>
         <value>0x26bce</value>
         <object_component_ref idref="oc-ee"/>
      </symbol>
      <symbol id="sm-307">
         <name>_USBSTK5505_waitusec</name>
         <value>0x267e9</value>
         <object_component_ref idref="oc-f2"/>
      </symbol>
      <symbol id="sm-308">
         <name>_USBSTK5505_wait</name>
         <value>0x267b5</value>
         <object_component_ref idref="oc-f2"/>
      </symbol>
      <symbol id="sm-309">
         <name>_USBSTK5505_init</name>
         <value>0x267fb</value>
         <object_component_ref idref="oc-f2"/>
      </symbol>
      <symbol id="sm-315">
         <name>_USBSTK5505_GPIO_setOutput</name>
         <value>0x263ab</value>
         <object_component_ref idref="oc-f7"/>
      </symbol>
      <symbol id="sm-316">
         <name>_USBSTK5505_GPIO_init</name>
         <value>0x2636c</value>
         <object_component_ref idref="oc-f7"/>
      </symbol>
      <symbol id="sm-317">
         <name>_USBSTK5505_GPIO_setDirection</name>
         <value>0x26387</value>
         <object_component_ref idref="oc-f7"/>
      </symbol>
      <symbol id="sm-318">
         <name>_USBSTK5505_GPIO_getInput</name>
         <value>0x263c5</value>
         <object_component_ref idref="oc-f7"/>
      </symbol>
      <symbol id="sm-319">
         <name>_GpioObj</name>
         <value>0x5f20</value>
         <object_component_ref idref="oc-f8"/>
      </symbol>
      <symbol id="sm-31a">
         <name>_hGpio</name>
         <value>0x5f24</value>
         <object_component_ref idref="oc-f8"/>
      </symbol>
      <symbol id="sm-324">
         <name>_USBSTK5505_I2C_reset</name>
         <value>0x2618f</value>
         <object_component_ref idref="oc-fd"/>
      </symbol>
      <symbol id="sm-325">
         <name>_USBSTK5505_I2C_read</name>
         <value>0x261c0</value>
         <object_component_ref idref="oc-fd"/>
      </symbol>
      <symbol id="sm-326">
         <name>_USBSTK5505_I2C_write</name>
         <value>0x2619a</value>
         <object_component_ref idref="oc-fd"/>
      </symbol>
      <symbol id="sm-327">
         <name>_USBSTK5505_I2C_init</name>
         <value>0x2615a</value>
         <object_component_ref idref="oc-fd"/>
      </symbol>
      <symbol id="sm-33b">
         <name>_USBSTK5505_I2S_writeRight</name>
         <value>0x25ca6</value>
         <object_component_ref idref="oc-102"/>
      </symbol>
      <symbol id="sm-33c">
         <name>_USBSTK5505_I2S_readLeft</name>
         <value>0x25c26</value>
         <object_component_ref idref="oc-102"/>
      </symbol>
      <symbol id="sm-33d">
         <name>_USBSTK5505_I2S_readRight</name>
         <value>0x25c85</value>
         <object_component_ref idref="oc-102"/>
      </symbol>
      <symbol id="sm-33e">
         <name>_USBSTK5505_I2S_close</name>
         <value>0x25cc2</value>
         <object_component_ref idref="oc-102"/>
      </symbol>
      <symbol id="sm-33f">
         <name>_USBSTK5505_I2S_writeLeft</name>
         <value>0x25c58</value>
         <object_component_ref idref="oc-102"/>
      </symbol>
      <symbol id="sm-340">
         <name>_USBSTK5505_I2S_init</name>
         <value>0x25bcd</value>
         <object_component_ref idref="oc-102"/>
      </symbol>
      <symbol id="sm-341">
         <name>_hI2s</name>
         <value>0x5f28</value>
         <object_component_ref idref="oc-103"/>
      </symbol>
      <symbol id="sm-38b">
         <name>RST</name>
         <value>0x4fe00</value>
         <object_component_ref idref="oc-109"/>
      </symbol>
      <symbol id="sm-38c">
         <name>_VECSTART</name>
         <value>0x4fe00</value>
         <object_component_ref idref="oc-109"/>
      </symbol>
      <symbol id="sm-397">
         <name>_IRQ_plug</name>
         <value>0x261e8</value>
         <object_component_ref idref="oc-10d"/>
      </symbol>
      <symbol id="sm-3d2">
         <name>_IRQ_getConfig</name>
         <value>0x23407</value>
         <object_component_ref idref="oc-111"/>
      </symbol>
      <symbol id="sm-3d3">
         <name>_IRQ_clearAll</name>
         <value>0x23364</value>
         <object_component_ref idref="oc-111"/>
      </symbol>
      <symbol id="sm-3d4">
         <name>_IRQ_globalEnable</name>
         <value>0x23787</value>
         <object_component_ref idref="oc-111"/>
      </symbol>
      <symbol id="sm-3d5">
         <name>_IRQ_getArg</name>
         <value>0x23620</value>
         <object_component_ref idref="oc-111"/>
      </symbol>
      <symbol id="sm-3d6">
         <name>_IRQ_restore</name>
         <value>0x235b0</value>
         <object_component_ref idref="oc-111"/>
      </symbol>
      <symbol id="sm-3d7">
         <name>_IRQ_map</name>
         <value>0x23699</value>
         <object_component_ref idref="oc-111"/>
      </symbol>
      <symbol id="sm-3d8">
         <name>_IRQ_config</name>
         <value>0x23374</value>
         <object_component_ref idref="oc-111"/>
      </symbol>
      <symbol id="sm-3d9">
         <name>_IRQ_disable</name>
         <value>0x2349a</value>
         <object_component_ref idref="oc-111"/>
      </symbol>
      <symbol id="sm-3da">
         <name>_IRQ_test</name>
         <value>0x236fc</value>
         <object_component_ref idref="oc-111"/>
      </symbol>
      <symbol id="sm-3db">
         <name>_IRQ_enable</name>
         <value>0x23526</value>
         <object_component_ref idref="oc-111"/>
      </symbol>
      <symbol id="sm-3dc">
         <name>_IRQ_globalRestore</name>
         <value>0x237a0</value>
         <object_component_ref idref="oc-111"/>
      </symbol>
      <symbol id="sm-3dd">
         <name>_IRQ_setVecs</name>
         <value>0x236cb</value>
         <object_component_ref idref="oc-111"/>
      </symbol>
      <symbol id="sm-3de">
         <name>_IRQ_globalDisable</name>
         <value>0x2376e</value>
         <object_component_ref idref="oc-111"/>
      </symbol>
      <symbol id="sm-3df">
         <name>_IRQ_disableAll</name>
         <value>0x23518</value>
         <object_component_ref idref="oc-111"/>
      </symbol>
      <symbol id="sm-3e0">
         <name>_IRQ_init</name>
         <value>0x23260</value>
         <object_component_ref idref="oc-111"/>
      </symbol>
      <symbol id="sm-3e1">
         <name>_IRQ_setArg</name>
         <value>0x23666</value>
         <object_component_ref idref="oc-111"/>
      </symbol>
      <symbol id="sm-3e2">
         <name>_IRQ_clear</name>
         <value>0x232fa</value>
         <object_component_ref idref="oc-111"/>
      </symbol>
      <symbol id="sm-487">
         <name>_I2S_write</name>
         <value>0x22981</value>
         <object_component_ref idref="oc-117"/>
      </symbol>
      <symbol id="sm-488">
         <name>_I2S_read</name>
         <value>0x226c7</value>
         <object_component_ref idref="oc-117"/>
      </symbol>
      <symbol id="sm-489">
         <name>_I2S_close</name>
         <value>0x22615</value>
         <object_component_ref idref="oc-117"/>
      </symbol>
      <symbol id="sm-48a">
         <name>_ouError</name>
         <value>0x5eb0</value>
         <object_component_ref idref="oc-118"/>
      </symbol>
      <symbol id="sm-48b">
         <name>_I2S_reset</name>
         <value>0x22ad7</value>
         <object_component_ref idref="oc-117"/>
      </symbol>
      <symbol id="sm-48c">
         <name>_I2S_setup</name>
         <value>0x22327</value>
         <object_component_ref idref="oc-117"/>
      </symbol>
      <symbol id="sm-48d">
         <name>_fsError</name>
         <value>0x5eae</value>
         <object_component_ref idref="oc-118"/>
      </symbol>
      <symbol id="sm-48e">
         <name>_I2S_open</name>
         <value>0x221e0</value>
         <object_component_ref idref="oc-117"/>
      </symbol>
      <symbol id="sm-48f">
         <name>_I2S_transEnable</name>
         <value>0x22b88</value>
         <object_component_ref idref="oc-117"/>
      </symbol>
      <symbol id="sm-50c">
         <name>_I2C_eventEnable</name>
         <value>0x21ee4</value>
         <object_component_ref idref="oc-11e"/>
      </symbol>
      <symbol id="sm-50d">
         <name>_I2C_setCallback</name>
         <value>0x22137</value>
         <object_component_ref idref="oc-11e"/>
      </symbol>
      <symbol id="sm-50e">
         <name>_I2C_init</name>
         <value>0x215a4</value>
         <object_component_ref idref="oc-11e"/>
      </symbol>
      <symbol id="sm-50f">
         <name>_I2C_config</name>
         <value>0x2164d</value>
         <object_component_ref idref="oc-11e"/>
      </symbol>
      <symbol id="sm-510">
         <name>_gI2cObj</name>
         <value>0x5ee0</value>
         <object_component_ref idref="oc-11f"/>
      </symbol>
      <symbol id="sm-511">
         <name>_I2C_getConfig</name>
         <value>0x217b2</value>
         <object_component_ref idref="oc-11e"/>
      </symbol>
      <symbol id="sm-512">
         <name>_I2C_setup</name>
         <value>0x21888</value>
         <object_component_ref idref="oc-11e"/>
      </symbol>
      <symbol id="sm-513">
         <name>_I2C_write</name>
         <value>0x21a82</value>
         <object_component_ref idref="oc-11e"/>
      </symbol>
      <symbol id="sm-514">
         <name>_I2C_read</name>
         <value>0x21cc6</value>
         <object_component_ref idref="oc-11e"/>
      </symbol>
      <symbol id="sm-515">
         <name>_I2C_eventDisable</name>
         <value>0x22018</value>
         <object_component_ref idref="oc-11e"/>
      </symbol>
      <symbol id="sm-516">
         <name>_I2C_getEventId</name>
         <value>0x221c4</value>
         <object_component_ref idref="oc-11e"/>
      </symbol>
      <symbol id="sm-517">
         <name>_i2cHandle</name>
         <value>0x5f00</value>
         <object_component_ref idref="oc-11f"/>
      </symbol>
      <symbol id="sm-55c">
         <name>_GPIO_write</name>
         <value>0x22dcb</value>
         <object_component_ref idref="oc-124"/>
      </symbol>
      <symbol id="sm-55d">
         <name>_GPIO_read</name>
         <value>0x22d48</value>
         <object_component_ref idref="oc-124"/>
      </symbol>
      <symbol id="sm-55e">
         <name>_GPIO_close</name>
         <value>0x22c17</value>
         <object_component_ref idref="oc-124"/>
      </symbol>
      <symbol id="sm-55f">
         <name>_GPIO_enableInt</name>
         <value>0x23034</value>
         <object_component_ref idref="oc-124"/>
      </symbol>
      <symbol id="sm-560">
         <name>_GPIO_clearInt</name>
         <value>0x230be</value>
         <object_component_ref idref="oc-124"/>
      </symbol>
      <symbol id="sm-561">
         <name>_GPIO_statusBit</name>
         <value>0x2314a</value>
         <object_component_ref idref="oc-124"/>
      </symbol>
      <symbol id="sm-562">
         <name>_GPIO_configBit</name>
         <value>0x22e6e</value>
         <object_component_ref idref="oc-124"/>
      </symbol>
      <symbol id="sm-563">
         <name>_GPIO_reset</name>
         <value>0x231d1</value>
         <object_component_ref idref="oc-124"/>
      </symbol>
      <symbol id="sm-564">
         <name>_GPIO_getConfig</name>
         <value>0x22cc0</value>
         <object_component_ref idref="oc-124"/>
      </symbol>
      <symbol id="sm-565">
         <name>_GPIO_disableInt</name>
         <value>0x22fb6</value>
         <object_component_ref idref="oc-124"/>
      </symbol>
      <symbol id="sm-566">
         <name>_GPIO_config</name>
         <value>0x22c3b</value>
         <object_component_ref idref="oc-124"/>
      </symbol>
      <symbol id="sm-567">
         <name>_GPIO_open</name>
         <value>0x22bd3</value>
         <object_component_ref idref="oc-124"/>
      </symbol>
   </symbol_table>
</link_info>
